Archive member included to satisfy reference by file (symbol)

c:/progra~2/armgnu~1/125863~1.3re/bin/../lib/gcc/arm-none-eabi/12.3.1/thumb/v7e-m/nofp\libstdc++.a(atexit_arm.o)
                              CMakeFiles/Fruit.elf.dir/Core/Src/RoboMain.cpp.obj (__aeabi_atexit)
c:/progra~2/armgnu~1/125863~1.3re/bin/../lib/gcc/arm-none-eabi/12.3.1/thumb/v7e-m/nofp\libstdc++.a(del_ops.o)
                              CMakeFiles/Fruit.elf.dir/Core/Src/Spin.cpp.obj (operator delete(void*, unsigned int))
c:/progra~2/armgnu~1/125863~1.3re/bin/../lib/gcc/arm-none-eabi/12.3.1/thumb/v7e-m/nofp\libstdc++.a(eh_arm.o)
                              CMakeFiles/Fruit.elf.dir/Core/Src/Spin.cpp.obj (__cxa_end_cleanup)
c:/progra~2/armgnu~1/125863~1.3re/bin/../lib/gcc/arm-none-eabi/12.3.1/thumb/v7e-m/nofp\libstdc++.a(eh_exception.o)
                              c:/progra~2/armgnu~1/125863~1.3re/bin/../lib/gcc/arm-none-eabi/12.3.1/thumb/v7e-m/nofp\libstdc++.a(eh_arm.o) (typeinfo for __cxxabiv1::__forced_unwind)
c:/progra~2/armgnu~1/125863~1.3re/bin/../lib/gcc/arm-none-eabi/12.3.1/thumb/v7e-m/nofp\libstdc++.a(eh_globals.o)
                              c:/progra~2/armgnu~1/125863~1.3re/bin/../lib/gcc/arm-none-eabi/12.3.1/thumb/v7e-m/nofp\libstdc++.a(eh_arm.o) (__cxa_get_globals)
c:/progra~2/armgnu~1/125863~1.3re/bin/../lib/gcc/arm-none-eabi/12.3.1/thumb/v7e-m/nofp\libstdc++.a(eh_personality.o)
                              CMakeFiles/Fruit.elf.dir/Core/Src/Spin.cpp.obj (__gxx_personality_v0)
c:/progra~2/armgnu~1/125863~1.3re/bin/../lib/gcc/arm-none-eabi/12.3.1/thumb/v7e-m/nofp\libstdc++.a(eh_terminate.o)
                              c:/progra~2/armgnu~1/125863~1.3re/bin/../lib/gcc/arm-none-eabi/12.3.1/thumb/v7e-m/nofp\libstdc++.a(eh_arm.o) (std::terminate())
c:/progra~2/armgnu~1/125863~1.3re/bin/../lib/gcc/arm-none-eabi/12.3.1/thumb/v7e-m/nofp\libstdc++.a(eh_unex_handler.o)
                              c:/progra~2/armgnu~1/125863~1.3re/bin/../lib/gcc/arm-none-eabi/12.3.1/thumb/v7e-m/nofp\libstdc++.a(eh_terminate.o) (__cxxabiv1::__unexpected_handler)
c:/progra~2/armgnu~1/125863~1.3re/bin/../lib/gcc/arm-none-eabi/12.3.1/thumb/v7e-m/nofp\libstdc++.a(new_op.o)
                              CMakeFiles/Fruit.elf.dir/Core/Src/Spin.cpp.obj (operator new(unsigned int))
c:/progra~2/armgnu~1/125863~1.3re/bin/../lib/gcc/arm-none-eabi/12.3.1/thumb/v7e-m/nofp\libstdc++.a(si_class_type_info.o)
                              c:/progra~2/armgnu~1/125863~1.3re/bin/../lib/gcc/arm-none-eabi/12.3.1/thumb/v7e-m/nofp\libstdc++.a(eh_exception.o) (vtable for __cxxabiv1::__si_class_type_info)
c:/progra~2/armgnu~1/125863~1.3re/bin/../lib/gcc/arm-none-eabi/12.3.1/thumb/v7e-m/nofp\libstdc++.a(tinfo.o)
                              c:/progra~2/armgnu~1/125863~1.3re/bin/../lib/gcc/arm-none-eabi/12.3.1/thumb/v7e-m/nofp\libstdc++.a(si_class_type_info.o) (std::type_info::__is_pointer_p() const)
c:/progra~2/armgnu~1/125863~1.3re/bin/../lib/gcc/arm-none-eabi/12.3.1/thumb/v7e-m/nofp\libstdc++.a(vterminate.o)
                              c:/progra~2/armgnu~1/125863~1.3re/bin/../lib/gcc/arm-none-eabi/12.3.1/thumb/v7e-m/nofp\libstdc++.a(eh_terminate.o) (__gnu_cxx::__verbose_terminate_handler())
c:/progra~2/armgnu~1/125863~1.3re/bin/../lib/gcc/arm-none-eabi/12.3.1/thumb/v7e-m/nofp\libstdc++.a(functexcept.o)
                              CMakeFiles/Fruit.elf.dir/Core/Src/Spin.cpp.obj (std::__throw_bad_alloc())
c:/progra~2/armgnu~1/125863~1.3re/bin/../lib/gcc/arm-none-eabi/12.3.1/thumb/v7e-m/nofp\libstdc++.a(snprintf_lite.o)
                              c:/progra~2/armgnu~1/125863~1.3re/bin/../lib/gcc/arm-none-eabi/12.3.1/thumb/v7e-m/nofp\libstdc++.a(functexcept.o) (__gnu_cxx::__snprintf_lite(char*, unsigned int, char const*, std::__va_list))
c:/progra~2/armgnu~1/125863~1.3re/bin/../lib/gcc/arm-none-eabi/12.3.1/thumb/v7e-m/nofp\libstdc++.a(bad_alloc.o)
                              c:/progra~2/armgnu~1/125863~1.3re/bin/../lib/gcc/arm-none-eabi/12.3.1/thumb/v7e-m/nofp\libstdc++.a(new_op.o) (vtable for std::bad_alloc)
c:/progra~2/armgnu~1/125863~1.3re/bin/../lib/gcc/arm-none-eabi/12.3.1/thumb/v7e-m/nofp\libstdc++.a(bad_array_new.o)
                              c:/progra~2/armgnu~1/125863~1.3re/bin/../lib/gcc/arm-none-eabi/12.3.1/thumb/v7e-m/nofp\libstdc++.a(functexcept.o) (vtable for std::bad_array_new_length)
c:/progra~2/armgnu~1/125863~1.3re/bin/../lib/gcc/arm-none-eabi/12.3.1/thumb/v7e-m/nofp\libstdc++.a(bad_cast.o)
                              c:/progra~2/armgnu~1/125863~1.3re/bin/../lib/gcc/arm-none-eabi/12.3.1/thumb/v7e-m/nofp\libstdc++.a(functexcept.o) (vtable for std::bad_cast)
c:/progra~2/armgnu~1/125863~1.3re/bin/../lib/gcc/arm-none-eabi/12.3.1/thumb/v7e-m/nofp\libstdc++.a(bad_typeid.o)
                              c:/progra~2/armgnu~1/125863~1.3re/bin/../lib/gcc/arm-none-eabi/12.3.1/thumb/v7e-m/nofp\libstdc++.a(functexcept.o) (vtable for std::bad_typeid)
[...]
Memory Configuration

Name             Origin             Length             Attributes
CCMRAM           0x10000000         0x00010000         xrw
RAM              0x20000000         0x00020000         xrw
FLASH            0x08000000         0x00100000         xr
*default*        0x00000000         0xffffffff

Linker script and memory map

LOAD c:/progra~2/armgnu~1/125863~1.3re/bin/../lib/gcc/arm-none-eabi/12.3.1/thumb/v7e-m/nofp/crti.o
LOAD c:/progra~2/armgnu~1/125863~1.3re/bin/../lib/gcc/arm-none-eabi/12.3.1/thumb/v7e-m/nofp/crtbegin.o
LOAD c:/progra~2/armgnu~1/125863~1.3re/bin/../lib/gcc/arm-none-eabi/12.3.1/thumb/v7e-m/nofp/crt0.o
LOAD CMakeFiles/Fruit.elf.dir/Core/Src/RoboMain.cpp.obj
LOAD CMakeFiles/Fruit.elf.dir/Core/Src/Servo.cpp.obj
LOAD CMakeFiles/Fruit.elf.dir/Core/Src/Spin.cpp.obj
LOAD CMakeFiles/Fruit.elf.dir/Core/Src/dma.c.obj
LOAD CMakeFiles/Fruit.elf.dir/Core/Src/gpio.c.obj
LOAD CMakeFiles/Fruit.elf.dir/Core/Src/imu.cpp.obj
LOAD CMakeFiles/Fruit.elf.dir/Core/Src/main.c.obj
LOAD CMakeFiles/Fruit.elf.dir/Core/Src/motion.cpp.obj
LOAD CMakeFiles/Fruit.elf.dir/Core/Src/motor.cpp.obj
LOAD CMakeFiles/Fruit.elf.dir/Core/Src/pid.cpp.obj
LOAD CMakeFiles/Fruit.elf.dir/Core/Src/stm32f4xx_hal_msp.c.obj
LOAD CMakeFiles/Fruit.elf.dir/Core/Src/stm32f4xx_it.c.obj
LOAD CMakeFiles/Fruit.elf.dir/Core/Src/syscalls.c.obj
LOAD CMakeFiles/Fruit.elf.dir/Core/Src/sysmem.c.obj
LOAD CMakeFiles/Fruit.elf.dir/Core/Src/system_stm32f4xx.c.obj
LOAD CMakeFiles/Fruit.elf.dir/Core/Src/tim.c.obj
LOAD CMakeFiles/Fruit.elf.dir/Core/Src/usart.c.obj
LOAD CMakeFiles/Fruit.elf.dir/Core/Startup/startup_stm32f407zgtx.s.obj
LOAD CMakeFiles/Fruit.elf.dir/Drivers/STM32F4xx_HAL_Driver/Src/stm32f4xx_hal.c.obj
LOAD CMakeFiles/Fruit.elf.dir/Drivers/STM32F4xx_HAL_Driver/Src/stm32f4xx_hal_cortex.c.obj
LOAD CMakeFiles/Fruit.elf.dir/Drivers/STM32F4xx_HAL_Driver/Src/stm32f4xx_hal_dma.c.obj
LOAD CMakeFiles/Fruit.elf.dir/Drivers/STM32F4xx_HAL_Driver/Src/stm32f4xx_hal_dma_ex.c.obj
LOAD CMakeFiles/Fruit.elf.dir/Drivers/STM32F4xx_HAL_Driver/Src/stm32f4xx_hal_exti.c.obj
LOAD CMakeFiles/Fruit.elf.dir/Drivers/STM32F4xx_HAL_Driver/Src/stm32f4xx_hal_flash.c.obj
LOAD CMakeFiles/Fruit.elf.dir/Drivers/STM32F4xx_HAL_Driver/Src/stm32f4xx_hal_flash_ex.c.obj
LOAD CMakeFiles/Fruit.elf.dir/Drivers/STM32F4xx_HAL_Driver/Src/stm32f4xx_hal_flash_ramfunc.c.obj
LOAD CMakeFiles/Fruit.elf.dir/Drivers/STM32F4xx_HAL_Driver/Src/stm32f4xx_hal_gpio.c.obj
LOAD CMakeFiles/Fruit.elf.dir/Drivers/STM32F4xx_HAL_Driver/Src/stm32f4xx_hal_pwr.c.obj
LOAD CMakeFiles/Fruit.elf.dir/Drivers/STM32F4xx_HAL_Driver/Src/stm32f4xx_hal_pwr_ex.c.obj
LOAD CMakeFiles/Fruit.elf.dir/Drivers/STM32F4xx_HAL_Driver/Src/stm32f4xx_hal_rcc.c.obj
LOAD CMakeFiles/Fruit.elf.dir/Drivers/STM32F4xx_HAL_Driver/Src/stm32f4xx_hal_rcc_ex.c.obj
LOAD CMakeFiles/Fruit.elf.dir/Drivers/STM32F4xx_HAL_Driver/Src/stm32f4xx_hal_tim.c.obj
LOAD CMakeFiles/Fruit.elf.dir/Drivers/STM32F4xx_HAL_Driver/Src/stm32f4xx_hal_tim_ex.c.obj
LOAD CMakeFiles/Fruit.elf.dir/Drivers/STM32F4xx_HAL_Driver/Src/stm32f4xx_hal_uart.c.obj
LOAD c:/progra~2/armgnu~1/125863~1.3re/bin/../lib/gcc/arm-none-eabi/12.3.1/thumb/v7e-m/nofp\libstdc++.a
LOAD c:/progra~2/armgnu~1/125863~1.3re/bin/../lib/gcc/arm-none-eabi/12.3.1/thumb/v7e-m/nofp\libm.a
START GROUP
LOAD c:/progra~2/armgnu~1/125863~1.3re/bin/../lib/gcc/arm-none-eabi/12.3.1/thumb/v7e-m/nofp\libgcc.a
LOAD c:/progra~2/armgnu~1/125863~1.3re/bin/../lib/gcc/arm-none-eabi/12.3.1/thumb/v7e-m/nofp\libg.a
LOAD c:/progra~2/armgnu~1/125863~1.3re/bin/../lib/gcc/arm-none-eabi/12.3.1/thumb/v7e-m/nofp\libc.a
END GROUP
LOAD c:/progra~2/armgnu~1/125863~1.3re/bin/../lib/gcc/arm-none-eabi/12.3.1/thumb/v7e-m/nofp/crtend.o
LOAD c:/progra~2/armgnu~1/125863~1.3re/bin/../lib/gcc/arm-none-eabi/12.3.1/thumb/v7e-m/nofp/crtn.o
                0x20020000                        _estack = (ORIGIN (RAM) + LENGTH (RAM))
                0x00000200                        _Min_Heap_Size = 0x200
                0x00000400                        _Min_Stack_Size = 0x400

.isr_vector     0x08000000      0x188
                0x08000000                        . = ALIGN (0x4)
 *(.isr_vector)
 .isr_vector    0x08000000      0x188 CMakeFiles/Fruit.elf.dir/Core/Startup/startup_stm32f407zgtx.s.obj
                0x08000000                g_pfnVectors
                0x08000188                        . = ALIGN (0x4)

.text           0x080001c0    0x1b034
                0x080001c0                        . = ALIGN (0x4)
 *(.text)
 .text          0x080001c0      0x378 c:/progra~2/armgnu~1/125863~1.3re/bin/../lib/gcc/arm-none-eabi/12.3.1/thumb/v7e-m/nofp\libgcc.a(_arm_addsubdf3.o)
                0x080001c0                __aeabi_drsub
                0x080001c8                __aeabi_dsub
                0x080001c8                __subdf3
                0x080001cc                __aeabi_dadd
                0x080001cc                __adddf3
                0x08000444                __floatunsidf
                0x08000444                __aeabi_ui2d
                0x08000464                __floatsidf
                0x08000464                __aeabi_i2d
                0x08000488                __aeabi_f2d
                0x08000488                __extendsfdf2
                0x080004cc                __floatundidf
                0x080004cc                __aeabi_ul2d
                0x080004dc                __floatdidf
                0x080004dc                __aeabi_l2d
 .text          0x08000538      0x424 c:/progra~2/armgnu~1/125863~1.3re/bin/../lib/gcc/arm-none-eabi/12.3.1/thumb/v7e-m/nofp\libgcc.a(_arm_muldivdf3.o)
                0x08000538                __aeabi_dmul
                0x08000538                __muldf3
                0x0800078c                __divdf3
                0x0800078c                __aeabi_ddiv
 .text          0x0800095c      0x110 c:/progra~2/armgnu~1/125863~1.3re/bin/../lib/gcc/arm-none-eabi/12.3.1/thumb/v7e-m/nofp\libgcc.a(_arm_cmpdf2.o)
                0x0800095c                __gtdf2
                0x0800095c                __gedf2
                0x08000964                __ltdf2
                0x08000964                __ledf2
                0x0800096c                __nedf2
                0x0800096c                __eqdf2
                0x0800096c                __cmpdf2
                0x080009e8                __aeabi_cdrcmple
                0x080009f8                __aeabi_cdcmpeq
                0x080009f8                __aeabi_cdcmple
                0x08000a08                __aeabi_dcmpeq
                0x08000a1c                __aeabi_dcmplt
                0x08000a30                __aeabi_dcmple
                0x08000a44                __aeabi_dcmpge
                0x08000a58                __aeabi_dcmpgt
 .text          0x08000a6c       0x2c c:/progra~2/armgnu~1/125863~1.3re/bin/../lib/gcc/arm-none-eabi/12.3.1/thumb/v7e-m/nofp\libgcc.a(_arm_unorddf2.o)
                0x08000a6c                __unorddf2
                0x08000a6c                __aeabi_dcmpun
 .text          0x08000a98       0x50 c:/progra~2/armgnu~1/125863~1.3re/bin/../lib/gcc/arm-none-eabi/12.3.1/thumb/v7e-m/nofp\libgcc.a(_arm_fixdfsi.o)
                0x08000a98                __aeabi_d2iz
                0x08000a98                __fixdfsi
 .text          0x08000ae8       0x40 c:/progra~2/armgnu~1/125863~1.3re/bin/../lib/gcc/arm-none-eabi/12.3.1/thumb/v7e-m/nofp\libgcc.a(_arm_fixunsdfsi.o)
                0x08000ae8                __aeabi_d2uiz
                0x08000ae8                __fixunsdfsi
 .text          0x08000b28       0x30 c:/progra~2/armgnu~1/125863~1.3re/bin/../lib/gcc/arm-none-eabi/12.3.1/thumb/v7e-m/nofp\libgcc.a(_aeabi_uldivmod.o)
                0x08000b28                __aeabi_uldivmod
 .text          0x08000b58      0x1ac c:/progra~2/armgnu~1/125863~1.3re/bin/../lib/gcc/arm-none-eabi/12.3.1/thumb/v7e-m/nofp\libgcc.a(libunwind.o)
                0x08000b58                __restore_core_regs
                0x08000b58                restore_core_regs
                0x08000b70                __gnu_Unwind_Restore_VFP
                0x08000b78                __gnu_Unwind_Save_VFP
                0x08000b80                __gnu_Unwind_Restore_VFP_D
                0x08000b88                __gnu_Unwind_Save_VFP_D
                0x08000b90                __gnu_Unwind_Restore_VFP_D_16_to_31
                0x08000b98                __gnu_Unwind_Save_VFP_D_16_to_31
                0x08000ba0                __gnu_Unwind_Restore_WMMXD
                0x08000be4                __gnu_Unwind_Save_WMMXD
                0x08000c28                __gnu_Unwind_Restore_WMMXC
                0x08000c3c                __gnu_Unwind_Save_WMMXC
                0x08000c50                ___Unwind_RaiseException
                0x08000c50                _Unwind_RaiseException
                0x08000c74                _Unwind_Resume
                0x08000c74                ___Unwind_Resume
                0x08000c98                _Unwind_Resume_or_Rethrow
                0x08000c98                ___Unwind_Resume_or_Rethrow
                0x08000cbc                _Unwind_ForcedUnwind
                0x08000cbc                ___Unwind_ForcedUnwind
                0x08000ce0                ___Unwind_Backtrace
                0x08000ce0                _Unwind_Backtrace
 .text          0x08000d04        0x4 c:/progra~2/armgnu~1/125863~1.3re/bin/../lib/gcc/arm-none-eabi/12.3.1/thumb/v7e-m/nofp\libgcc.a(_dvmd_tls.o)
                0x08000d04                __aeabi_idiv0
                0x08000d04                __aeabi_ldiv0
 *fill*         0x08000d08       0x18 
 .text          0x08000d20      0x2e0 c:/progra~2/armgnu~1/125863~1.3re/bin/../lib/gcc/arm-none-eabi/12.3.1/thumb/v7e-m/nofp\libg.a(libc_a-strcmp.o)
                0x08000d20                strcmp
 .text          0x08001000       0xa0 c:/progra~2/armgnu~1/125863~1.3re/bin/../lib/gcc/arm-none-eabi/12.3.1/thumb/v7e-m/nofp\libg.a(libc_a-memchr.o)
                0x08001000                memchr
 .text          0x080010a0      0x134 c:/progra~2/armgnu~1/125863~1.3re/bin/../lib/gcc/arm-none-eabi/12.3.1/thumb/v7e-m/nofp\libg.a(libc_a-memcpy.o)
                0x080010a0                memcpy
 *fill*         0x080011d4       0x2c 
 .text          0x08001200       0xd8 c:/progra~2/armgnu~1/125863~1.3re/bin/../lib/gcc/arm-none-eabi/12.3.1/thumb/v7e-m/nofp\libg.a(libc_a-strlen.o)
                0x08001200                strlen
 .text          0x080012d8       0xa0 c:/progra~2/armgnu~1/125863~1.3re/bin/../lib/gcc/arm-none-eabi/12.3.1/thumb/v7e-m/nofp\libgcc.a(_arm_truncdfsf2.o)
                0x080012d8                __truncdfsf2
                0x080012d8                __aeabi_d2f
 *(.text*)
 .text.deregister_tm_clones
                0x08001378       0x1c c:/progra~2/armgnu~1/125863~1.3re/bin/../lib/gcc/arm-none-eabi/12.3.1/thumb/v7e-m/nofp/crtbegin.o
 .text.register_tm_clones
                0x08001394       0x24 c:/progra~2/armgnu~1/125863~1.3re/bin/../lib/gcc/arm-none-eabi/12.3.1/thumb/v7e-m/nofp/crtbegin.o
 .text.__do_global_dtors_aux
                0x080013b8       0x28 c:/progra~2/armgnu~1/125863~1.3re/bin/../lib/gcc/arm-none-eabi/12.3.1/thumb/v7e-m/nofp/crtbegin.o
 .text.frame_dummy
                0x080013e0       0x24 c:/progra~2/armgnu~1/125863~1.3re/bin/../lib/gcc/arm-none-eabi/12.3.1/thumb/v7e-m/nofp/crtbegin.o
 .text.motorCallbackLF
                0x08001404      0x164 CMakeFiles/Fruit.elf.dir/Core/Src/RoboMain.cpp.obj
                0x08001404                motorCallbackLF
 .text.motorCallbackLB
                0x08001568      0x164 CMakeFiles/Fruit.elf.dir/Core/Src/RoboMain.cpp.obj
                0x08001568                motorCallbackLB
 .text.motorCallbackRF
                0x080016cc      0x164 CMakeFiles/Fruit.elf.dir/Core/Src/RoboMain.cpp.obj
                0x080016cc                motorCallbackRF
 .text.motorCallbackRB
                0x08001830      0x164 CMakeFiles/Fruit.elf.dir/Core/Src/RoboMain.cpp.obj
                0x08001830                motorCallbackRB
 .text.PwmServoCallback1
                0x08001994       0x70 CMakeFiles/Fruit.elf.dir/Core/Src/RoboMain.cpp.obj
                0x08001994                PwmServoCallback1
 .text.PwmServoCallback2
                0x08001a04       0x70 CMakeFiles/Fruit.elf.dir/Core/Src/RoboMain.cpp.obj
                0x08001a04                PwmServoCallback2
 *fill*         0x08001a74        0x4 
 .text._Z41__static_initialization_and_destruction_0ii
                0x08001a78      0x1a0 CMakeFiles/Fruit.elf.dir/Core/Src/RoboMain.cpp.obj
 .text.RobotInit
                0x08001c18      0x1e0 CMakeFiles/Fruit.elf.dir/Core/Src/RoboMain.cpp.obj
                0x08001c18                RobotInit
 .text.RoboTick
                0x08001df8       0x88 CMakeFiles/Fruit.elf.dir/Core/Src/RoboMain.cpp.obj
                0x08001df8                RoboTick
 .text.RobotMoveForward
                0x08001e80       0x40 CMakeFiles/Fruit.elf.dir/Core/Src/RoboMain.cpp.obj
                0x08001e80                RobotMoveForward
 .text.RobotSpinNinety
                0x08001ec0       0x18 CMakeFiles/Fruit.elf.dir/Core/Src/RoboMain.cpp.obj
                0x08001ec0                RobotSpinNinety
 .text.RobotInitServo
                0x08001ed8       0x24 CMakeFiles/Fruit.elf.dir/Core/Src/RoboMain.cpp.obj
                0x08001ed8                RobotInitServo
 *fill*         0x08001efc        0x4 
 .text.RobotArmMiddle
                0x08001f00       0xac CMakeFiles/Fruit.elf.dir/Core/Src/RoboMain.cpp.obj
                0x08001f00                RobotArmMiddle
 *fill*         0x08001fac        0x4 
 .text.RobotArmMiddleBehind
                0x08001fb0       0xa4 CMakeFiles/Fruit.elf.dir/Core/Src/RoboMain.cpp.obj
                0x08001fb0                RobotArmMiddleBehind
 .text.HAL_UART_RxCpltCallback
                0x08002054       0xb0 CMakeFiles/Fruit.elf.dir/Core/Src/RoboMain.cpp.obj
                0x08002054                HAL_UART_RxCpltCallback
 .text.RobotBeginVoice
                0x08002104       0x88 CMakeFiles/Fruit.elf.dir/Core/Src/RoboMain.cpp.obj
                0x08002104                RobotBeginVoice
 .text.RobotReceivedFruitVoice
                0x0800218c       0x6c CMakeFiles/Fruit.elf.dir/Core/Src/RoboMain.cpp.obj
                0x0800218c                RobotReceivedFruitVoice
 .text.RobotGrabRightUp
                0x080021f8      0x3d8 CMakeFiles/Fruit.elf.dir/Core/Src/RoboMain.cpp.obj
                0x080021f8                RobotGrabRightUp
 .text.RobotGrabLeftUp
                0x080025d0      0x408 CMakeFiles/Fruit.elf.dir/Core/Src/RoboMain.cpp.obj
                0x080025d0                RobotGrabLeftUp
 .text.RobotReceivedVegetableVoice
                0x080029d8       0x6c CMakeFiles/Fruit.elf.dir/Core/Src/RoboMain.cpp.obj
                0x080029d8                RobotReceivedVegetableVoice
 *fill*         0x08002a44        0x4 
 .text.RobotGrabRightGround
                0x08002a48      0x3d0 CMakeFiles/Fruit.elf.dir/Core/Src/RoboMain.cpp.obj
                0x08002a48                RobotGrabRightGround
 .text.RobotGrabLeftGround
                0x08002e18      0x3d8 CMakeFiles/Fruit.elf.dir/Core/Src/RoboMain.cpp.obj
                0x08002e18                RobotGrabLeftGround
 .text.RoboAllMove
                0x080031f0      0x148 CMakeFiles/Fruit.elf.dir/Core/Src/RoboMain.cpp.obj
                0x080031f0                RoboAllMove
 .text._GLOBAL__sub_I_amount_of_fruits
                0x08003338        0xe CMakeFiles/Fruit.elf.dir/Core/Src/RoboMain.cpp.obj
 .text._ZN5ServoC2E9ServoTypeddi
                0x08003346       0x2c CMakeFiles/Fruit.elf.dir/Core/Src/Servo.cpp.obj
                0x08003346                Servo::Servo(ServoType, double, double, int)
                0x08003346                Servo::Servo(ServoType, double, double, int)
 .text._ZN5ServoD2Ev
                0x08003372        0x2 CMakeFiles/Fruit.elf.dir/Core/Src/Servo.cpp.obj
                0x08003372                Servo::~Servo()
                0x08003372                Servo::~Servo()
 .text._ZN5Servo8GetAngleEv
                0x08003374        0x6 CMakeFiles/Fruit.elf.dir/Core/Src/Servo.cpp.obj
                0x08003374                Servo::GetAngle()
 .text._ZN5Servo11SetCallbackEPFvddE
                0x0800337a        0x4 CMakeFiles/Fruit.elf.dir/Core/Src/Servo.cpp.obj
                0x0800337a                Servo::SetCallback(void (*)(double, double))
 *fill*         0x0800337e        0x2 
 .text._ZN5Servo14PwmCommitAngleEdi
                0x08003380       0x6c CMakeFiles/Fruit.elf.dir/Core/Src/Servo.cpp.obj
                0x08003380                Servo::PwmCommitAngle(double, int)
 .text.doubleToHexBytes
                0x080033ec       0x16 CMakeFiles/Fruit.elf.dir/Core/Src/Servo.cpp.obj
                0x080033ec                doubleToHexBytes
 .text.calculateChecksum
                0x08003402       0x22 CMakeFiles/Fruit.elf.dir/Core/Src/Servo.cpp.obj
                0x08003402                calculateChecksum
 *fill*         0x08003424        0x4 
 .text._ZN5Servo15MoveBusServoCmdEdd
                0x08003428       0xd0 CMakeFiles/Fruit.elf.dir/Core/Src/Servo.cpp.obj
                0x08003428                Servo::MoveBusServoCmd(double, double)
 .text._ZSt25__unguarded_linear_insertIN9__gnu_cxx17__normal_iteratorIPSt4pairIddESt6vectorIS3_SaIS3_EEEENS0_5__ops14_Val_comp_iterIZN3RDK9RobotSpin7spin_toEdEUlRKT_RKT0_E_EEEvSD_SG_
                0x080034f8       0x4c CMakeFiles/Fruit.elf.dir/Core/Src/Spin.cpp.obj
 .text._ZSt26__unguarded_insertion_sortIN9__gnu_cxx17__normal_iteratorIPSt4pairIddESt6vectorIS3_SaIS3_EEEENS0_5__ops15_Iter_comp_iterIZN3RDK9RobotSpin7spin_toEdEUlRKT_RKT0_E_EEEvSD_SD_SG_
                0x08003544       0x1a CMakeFiles/Fruit.elf.dir/Core/Src/Spin.cpp.obj
 .text._ZSt11__push_heapIN9__gnu_cxx17__normal_iteratorIPSt4pairIddESt6vectorIS3_SaIS3_EEEEiS3_NS0_5__ops14_Iter_comp_valIZN3RDK9RobotSpin7spin_toEdEUlRKT_RKT0_E_EEEvSD_SG_SG_T1_RT2_
                0x0800355e       0x62 CMakeFiles/Fruit.elf.dir/Core/Src/Spin.cpp.obj
 .text._ZSt13__adjust_heapIN9__gnu_cxx17__normal_iteratorIPSt4pairIddESt6vectorIS3_SaIS3_EEEEiS3_NS0_5__ops15_Iter_comp_iterIZN3RDK9RobotSpin7spin_toEdEUlRKT_RKT0_E_EEEvSD_SG_SG_T1_T2_
                0x080035c0       0xac CMakeFiles/Fruit.elf.dir/Core/Src/Spin.cpp.obj
 .text._ZSt11__make_heapIN9__gnu_cxx17__normal_iteratorIPSt4pairIddESt6vectorIS3_SaIS3_EEEENS0_5__ops15_Iter_comp_iterIZN3RDK9RobotSpin7spin_toEdEUlRKT_RKT0_E_EEEvSD_SD_RSG_
                0x0800366c       0x4c CMakeFiles/Fruit.elf.dir/Core/Src/Spin.cpp.obj
 .text._ZSt10__pop_heapIN9__gnu_cxx17__normal_iteratorIPSt4pairIddESt6vectorIS3_SaIS3_EEEENS0_5__ops15_Iter_comp_iterIZN3RDK9RobotSpin7spin_toEdEUlRKT_RKT0_E_EEEvSD_SD_SD_RSG_
                0x080036b8       0x44 CMakeFiles/Fruit.elf.dir/Core/Src/Spin.cpp.obj
 .text._ZSt13__heap_selectIN9__gnu_cxx17__normal_iteratorIPSt4pairIddESt6vectorIS3_SaIS3_EEEENS0_5__ops15_Iter_comp_iterIZN3RDK9RobotSpin7spin_toEdEUlRKT_RKT0_E_EEEvSD_SD_SD_SG_
                0x080036fc       0x48 CMakeFiles/Fruit.elf.dir/Core/Src/Spin.cpp.obj
 .text._ZSt11__sort_heapIN9__gnu_cxx17__normal_iteratorIPSt4pairIddESt6vectorIS3_SaIS3_EEEENS0_5__ops15_Iter_comp_iterIZN3RDK9RobotSpin7spin_toEdEUlRKT_RKT0_E_EEEvSD_SD_RSG_
                0x08003744       0x20 CMakeFiles/Fruit.elf.dir/Core/Src/Spin.cpp.obj
 .text._ZSt14__partial_sortIN9__gnu_cxx17__normal_iteratorIPSt4pairIddESt6vectorIS3_SaIS3_EEEENS0_5__ops15_Iter_comp_iterIZN3RDK9RobotSpin7spin_toEdEUlRKT_RKT0_E_EEEvSD_SD_SD_SG_
                0x08003764       0x20 CMakeFiles/Fruit.elf.dir/Core/Src/Spin.cpp.obj
 .text._ZN3RDK9RobotSpinC2Ev
                0x08003784       0x54 CMakeFiles/Fruit.elf.dir/Core/Src/Spin.cpp.obj
                0x08003784                RDK::RobotSpin::RobotSpin()
                0x08003784                RDK::RobotSpin::RobotSpin()
 .text._ZN3RDK9RobotSpinD2Ev
                0x080037d8        0xc CMakeFiles/Fruit.elf.dir/Core/Src/Spin.cpp.obj
                0x080037d8                RDK::RobotSpin::~RobotSpin()
                0x080037d8                RDK::RobotSpin::~RobotSpin()
 *fill*         0x080037e4        0x4 
 .text._ZN3RDK9RobotSpin19get_current_headingEv
                0x080037e8       0x64 CMakeFiles/Fruit.elf.dir/Core/Src/Spin.cpp.obj
                0x080037e8                RDK::RobotSpin::get_current_heading()
 .text._ZN3RDK9RobotSpin4stopEv
                0x0800384c       0x10 CMakeFiles/Fruit.elf.dir/Core/Src/Spin.cpp.obj
                0x0800384c                RDK::RobotSpin::stop()
 .text._ZN3RDK9RobotSpin13GetNowHeadingEv
                0x0800385c        0x8 CMakeFiles/Fruit.elf.dir/Core/Src/Spin.cpp.obj
                0x0800385c                RDK::RobotSpin::GetNowHeading()
 .text._ZN3RDK9RobotSpin12set_lr_speedEdd
                0x08003864       0x20 CMakeFiles/Fruit.elf.dir/Core/Src/Spin.cpp.obj
                0x08003864                RDK::RobotSpin::set_lr_speed(double, double)
 .text._ZN3RDK9RobotSpin10LinkMotionEPNS_14TwoWheelMotionE
                0x08003884        0x6 CMakeFiles/Fruit.elf.dir/Core/Src/Spin.cpp.obj
                0x08003884                RDK::RobotSpin::LinkMotion(RDK::TwoWheelMotion*)
 .text._ZN3RDK9RobotSpin18SetEncodingMotorLFEPNS_13EncodingMotorE
                0x0800388a        0x6 CMakeFiles/Fruit.elf.dir/Core/Src/Spin.cpp.obj
                0x0800388a                RDK::RobotSpin::SetEncodingMotorLF(RDK::EncodingMotor*)
 .text._ZN3RDK9RobotSpin18SetEncodingMotorLBEPNS_13EncodingMotorE
                0x08003890        0x6 CMakeFiles/Fruit.elf.dir/Core/Src/Spin.cpp.obj
                0x08003890                RDK::RobotSpin::SetEncodingMotorLB(RDK::EncodingMotor*)
 .text._ZN3RDK9RobotSpin18SetEncodingMotorRFEPNS_13EncodingMotorE
                0x08003896        0x6 CMakeFiles/Fruit.elf.dir/Core/Src/Spin.cpp.obj
                0x08003896                RDK::RobotSpin::SetEncodingMotorRF(RDK::EncodingMotor*)
 .text._ZN3RDK9RobotSpin18SetEncodingMotorRBEPNS_13EncodingMotorE
                0x0800389c        0x6 CMakeFiles/Fruit.elf.dir/Core/Src/Spin.cpp.obj
                0x0800389c                RDK::RobotSpin::SetEncodingMotorRB(RDK::EncodingMotor*)
 .text._ZNSt12_Vector_baseISt4pairIddESaIS1_EED2Ev
                0x080038a2       0x14 CMakeFiles/Fruit.elf.dir/Core/Src/Spin.cpp.obj
                0x080038a2                std::_Vector_base<std::pair<double, double>, std::allocator<std::pair<double, double> > >::~_Vector_base()
                0x080038a2                std::_Vector_base<std::pair<double, double>, std::allocator<std::pair<double, double> > >::~_Vector_base()
 .text._ZNSt6vectorISt4pairIddESaIS1_EE4backEv
                0x080038b6        0x6 CMakeFiles/Fruit.elf.dir/Core/Src/Spin.cpp.obj
                0x080038b6                std::vector<std::pair<double, double>, std::allocator<std::pair<double, double> > >::back()
 .text._ZNKSt6vectorISt4pairIddESaIS1_EE12_M_check_lenEjPKc
                0x080038bc       0x54 CMakeFiles/Fruit.elf.dir/Core/Src/Spin.cpp.obj
                0x080038bc                std::vector<std::pair<double, double>, std::allocator<std::pair<double, double> > >::_M_check_len(unsigned int, char const*) const
 .text._ZNSt15__new_allocatorISt4pairIddEE8allocateEjPKv
                0x08003910       0x1e CMakeFiles/Fruit.elf.dir/Core/Src/Spin.cpp.obj
                0x08003910                std::__new_allocator<std::pair<double, double> >::allocate(unsigned int, void const*)
 *fill*         0x0800392e        0x2 
 .text._ZNSt6vectorISt4pairIddESaIS1_EE17_M_realloc_insertIJRddEEEvN9__gnu_cxx17__normal_iteratorIPS1_S3_EEDpOT_
                0x08003930       0xa0 CMakeFiles/Fruit.elf.dir/Core/Src/Spin.cpp.obj
                0x08003930                void std::vector<std::pair<double, double>, std::allocator<std::pair<double, double> > >::_M_realloc_insert<double&, double>(__gnu_cxx::__normal_iterator<std::pair<double, double>*, std::vector<std::pair<double, double>, std::allocator<std::pair<double, double> > > >, double&, double&&)
 .text._ZNSt6vectorISt4pairIddESaIS1_EE12emplace_backIJRddEEERS1_DpOT_
                0x080039d0       0x36 CMakeFiles/Fruit.elf.dir/Core/Src/Spin.cpp.obj
                0x080039d0                std::pair<double, double>& std::vector<std::pair<double, double>, std::allocator<std::pair<double, double> > >::emplace_back<double&, double>(double&, double&&)
 .text._ZSt9iter_swapIN9__gnu_cxx17__normal_iteratorIPSt4pairIddESt6vectorIS3_SaIS3_EEEES8_EvT_T0_
                0x08003a06       0x26 CMakeFiles/Fruit.elf.dir/Core/Src/Spin.cpp.obj
                0x08003a06                void std::iter_swap<__gnu_cxx::__normal_iterator<std::pair<double, double>*, std::vector<std::pair<double, double>, std::allocator<std::pair<double, double> > > >, __gnu_cxx::__normal_iterator<std::pair<double, double>*, std::vector<std::pair<double, double>, std::allocator<std::pair<double, double> > > > >(__gnu_cxx::__normal_iterator<std::pair<double, double>*, std::vector<std::pair<double, double>, std::allocator<std::pair<double, double> > > >, __gnu_cxx::__normal_iterator<std::pair<double, double>*, std::vector<std::pair<double, double>, std::allocator<std::pair<double, double> > > >)
 .text._ZSt22__move_median_to_firstIN9__gnu_cxx17__normal_iteratorIPSt4pairIddESt6vectorIS3_SaIS3_EEEENS0_5__ops15_Iter_comp_iterIZN3RDK9RobotSpin7spin_toEdEUlRKT_RKT0_E_EEEvSD_SD_SD_SD_SG_
                0x08003a2c       0x8c CMakeFiles/Fruit.elf.dir/Core/Src/Spin.cpp.obj
 .text._ZSt21__unguarded_partitionIN9__gnu_cxx17__normal_iteratorIPSt4pairIddESt6vectorIS3_SaIS3_EEEENS0_5__ops15_Iter_comp_iterIZN3RDK9RobotSpin7spin_toEdEUlRKT_RKT0_E_EEESD_SD_SD_SD_SG_
                0x08003ab8       0x46 CMakeFiles/Fruit.elf.dir/Core/Src/Spin.cpp.obj
 .text._ZSt27__unguarded_partition_pivotIN9__gnu_cxx17__normal_iteratorIPSt4pairIddESt6vectorIS3_SaIS3_EEEENS0_5__ops15_Iter_comp_iterIZN3RDK9RobotSpin7spin_toEdEUlRKT_RKT0_E_EEESD_SD_SD_SG_
                0x08003afe       0x3a CMakeFiles/Fruit.elf.dir/Core/Src/Spin.cpp.obj
 .text._ZSt16__introsort_loopIN9__gnu_cxx17__normal_iteratorIPSt4pairIddESt6vectorIS3_SaIS3_EEEEiNS0_5__ops15_Iter_comp_iterIZN3RDK9RobotSpin7spin_toEdEUlRKT_RKT0_E_EEEvSD_SD_SG_T1_
                0x08003b38       0x42 CMakeFiles/Fruit.elf.dir/Core/Src/Spin.cpp.obj
 .text._ZSt12__niter_baseIPSt4pairIddESt6vectorIS1_SaIS1_EEET_N9__gnu_cxx17__normal_iteratorIS6_T0_EE
                0x08003b7a        0x2 CMakeFiles/Fruit.elf.dir/Core/Src/Spin.cpp.obj
                0x08003b7a                std::pair<double, double>* std::__niter_base<std::pair<double, double>*, std::vector<std::pair<double, double>, std::allocator<std::pair<double, double> > > >(__gnu_cxx::__normal_iterator<std::pair<double, double>*, std::vector<std::pair<double, double>, std::allocator<std::pair<double, double> > > >)
 .text._ZSt12__niter_wrapIN9__gnu_cxx17__normal_iteratorIPSt4pairIddESt6vectorIS3_SaIS3_EEEES4_ET_S9_T0_
                0x08003b7c       0x10 CMakeFiles/Fruit.elf.dir/Core/Src/Spin.cpp.obj
                0x08003b7c                __gnu_cxx::__normal_iterator<std::pair<double, double>*, std::vector<std::pair<double, double>, std::allocator<std::pair<double, double> > > > std::__niter_wrap<__gnu_cxx::__normal_iterator<std::pair<double, double>*, std::vector<std::pair<double, double>, std::allocator<std::pair<double, double> > > >, std::pair<double, double>*>(__gnu_cxx::__normal_iterator<std::pair<double, double>*, std::vector<std::pair<double, double>, std::allocator<std::pair<double, double> > > >, std::pair<double, double>*)
 .text._ZNSt20__copy_move_backwardILb1ELb0ESt26random_access_iterator_tagE13__copy_move_bIPSt4pairIddES5_EET0_T_S7_S6_
                0x08003b8c       0x2a CMakeFiles/Fruit.elf.dir/Core/Src/Spin.cpp.obj
                0x08003b8c                std::pair<double, double>* std::__copy_move_backward<true, false, std::random_access_iterator_tag>::__copy_move_b<std::pair<double, double>*, std::pair<double, double>*>(std::pair<double, double>*, std::pair<double, double>*, std::pair<double, double>*)
 .text._ZSt22__copy_move_backward_aILb1EN9__gnu_cxx17__normal_iteratorIPSt4pairIddESt6vectorIS3_SaIS3_EEEES8_ET1_T0_SA_S9_
                0x08003bb6       0x2e CMakeFiles/Fruit.elf.dir/Core/Src/Spin.cpp.obj
                0x08003bb6                __gnu_cxx::__normal_iterator<std::pair<double, double>*, std::vector<std::pair<double, double>, std::allocator<std::pair<double, double> > > > std::__copy_move_backward_a<true, __gnu_cxx::__normal_iterator<std::pair<double, double>*, std::vector<std::pair<double, double>, std::allocator<std::pair<double, double> > > >, __gnu_cxx::__normal_iterator<std::pair<double, double>*, std::vector<std::pair<double, double>, std::allocator<std::pair<double, double> > > > >(__gnu_cxx::__normal_iterator<std::pair<double, double>*, std::vector<std::pair<double, double>, std::allocator<std::pair<double, double> > > >, __gnu_cxx::__normal_iterator<std::pair<double, double>*, std::vector<std::pair<double, double>, std::allocator<std::pair<double, double> > > >, __gnu_cxx::__normal_iterator<std::pair<double, double>*, std::vector<std::pair<double, double>, std::allocator<std::pair<double, double> > > >)
 .text._ZSt13move_backwardIN9__gnu_cxx17__normal_iteratorIPSt4pairIddESt6vectorIS3_SaIS3_EEEES8_ET0_T_SA_S9_
                0x08003be4        0x8 CMakeFiles/Fruit.elf.dir/Core/Src/Spin.cpp.obj
                0x08003be4                __gnu_cxx::__normal_iterator<std::pair<double, double>*, std::vector<std::pair<double, double>, std::allocator<std::pair<double, double> > > > std::move_backward<__gnu_cxx::__normal_iterator<std::pair<double, double>*, std::vector<std::pair<double, double>, std::allocator<std::pair<double, double> > > >, __gnu_cxx::__normal_iterator<std::pair<double, double>*, std::vector<std::pair<double, double>, std::allocator<std::pair<double, double> > > > >(__gnu_cxx::__normal_iterator<std::pair<double, double>*, std::vector<std::pair<double, double>, std::allocator<std::pair<double, double> > > >, __gnu_cxx::__normal_iterator<std::pair<double, double>*, std::vector<std::pair<double, double>, std::allocator<std::pair<double, double> > > >, __gnu_cxx::__normal_iterator<std::pair<double, double>*, std::vector<std::pair<double, double>, std::allocator<std::pair<double, double> > > >)
 .text._ZSt16__insertion_sortIN9__gnu_cxx17__normal_iteratorIPSt4pairIddESt6vectorIS3_SaIS3_EEEENS0_5__ops15_Iter_comp_iterIZN3RDK9RobotSpin7spin_toEdEUlRKT_RKT0_E_EEEvSD_SD_SG_
                0x08003bec       0x6a CMakeFiles/Fruit.elf.dir/Core/Src/Spin.cpp.obj
 .text._ZSt22__final_insertion_sortIN9__gnu_cxx17__normal_iteratorIPSt4pairIddESt6vectorIS3_SaIS3_EEEENS0_5__ops15_Iter_comp_iterIZN3RDK9RobotSpin7spin_toEdEUlRKT_RKT0_E_EEEvSD_SD_SG_
                0x08003c56       0x2a CMakeFiles/Fruit.elf.dir/Core/Src/Spin.cpp.obj
 .text._ZSt6__sortIN9__gnu_cxx17__normal_iteratorIPSt4pairIddESt6vectorIS3_SaIS3_EEEENS0_5__ops15_Iter_comp_iterIZN3RDK9RobotSpin7spin_toEdEUlRKT_RKT0_E_EEEvSD_SD_SG_
                0x08003c80       0x30 CMakeFiles/Fruit.elf.dir/Core/Src/Spin.cpp.obj
 .text._ZN3RDK9RobotSpin7spin_toEd
                0x08003cb0      0x1d4 CMakeFiles/Fruit.elf.dir/Core/Src/Spin.cpp.obj
                0x08003cb0                RDK::RobotSpin::spin_to(double)
 *fill*         0x08003e84        0x4 
 .text._ZN3RDK9RobotSpin9spin_leftEv
                0x08003e88       0x58 CMakeFiles/Fruit.elf.dir/Core/Src/Spin.cpp.obj
                0x08003e88                RDK::RobotSpin::spin_left()
 .text._ZN3RDK9RobotSpin10spin_rightEv
                0x08003ee0       0x58 CMakeFiles/Fruit.elf.dir/Core/Src/Spin.cpp.obj
                0x08003ee0                RDK::RobotSpin::spin_right()
 .text.MX_DMA_Init
                0x08003f38       0x34 CMakeFiles/Fruit.elf.dir/Core/Src/dma.c.obj
                0x08003f38                MX_DMA_Init
 .text.MX_GPIO_Init
                0x08003f6c      0x140 CMakeFiles/Fruit.elf.dir/Core/Src/gpio.c.obj
                0x08003f6c                MX_GPIO_Init
 .text.CRC8_Table
                0x080040ac       0x20 CMakeFiles/Fruit.elf.dir/Core/Src/imu.cpp.obj
                0x080040ac                CRC8_Table
 .text.CRC16_Table
                0x080040cc       0x30 CMakeFiles/Fruit.elf.dir/Core/Src/imu.cpp.obj
                0x080040cc                CRC16_Table
 .text._ZN3IMU7GetAHRSEv
                0x080040fc        0x4 CMakeFiles/Fruit.elf.dir/Core/Src/imu.cpp.obj
                0x080040fc                IMU::GetAHRS()
 .text._ZN3IMUC2Ev
                0x08004100        0x2 CMakeFiles/Fruit.elf.dir/Core/Src/imu.cpp.obj
                0x08004100                IMU::IMU()
                0x08004100                IMU::IMU()
 .text._ZN3IMUD2Ev
                0x08004102        0x2 CMakeFiles/Fruit.elf.dir/Core/Src/imu.cpp.obj
                0x08004102                IMU::~IMU()
                0x08004102                IMU::~IMU()
 .text._ZN3IMU16handleIMUPackageEiPhi
                0x08004104       0x7c CMakeFiles/Fruit.elf.dir/Core/Src/imu.cpp.obj
                0x08004104                IMU::handleIMUPackage(int, unsigned char*, int)
 .text._ZN3IMU17decodeAHRSPackageEPh
                0x08004180       0xa2 CMakeFiles/Fruit.elf.dir/Core/Src/imu.cpp.obj
                0x08004180                IMU::decodeAHRSPackage(unsigned char*)
 *fill*         0x08004222        0x2 
 .text.HAL_TIM_PeriodElapsedCallback
                0x08004224       0x38 CMakeFiles/Fruit.elf.dir/Core/Src/main.c.obj
                0x08004224                HAL_TIM_PeriodElapsedCallback
 .text.Error_Handler
                0x0800425c        0x4 CMakeFiles/Fruit.elf.dir/Core/Src/main.c.obj
                0x0800425c                Error_Handler
 .text.SystemClock_Config
                0x08004260       0xa4 CMakeFiles/Fruit.elf.dir/Core/Src/main.c.obj
                0x08004260                SystemClock_Config
 .text.main     0x08004304      0x104 CMakeFiles/Fruit.elf.dir/Core/Src/main.c.obj
                0x08004304                main
 .text._ZN3RDK14TwoWheelMotionC2Ev
                0x08004408       0x98 CMakeFiles/Fruit.elf.dir/Core/Src/motion.cpp.obj
                0x08004408                RDK::TwoWheelMotion::TwoWheelMotion()
                0x08004408                RDK::TwoWheelMotion::TwoWheelMotion()
 .text._ZN3RDK14TwoWheelMotionD2Ev
                0x080044a0        0x2 CMakeFiles/Fruit.elf.dir/Core/Src/motion.cpp.obj
                0x080044a0                RDK::TwoWheelMotion::~TwoWheelMotion()
                0x080044a0                RDK::TwoWheelMotion::~TwoWheelMotion()
 .text._ZN3RDK14TwoWheelMotion18SetEncodingMotorLFEPNS_13EncodingMotorE
                0x080044a2        0x4 CMakeFiles/Fruit.elf.dir/Core/Src/motion.cpp.obj
                0x080044a2                RDK::TwoWheelMotion::SetEncodingMotorLF(RDK::EncodingMotor*)
 .text._ZN3RDK14TwoWheelMotion18SetEncodingMotorRFEPNS_13EncodingMotorE
                0x080044a6        0x4 CMakeFiles/Fruit.elf.dir/Core/Src/motion.cpp.obj
                0x080044a6                RDK::TwoWheelMotion::SetEncodingMotorRF(RDK::EncodingMotor*)
 .text._ZN3RDK14TwoWheelMotion18SetEncodingMotorLBEPNS_13EncodingMotorE
                0x080044aa        0x4 CMakeFiles/Fruit.elf.dir/Core/Src/motion.cpp.obj
                0x080044aa                RDK::TwoWheelMotion::SetEncodingMotorLB(RDK::EncodingMotor*)
 .text._ZN3RDK14TwoWheelMotion18SetEncodingMotorRBEPNS_13EncodingMotorE
                0x080044ae        0x4 CMakeFiles/Fruit.elf.dir/Core/Src/motion.cpp.obj
                0x080044ae                RDK::TwoWheelMotion::SetEncodingMotorRB(RDK::EncodingMotor*)
 .text._ZN3RDK14TwoWheelMotion10ClearSpeedEv
                0x080044b2       0x16 CMakeFiles/Fruit.elf.dir/Core/Src/motion.cpp.obj
                0x080044b2                RDK::TwoWheelMotion::ClearSpeed()
 .text._ZN3RDK14TwoWheelMotion11CommitSpeedEv
                0x080044c8       0x36 CMakeFiles/Fruit.elf.dir/Core/Src/motion.cpp.obj
                0x080044c8                RDK::TwoWheelMotion::CommitSpeed()
 *fill*         0x080044fe        0x2 
 .text._ZN3RDK14TwoWheelMotion4MoveEdd
                0x08004500      0x3ac CMakeFiles/Fruit.elf.dir/Core/Src/motion.cpp.obj
                0x08004500                RDK::TwoWheelMotion::Move(double, double)
 .text._ZN3RDK14TwoWheelMotion4StopEv
                0x080048ac       0x38 CMakeFiles/Fruit.elf.dir/Core/Src/motion.cpp.obj
                0x080048ac                RDK::TwoWheelMotion::Stop()
 .text._ZN3RDK14TwoWheelMotion10SetLRSpeedEdd
                0x080048e4       0xc8 CMakeFiles/Fruit.elf.dir/Core/Src/motion.cpp.obj
                0x080048e4                RDK::TwoWheelMotion::SetLRSpeed(double, double)
 .text._ZN3RDK13EncodingMotorC2Ev
                0x080049ac       0x2e CMakeFiles/Fruit.elf.dir/Core/Src/motor.cpp.obj
                0x080049ac                RDK::EncodingMotor::EncodingMotor()
                0x080049ac                RDK::EncodingMotor::EncodingMotor()
 .text._ZN3RDK13EncodingMotorD2Ev
                0x080049da        0xe CMakeFiles/Fruit.elf.dir/Core/Src/motor.cpp.obj
                0x080049da                RDK::EncodingMotor::~EncodingMotor()
                0x080049da                RDK::EncodingMotor::~EncodingMotor()
 .text._ZN3RDK13EncodingMotor6SetPIDEddd
                0x080049e8       0x22 CMakeFiles/Fruit.elf.dir/Core/Src/motor.cpp.obj
                0x080049e8                RDK::EncodingMotor::SetPID(double, double, double)
 .text._ZN3RDK13EncodingMotor14SetOutputRangeEdd
                0x08004a0a       0x1e CMakeFiles/Fruit.elf.dir/Core/Src/motor.cpp.obj
                0x08004a0a                RDK::EncodingMotor::SetOutputRange(double, double)
 .text._ZN3RDK13EncodingMotor10SetReverseEb
                0x08004a28        0x4 CMakeFiles/Fruit.elf.dir/Core/Src/motor.cpp.obj
                0x08004a28                RDK::EncodingMotor::SetReverse(bool)
 .text._ZN3RDK13EncodingMotor10GetReverseEv
                0x08004a2c        0x4 CMakeFiles/Fruit.elf.dir/Core/Src/motor.cpp.obj
                0x08004a2c                RDK::EncodingMotor::GetReverse()
 .text._ZN3RDK13EncodingMotor8SetSpeedEd
                0x08004a30       0x14 CMakeFiles/Fruit.elf.dir/Core/Src/motor.cpp.obj
                0x08004a30                RDK::EncodingMotor::SetSpeed(double)
 .text._ZN3RDK13EncodingMotor11SetCallbackEPFvdE
                0x08004a44        0x4 CMakeFiles/Fruit.elf.dir/Core/Src/motor.cpp.obj
                0x08004a44                RDK::EncodingMotor::SetCallback(void (*)(double))
 .text._ZN3RDK13EncodingMotor8AddPulseEi
                0x08004a48       0x26 CMakeFiles/Fruit.elf.dir/Core/Src/motor.cpp.obj
                0x08004a48                RDK::EncodingMotor::AddPulse(int)
 .text._ZNV3RDK13EncodingMotor8GetPulseEv
                0x08004a6e        0x4 CMakeFiles/Fruit.elf.dir/Core/Src/motor.cpp.obj
                0x08004a6e                RDK::EncodingMotor::GetPulse() volatile
 .text._ZN3RDK13EncodingMotor10ClearPulseEv
                0x08004a72        0x8 CMakeFiles/Fruit.elf.dir/Core/Src/motor.cpp.obj
                0x08004a72                RDK::EncodingMotor::ClearPulse()
 .text._ZN3RDK13EncodingMotor4TickEv
                0x08004a7a       0x1c CMakeFiles/Fruit.elf.dir/Core/Src/motor.cpp.obj
                0x08004a7a                RDK::EncodingMotor::Tick()
 .text._ZN3RDK3PID10CheckRangeEdRKSt4pairIddE
                0x08004a96       0x52 CMakeFiles/Fruit.elf.dir/Core/Src/pid.cpp.obj
                0x08004a96                RDK::PID::CheckRange(double, std::pair<double, double> const&)
 .text._ZN3RDK3PIDC2Ev
                0x08004ae8       0x2a CMakeFiles/Fruit.elf.dir/Core/Src/pid.cpp.obj
                0x08004ae8                RDK::PID::PID()
                0x08004ae8                RDK::PID::PID()
 .text._ZN3RDK3PIDC2ENS_7PIDTypeEddd
                0x08004b12       0x40 CMakeFiles/Fruit.elf.dir/Core/Src/pid.cpp.obj
                0x08004b12                RDK::PID::PID(RDK::PIDType, double, double, double)
                0x08004b12                RDK::PID::PID(RDK::PIDType, double, double, double)
 .text._ZN3RDK3PIDD2Ev
                0x08004b52        0x2 CMakeFiles/Fruit.elf.dir/Core/Src/pid.cpp.obj
                0x08004b52                RDK::PID::~PID()
                0x08004b52                RDK::PID::~PID()
 .text._ZN3RDK3PID10SetPIDTypeENS_7PIDTypeE
                0x08004b54        0x6 CMakeFiles/Fruit.elf.dir/Core/Src/pid.cpp.obj
                0x08004b54                RDK::PID::SetPIDType(RDK::PIDType)
 .text._ZN3RDK3PID5SetKpEd
                0x08004b5a        0xa CMakeFiles/Fruit.elf.dir/Core/Src/pid.cpp.obj
                0x08004b5a                RDK::PID::SetKp(double)
 .text._ZN3RDK3PID5SetKiEd
                0x08004b64        0xa CMakeFiles/Fruit.elf.dir/Core/Src/pid.cpp.obj
                0x08004b64                RDK::PID::SetKi(double)
 .text._ZN3RDK3PID5SetKdEd
                0x08004b6e        0xa CMakeFiles/Fruit.elf.dir/Core/Src/pid.cpp.obj
                0x08004b6e                RDK::PID::SetKd(double)
 .text._ZN3RDK3PID8SetInputEd
                0x08004b78        0xa CMakeFiles/Fruit.elf.dir/Core/Src/pid.cpp.obj
                0x08004b78                RDK::PID::SetInput(double)
 .text._ZN3RDK3PID9SetTargetEd
                0x08004b82        0xa CMakeFiles/Fruit.elf.dir/Core/Src/pid.cpp.obj
                0x08004b82                RDK::PID::SetTarget(double)
 .text._ZN3RDK3PID9GetOutputEv
                0x08004b8c        0x6 CMakeFiles/Fruit.elf.dir/Core/Src/pid.cpp.obj
                0x08004b8c                RDK::PID::GetOutput()
 .text._ZN3RDK3PID18SetTotalErrorRangeEdd
                0x08004b92       0x2a CMakeFiles/Fruit.elf.dir/Core/Src/pid.cpp.obj
                0x08004b92                RDK::PID::SetTotalErrorRange(double, double)
 .text._ZN3RDK3PID18GetTotalErrorRangeEv
                0x08004bbc        0xe CMakeFiles/Fruit.elf.dir/Core/Src/pid.cpp.obj
                0x08004bbc                RDK::PID::GetTotalErrorRange()
 .text._ZN3RDK3PID14SetOutputRangeEdd
                0x08004bca       0x2a CMakeFiles/Fruit.elf.dir/Core/Src/pid.cpp.obj
                0x08004bca                RDK::PID::SetOutputRange(double, double)
 .text._ZN3RDK3PID14GetOutputRangeEv
                0x08004bf4        0xe CMakeFiles/Fruit.elf.dir/Core/Src/pid.cpp.obj
                0x08004bf4                RDK::PID::GetOutputRange()
 .text._ZN3RDK3PID7IncTickEv
                0x08004c02       0xd8 CMakeFiles/Fruit.elf.dir/Core/Src/pid.cpp.obj
                0x08004c02                RDK::PID::IncTick()
 .text._ZN3RDK3PID7PosTickEv
                0x08004cda       0xca CMakeFiles/Fruit.elf.dir/Core/Src/pid.cpp.obj
                0x08004cda                RDK::PID::PosTick()
 .text._ZN3RDK3PID4TickEv
                0x08004da4       0x22 CMakeFiles/Fruit.elf.dir/Core/Src/pid.cpp.obj
                0x08004da4                RDK::PID::Tick()
 *fill*         0x08004dc6        0x2 
 .text.HAL_MspInit
                0x08004dc8       0x38 CMakeFiles/Fruit.elf.dir/Core/Src/stm32f4xx_hal_msp.c.obj
                0x08004dc8                HAL_MspInit
 .text.NMI_Handler
                0x08004e00        0x2 CMakeFiles/Fruit.elf.dir/Core/Src/stm32f4xx_it.c.obj
                0x08004e00                NMI_Handler
 .text.HardFault_Handler
                0x08004e02        0x2 CMakeFiles/Fruit.elf.dir/Core/Src/stm32f4xx_it.c.obj
                0x08004e02                HardFault_Handler
 .text.MemManage_Handler
                0x08004e04        0x2 CMakeFiles/Fruit.elf.dir/Core/Src/stm32f4xx_it.c.obj
                0x08004e04                MemManage_Handler
 .text.BusFault_Handler
                0x08004e06        0x2 CMakeFiles/Fruit.elf.dir/Core/Src/stm32f4xx_it.c.obj
                0x08004e06                BusFault_Handler
 .text.UsageFault_Handler
                0x08004e08        0x2 CMakeFiles/Fruit.elf.dir/Core/Src/stm32f4xx_it.c.obj
                0x08004e08                UsageFault_Handler
 .text.SVC_Handler
                0x08004e0a        0x2 CMakeFiles/Fruit.elf.dir/Core/Src/stm32f4xx_it.c.obj
                0x08004e0a                SVC_Handler
 .text.DebugMon_Handler
                0x08004e0c        0x2 CMakeFiles/Fruit.elf.dir/Core/Src/stm32f4xx_it.c.obj
                0x08004e0c                DebugMon_Handler
 .text.PendSV_Handler
                0x08004e0e        0x2 CMakeFiles/Fruit.elf.dir/Core/Src/stm32f4xx_it.c.obj
                0x08004e0e                PendSV_Handler
 .text.SysTick_Handler
                0x08004e10        0x8 CMakeFiles/Fruit.elf.dir/Core/Src/stm32f4xx_it.c.obj
                0x08004e10                SysTick_Handler
 .text.DMA1_Stream5_IRQHandler
                0x08004e18       0x10 CMakeFiles/Fruit.elf.dir/Core/Src/stm32f4xx_it.c.obj
                0x08004e18                DMA1_Stream5_IRQHandler
 .text.USART2_IRQHandler
                0x08004e28       0x10 CMakeFiles/Fruit.elf.dir/Core/Src/stm32f4xx_it.c.obj
                0x08004e28                USART2_IRQHandler
 .text.TIM6_DAC_IRQHandler
                0x08004e38       0x10 CMakeFiles/Fruit.elf.dir/Core/Src/stm32f4xx_it.c.obj
                0x08004e38                TIM6_DAC_IRQHandler
 .text.TIM7_IRQHandler
                0x08004e48       0x10 CMakeFiles/Fruit.elf.dir/Core/Src/stm32f4xx_it.c.obj
                0x08004e48                TIM7_IRQHandler
 .text.USART6_IRQHandler
                0x08004e58       0x10 CMakeFiles/Fruit.elf.dir/Core/Src/stm32f4xx_it.c.obj
                0x08004e58                USART6_IRQHandler
 .text._getpid  0x08004e68        0x4 CMakeFiles/Fruit.elf.dir/Core/Src/syscalls.c.obj
                0x08004e68                _getpid
 .text._kill    0x08004e6c       0x10 CMakeFiles/Fruit.elf.dir/Core/Src/syscalls.c.obj
                0x08004e6c                _kill
 .text._exit    0x08004e7c        0xc CMakeFiles/Fruit.elf.dir/Core/Src/syscalls.c.obj
                0x08004e7c                _exit
 .text._read    0x08004e88       0x20 CMakeFiles/Fruit.elf.dir/Core/Src/syscalls.c.obj
                0x08004e88                _read
 .text._write   0x08004ea8       0x1c CMakeFiles/Fruit.elf.dir/Core/Src/syscalls.c.obj
                0x08004ea8                _write
 .text._close   0x08004ec4        0x6 CMakeFiles/Fruit.elf.dir/Core/Src/syscalls.c.obj
                0x08004ec4                _close
 .text._fstat   0x08004eca        0xa CMakeFiles/Fruit.elf.dir/Core/Src/syscalls.c.obj
                0x08004eca                _fstat
 .text._isatty  0x08004ed4        0x4 CMakeFiles/Fruit.elf.dir/Core/Src/syscalls.c.obj
                0x08004ed4                _isatty
 .text._lseek   0x08004ed8        0x4 CMakeFiles/Fruit.elf.dir/Core/Src/syscalls.c.obj
                0x08004ed8                _lseek
 .text._sbrk    0x08004edc       0x48 CMakeFiles/Fruit.elf.dir/Core/Src/sysmem.c.obj
                0x08004edc                _sbrk
 .text.SystemInit
                0x08004f24        0x2 CMakeFiles/Fruit.elf.dir/Core/Src/system_stm32f4xx.c.obj
                0x08004f24                SystemInit
 *fill*         0x08004f26        0x2 
 .text.MX_TIM2_Init
                0x08004f28       0x64 CMakeFiles/Fruit.elf.dir/Core/Src/tim.c.obj
                0x08004f28                MX_TIM2_Init
 .text.MX_TIM3_Init
                0x08004f8c       0x64 CMakeFiles/Fruit.elf.dir/Core/Src/tim.c.obj
                0x08004f8c                MX_TIM3_Init
 .text.MX_TIM4_Init
                0x08004ff0       0x64 CMakeFiles/Fruit.elf.dir/Core/Src/tim.c.obj
                0x08004ff0                MX_TIM4_Init
 .text.MX_TIM6_Init
                0x08005054       0x50 CMakeFiles/Fruit.elf.dir/Core/Src/tim.c.obj
                0x08005054                MX_TIM6_Init
 .text.MX_TIM7_Init
                0x080050a4       0x50 CMakeFiles/Fruit.elf.dir/Core/Src/tim.c.obj
                0x080050a4                MX_TIM7_Init
 .text.MX_TIM8_Init
                0x080050f4       0x68 CMakeFiles/Fruit.elf.dir/Core/Src/tim.c.obj
                0x080050f4                MX_TIM8_Init
 .text.HAL_TIM_Base_MspInit
                0x0800515c       0xbc CMakeFiles/Fruit.elf.dir/Core/Src/tim.c.obj
                0x0800515c                HAL_TIM_Base_MspInit
 .text.HAL_TIM_Encoder_MspInit
                0x08005218      0x180 CMakeFiles/Fruit.elf.dir/Core/Src/tim.c.obj
                0x08005218                HAL_TIM_Encoder_MspInit
 .text.HAL_TIM_MspPostInit
                0x08005398       0x94 CMakeFiles/Fruit.elf.dir/Core/Src/tim.c.obj
                0x08005398                HAL_TIM_MspPostInit
 .text.MX_TIM1_Init
                0x0800542c      0x120 CMakeFiles/Fruit.elf.dir/Core/Src/tim.c.obj
                0x0800542c                MX_TIM1_Init
 .text.MX_TIM9_Init
                0x0800554c       0xa8 CMakeFiles/Fruit.elf.dir/Core/Src/tim.c.obj
                0x0800554c                MX_TIM9_Init
 .text.MX_UART4_Init
                0x080055f4       0x34 CMakeFiles/Fruit.elf.dir/Core/Src/usart.c.obj
                0x080055f4                MX_UART4_Init
 .text.MX_UART5_Init
                0x08005628       0x34 CMakeFiles/Fruit.elf.dir/Core/Src/usart.c.obj
                0x08005628                MX_UART5_Init
 .text.MX_USART1_UART_Init
                0x0800565c       0x34 CMakeFiles/Fruit.elf.dir/Core/Src/usart.c.obj
                0x0800565c                MX_USART1_UART_Init
 .text.MX_USART2_UART_Init
                0x08005690       0x34 CMakeFiles/Fruit.elf.dir/Core/Src/usart.c.obj
                0x08005690                MX_USART2_UART_Init
 .text.MX_USART3_UART_Init
                0x080056c4       0x34 CMakeFiles/Fruit.elf.dir/Core/Src/usart.c.obj
                0x080056c4                MX_USART3_UART_Init
 .text.MX_USART6_UART_Init
                0x080056f8       0x34 CMakeFiles/Fruit.elf.dir/Core/Src/usart.c.obj
                0x080056f8                MX_USART6_UART_Init
 .text.HAL_UART_MspInit
                0x0800572c      0x2a8 CMakeFiles/Fruit.elf.dir/Core/Src/usart.c.obj
                0x0800572c                HAL_UART_MspInit
 .text.Reset_Handler
                0x080059d4       0x50 CMakeFiles/Fruit.elf.dir/Core/Startup/startup_stm32f407zgtx.s.obj
                0x080059d4                Reset_Handler
 .text.Default_Handler
                0x08005a24        0x2 CMakeFiles/Fruit.elf.dir/Core/Startup/startup_stm32f407zgtx.s.obj
                0x08005a24                RTC_Alarm_IRQHandler
                0x08005a24                HASH_RNG_IRQHandler
                0x08005a24                EXTI2_IRQHandler
                0x08005a24                TIM8_CC_IRQHandler
                0x08005a24                TIM1_CC_IRQHandler
                0x08005a24                DMA2_Stream5_IRQHandler
                0x08005a24                PVD_IRQHandler
                0x08005a24                SDIO_IRQHandler
                0x08005a24                TAMP_STAMP_IRQHandler
                0x08005a24                CAN2_RX1_IRQHandler
                0x08005a24                EXTI3_IRQHandler
                0x08005a24                TIM8_TRG_COM_TIM14_IRQHandler
                0x08005a24                TIM1_UP_TIM10_IRQHandler
                0x08005a24                TIM8_UP_TIM13_IRQHandler
                0x08005a24                I2C3_ER_IRQHandler
                0x08005a24                EXTI0_IRQHandler
                0x08005a24                I2C2_EV_IRQHandler
                0x08005a24                DMA1_Stream2_IRQHandler
                0x08005a24                CAN1_RX0_IRQHandler
                0x08005a24                FPU_IRQHandler
                0x08005a24                OTG_HS_WKUP_IRQHandler
                0x08005a24                CAN2_SCE_IRQHandler
                0x08005a24                DMA2_Stream2_IRQHandler
                0x08005a24                SPI1_IRQHandler
                0x08005a24                TIM1_BRK_TIM9_IRQHandler
                0x08005a24                DCMI_IRQHandler
                0x08005a24                CAN2_RX0_IRQHandler
                0x08005a24                DMA2_Stream3_IRQHandler
                0x08005a24                USART3_IRQHandler
                0x08005a24                CAN1_RX1_IRQHandler
                0x08005a24                UART5_IRQHandler
                0x08005a24                DMA2_Stream0_IRQHandler
                0x08005a24                TIM4_IRQHandler
                0x08005a24                I2C1_EV_IRQHandler
                0x08005a24                DMA1_Stream6_IRQHandler
                0x08005a24                DMA1_Stream1_IRQHandler
                0x08005a24                UART4_IRQHandler
                0x08005a24                TIM3_IRQHandler
                0x08005a24                RCC_IRQHandler
                0x08005a24                TIM8_BRK_TIM12_IRQHandler
                0x08005a24                Default_Handler
                0x08005a24                EXTI15_10_IRQHandler
                0x08005a24                ADC_IRQHandler
                0x08005a24                DMA1_Stream7_IRQHandler
                0x08005a24                CAN2_TX_IRQHandler
                0x08005a24                TIM5_IRQHandler
                0x08005a24                DMA2_Stream7_IRQHandler
                0x08005a24                I2C3_EV_IRQHandler
                0x08005a24                EXTI9_5_IRQHandler
                0x08005a24                RTC_WKUP_IRQHandler
                0x08005a24                ETH_WKUP_IRQHandler
                0x08005a24                SPI2_IRQHandler
                0x08005a24                OTG_HS_EP1_IN_IRQHandler
                0x08005a24                DMA1_Stream0_IRQHandler
                0x08005a24                CAN1_TX_IRQHandler
                0x08005a24                EXTI4_IRQHandler
                0x08005a24                FSMC_IRQHandler
                0x08005a24                ETH_IRQHandler
                0x08005a24                OTG_HS_EP1_OUT_IRQHandler
                0x08005a24                WWDG_IRQHandler
                0x08005a24                TIM2_IRQHandler
                0x08005a24                OTG_FS_WKUP_IRQHandler
                0x08005a24                TIM1_TRG_COM_TIM11_IRQHandler
                0x08005a24                OTG_HS_IRQHandler
                0x08005a24                EXTI1_IRQHandler
                0x08005a24                I2C2_ER_IRQHandler
                0x08005a24                DMA2_Stream1_IRQHandler
                0x08005a24                CAN1_SCE_IRQHandler
                0x08005a24                FLASH_IRQHandler
                0x08005a24                DMA2_Stream4_IRQHandler
                0x08005a24                USART1_IRQHandler
                0x08005a24                OTG_FS_IRQHandler
                0x08005a24                SPI3_IRQHandler
                0x08005a24                DMA1_Stream4_IRQHandler
                0x08005a24                I2C1_ER_IRQHandler
                0x08005a24                DMA2_Stream6_IRQHandler
                0x08005a24                DMA1_Stream3_IRQHandler
 *fill*         0x08005a26        0x2 
 .text.HAL_InitTick
                0x08005a28       0x4c CMakeFiles/Fruit.elf.dir/Drivers/STM32F4xx_HAL_Driver/Src/stm32f4xx_hal.c.obj
                0x08005a28                HAL_InitTick
 .text.HAL_Init
                0x08005a74       0x34 CMakeFiles/Fruit.elf.dir/Drivers/STM32F4xx_HAL_Driver/Src/stm32f4xx_hal.c.obj
                0x08005a74                HAL_Init
 .text.HAL_IncTick
                0x08005aa8       0x18 CMakeFiles/Fruit.elf.dir/Drivers/STM32F4xx_HAL_Driver/Src/stm32f4xx_hal.c.obj
                0x08005aa8                HAL_IncTick
 .text.HAL_GetTick
                0x08005ac0        0xc CMakeFiles/Fruit.elf.dir/Drivers/STM32F4xx_HAL_Driver/Src/stm32f4xx_hal.c.obj
                0x08005ac0                HAL_GetTick
 .text.HAL_Delay
                0x08005acc       0x28 CMakeFiles/Fruit.elf.dir/Drivers/STM32F4xx_HAL_Driver/Src/stm32f4xx_hal.c.obj
                0x08005acc                HAL_Delay
 .text.__NVIC_EnableIRQ
                0x08005af4       0x1c CMakeFiles/Fruit.elf.dir/Drivers/STM32F4xx_HAL_Driver/Src/stm32f4xx_hal_cortex.c.obj
 .text.__NVIC_SetPriority
                0x08005b10       0x28 CMakeFiles/Fruit.elf.dir/Drivers/STM32F4xx_HAL_Driver/Src/stm32f4xx_hal_cortex.c.obj
 .text.NVIC_EncodePriority
                0x08005b38       0x3e CMakeFiles/Fruit.elf.dir/Drivers/STM32F4xx_HAL_Driver/Src/stm32f4xx_hal_cortex.c.obj
 *fill*         0x08005b76        0x2 
 .text.HAL_NVIC_SetPriorityGrouping
                0x08005b78       0x24 CMakeFiles/Fruit.elf.dir/Drivers/STM32F4xx_HAL_Driver/Src/stm32f4xx_hal_cortex.c.obj
                0x08005b78                HAL_NVIC_SetPriorityGrouping
 .text.HAL_NVIC_SetPriority
                0x08005b9c       0x20 CMakeFiles/Fruit.elf.dir/Drivers/STM32F4xx_HAL_Driver/Src/stm32f4xx_hal_cortex.c.obj
                0x08005b9c                HAL_NVIC_SetPriority
 .text.HAL_NVIC_EnableIRQ
                0x08005bbc        0x8 CMakeFiles/Fruit.elf.dir/Drivers/STM32F4xx_HAL_Driver/Src/stm32f4xx_hal_cortex.c.obj
                0x08005bbc                HAL_NVIC_EnableIRQ
 .text.HAL_SYSTICK_Config
                0x08005bc4       0x28 CMakeFiles/Fruit.elf.dir/Drivers/STM32F4xx_HAL_Driver/Src/stm32f4xx_hal_cortex.c.obj
                0x08005bc4                HAL_SYSTICK_Config
 .text.DMA_SetConfig
                0x08005bec       0x2c CMakeFiles/Fruit.elf.dir/Drivers/STM32F4xx_HAL_Driver/Src/stm32f4xx_hal_dma.c.obj
 .text.DMA_CalcBaseAndBitshift
                0x08005c18       0x40 CMakeFiles/Fruit.elf.dir/Drivers/STM32F4xx_HAL_Driver/Src/stm32f4xx_hal_dma.c.obj
 .text.DMA_CheckFifoParam
                0x08005c58       0x8e CMakeFiles/Fruit.elf.dir/Drivers/STM32F4xx_HAL_Driver/Src/stm32f4xx_hal_dma.c.obj
 *fill*         0x08005ce6        0x2 
 .text.HAL_DMA_Init
                0x08005ce8       0xcc CMakeFiles/Fruit.elf.dir/Drivers/STM32F4xx_HAL_Driver/Src/stm32f4xx_hal_dma.c.obj
                0x08005ce8                HAL_DMA_Init
 .text.HAL_DMA_Start_IT
                0x08005db4       0x6a CMakeFiles/Fruit.elf.dir/Drivers/STM32F4xx_HAL_Driver/Src/stm32f4xx_hal_dma.c.obj
                0x08005db4                HAL_DMA_Start_IT
 .text.HAL_DMA_Abort
                0x08005e1e       0x94 CMakeFiles/Fruit.elf.dir/Drivers/STM32F4xx_HAL_Driver/Src/stm32f4xx_hal_dma.c.obj
                0x08005e1e                HAL_DMA_Abort
 .text.HAL_DMA_Abort_IT
                0x08005eb2       0x26 CMakeFiles/Fruit.elf.dir/Drivers/STM32F4xx_HAL_Driver/Src/stm32f4xx_hal_dma.c.obj
                0x08005eb2                HAL_DMA_Abort_IT
 .text.HAL_DMA_IRQHandler
                0x08005ed8      0x1dc CMakeFiles/Fruit.elf.dir/Drivers/STM32F4xx_HAL_Driver/Src/stm32f4xx_hal_dma.c.obj
                0x08005ed8                HAL_DMA_IRQHandler
 .text.HAL_GPIO_Init
                0x080060b4      0x1f4 CMakeFiles/Fruit.elf.dir/Drivers/STM32F4xx_HAL_Driver/Src/stm32f4xx_hal_gpio.c.obj
                0x080060b4                HAL_GPIO_Init
 .text.HAL_GPIO_WritePin
                0x080062a8        0xc CMakeFiles/Fruit.elf.dir/Drivers/STM32F4xx_HAL_Driver/Src/stm32f4xx_hal_gpio.c.obj
                0x080062a8                HAL_GPIO_WritePin
 .text.HAL_RCC_OscConfig
                0x080062b4      0x3f8 CMakeFiles/Fruit.elf.dir/Drivers/STM32F4xx_HAL_Driver/Src/stm32f4xx_hal_rcc.c.obj
                0x080062b4                HAL_RCC_OscConfig
 .text.HAL_RCC_GetSysClockFreq
                0x080066ac       0xa8 CMakeFiles/Fruit.elf.dir/Drivers/STM32F4xx_HAL_Driver/Src/stm32f4xx_hal_rcc.c.obj
                0x080066ac                HAL_RCC_GetSysClockFreq
 .text.HAL_RCC_ClockConfig
                0x08006754      0x160 CMakeFiles/Fruit.elf.dir/Drivers/STM32F4xx_HAL_Driver/Src/stm32f4xx_hal_rcc.c.obj
                0x08006754                HAL_RCC_ClockConfig
 .text.HAL_RCC_GetHCLKFreq
                0x080068b4        0xc CMakeFiles/Fruit.elf.dir/Drivers/STM32F4xx_HAL_Driver/Src/stm32f4xx_hal_rcc.c.obj
                0x080068b4                HAL_RCC_GetHCLKFreq
 .text.HAL_RCC_GetPCLK1Freq
                0x080068c0       0x20 CMakeFiles/Fruit.elf.dir/Drivers/STM32F4xx_HAL_Driver/Src/stm32f4xx_hal_rcc.c.obj
                0x080068c0                HAL_RCC_GetPCLK1Freq
 .text.HAL_RCC_GetPCLK2Freq
                0x080068e0       0x20 CMakeFiles/Fruit.elf.dir/Drivers/STM32F4xx_HAL_Driver/Src/stm32f4xx_hal_rcc.c.obj
                0x080068e0                HAL_RCC_GetPCLK2Freq
 .text.TIM_OC1_SetConfig
                0x08006900       0x70 CMakeFiles/Fruit.elf.dir/Drivers/STM32F4xx_HAL_Driver/Src/stm32f4xx_hal_tim.c.obj
 .text.TIM_OC3_SetConfig
                0x08006970       0x70 CMakeFiles/Fruit.elf.dir/Drivers/STM32F4xx_HAL_Driver/Src/stm32f4xx_hal_tim.c.obj
 .text.TIM_OC4_SetConfig
                0x080069e0       0x50 CMakeFiles/Fruit.elf.dir/Drivers/STM32F4xx_HAL_Driver/Src/stm32f4xx_hal_tim.c.obj
 .text.TIM_TI1_ConfigInputStage
                0x08006a30       0x24 CMakeFiles/Fruit.elf.dir/Drivers/STM32F4xx_HAL_Driver/Src/stm32f4xx_hal_tim.c.obj
 .text.TIM_TI2_ConfigInputStage
                0x08006a54       0x26 CMakeFiles/Fruit.elf.dir/Drivers/STM32F4xx_HAL_Driver/Src/stm32f4xx_hal_tim.c.obj
 .text.TIM_ITRx_SetConfig
                0x08006a7a       0x10 CMakeFiles/Fruit.elf.dir/Drivers/STM32F4xx_HAL_Driver/Src/stm32f4xx_hal_tim.c.obj
 *fill*         0x08006a8a        0x2 
 .text.HAL_TIM_Base_Start_IT
                0x08006a8c       0x88 CMakeFiles/Fruit.elf.dir/Drivers/STM32F4xx_HAL_Driver/Src/stm32f4xx_hal_tim.c.obj
                0x08006a8c                HAL_TIM_Base_Start_IT
 .text.HAL_TIM_PWM_MspInit
                0x08006b14        0x2 CMakeFiles/Fruit.elf.dir/Drivers/STM32F4xx_HAL_Driver/Src/stm32f4xx_hal_tim.c.obj
                0x08006b14                HAL_TIM_PWM_MspInit
 .text.HAL_TIM_OC_DelayElapsedCallback
                0x08006b16        0x2 CMakeFiles/Fruit.elf.dir/Drivers/STM32F4xx_HAL_Driver/Src/stm32f4xx_hal_tim.c.obj
                0x08006b16                HAL_TIM_OC_DelayElapsedCallback
 .text.HAL_TIM_IC_CaptureCallback
                0x08006b18        0x2 CMakeFiles/Fruit.elf.dir/Drivers/STM32F4xx_HAL_Driver/Src/stm32f4xx_hal_tim.c.obj
                0x08006b18                HAL_TIM_IC_CaptureCallback
 .text.HAL_TIM_PWM_PulseFinishedCallback
                0x08006b1a        0x2 CMakeFiles/Fruit.elf.dir/Drivers/STM32F4xx_HAL_Driver/Src/stm32f4xx_hal_tim.c.obj
                0x08006b1a                HAL_TIM_PWM_PulseFinishedCallback
 .text.HAL_TIM_TriggerCallback
                0x08006b1c        0x2 CMakeFiles/Fruit.elf.dir/Drivers/STM32F4xx_HAL_Driver/Src/stm32f4xx_hal_tim.c.obj
                0x08006b1c                HAL_TIM_TriggerCallback
 .text.HAL_TIM_IRQHandler
                0x08006b1e      0x15e CMakeFiles/Fruit.elf.dir/Drivers/STM32F4xx_HAL_Driver/Src/stm32f4xx_hal_tim.c.obj
                0x08006b1e                HAL_TIM_IRQHandler
 .text.TIM_Base_SetConfig
                0x08006c7c       0xd8 CMakeFiles/Fruit.elf.dir/Drivers/STM32F4xx_HAL_Driver/Src/stm32f4xx_hal_tim.c.obj
                0x08006c7c                TIM_Base_SetConfig
 .text.HAL_TIM_Base_Init
                0x08006d54       0x58 CMakeFiles/Fruit.elf.dir/Drivers/STM32F4xx_HAL_Driver/Src/stm32f4xx_hal_tim.c.obj
                0x08006d54                HAL_TIM_Base_Init
 .text.HAL_TIM_PWM_Init
                0x08006dac       0x58 CMakeFiles/Fruit.elf.dir/Drivers/STM32F4xx_HAL_Driver/Src/stm32f4xx_hal_tim.c.obj
                0x08006dac                HAL_TIM_PWM_Init
 .text.HAL_TIM_Encoder_Init
                0x08006e04       0xb6 CMakeFiles/Fruit.elf.dir/Drivers/STM32F4xx_HAL_Driver/Src/stm32f4xx_hal_tim.c.obj
                0x08006e04                HAL_TIM_Encoder_Init
 *fill*         0x08006eba        0x2 
 .text.TIM_OC2_SetConfig
                0x08006ebc       0x70 CMakeFiles/Fruit.elf.dir/Drivers/STM32F4xx_HAL_Driver/Src/stm32f4xx_hal_tim.c.obj
                0x08006ebc                TIM_OC2_SetConfig
 .text.HAL_TIM_PWM_ConfigChannel
                0x08006f2c       0xdc CMakeFiles/Fruit.elf.dir/Drivers/STM32F4xx_HAL_Driver/Src/stm32f4xx_hal_tim.c.obj
                0x08006f2c                HAL_TIM_PWM_ConfigChannel
 .text.TIM_ETR_SetConfig
                0x08007008       0x18 CMakeFiles/Fruit.elf.dir/Drivers/STM32F4xx_HAL_Driver/Src/stm32f4xx_hal_tim.c.obj
                0x08007008                TIM_ETR_SetConfig
 .text.HAL_TIM_ConfigClockSource
                0x08007020       0xfe CMakeFiles/Fruit.elf.dir/Drivers/STM32F4xx_HAL_Driver/Src/stm32f4xx_hal_tim.c.obj
                0x08007020                HAL_TIM_ConfigClockSource
 .text.TIM_CCxChannelCmd
                0x0800711e       0x1e CMakeFiles/Fruit.elf.dir/Drivers/STM32F4xx_HAL_Driver/Src/stm32f4xx_hal_tim.c.obj
                0x0800711e                TIM_CCxChannelCmd
 .text.HAL_TIM_PWM_Start
                0x0800713c      0x104 CMakeFiles/Fruit.elf.dir/Drivers/STM32F4xx_HAL_Driver/Src/stm32f4xx_hal_tim.c.obj
                0x0800713c                HAL_TIM_PWM_Start
 .text.HAL_TIM_Encoder_Start
                0x08007240       0xcc CMakeFiles/Fruit.elf.dir/Drivers/STM32F4xx_HAL_Driver/Src/stm32f4xx_hal_tim.c.obj
                0x08007240                HAL_TIM_Encoder_Start
 .text.HAL_TIMEx_MasterConfigSynchronization
                0x0800730c       0x8c CMakeFiles/Fruit.elf.dir/Drivers/STM32F4xx_HAL_Driver/Src/stm32f4xx_hal_tim_ex.c.obj
                0x0800730c                HAL_TIMEx_MasterConfigSynchronization
 .text.HAL_TIMEx_ConfigBreakDeadTime
                0x08007398       0x52 CMakeFiles/Fruit.elf.dir/Drivers/STM32F4xx_HAL_Driver/Src/stm32f4xx_hal_tim_ex.c.obj
                0x08007398                HAL_TIMEx_ConfigBreakDeadTime
 .text.HAL_TIMEx_CommutCallback
                0x080073ea        0x2 CMakeFiles/Fruit.elf.dir/Drivers/STM32F4xx_HAL_Driver/Src/stm32f4xx_hal_tim_ex.c.obj
                0x080073ea                HAL_TIMEx_CommutCallback
 .text.HAL_TIMEx_BreakCallback
                0x080073ec        0x2 CMakeFiles/Fruit.elf.dir/Drivers/STM32F4xx_HAL_Driver/Src/stm32f4xx_hal_tim_ex.c.obj
                0x080073ec                HAL_TIMEx_BreakCallback
 .text.UART_EndTxTransfer
                0x080073ee       0x20 CMakeFiles/Fruit.elf.dir/Drivers/STM32F4xx_HAL_Driver/Src/stm32f4xx_hal_uart.c.obj
 .text.UART_EndRxTransfer
                0x0800740e       0x5c CMakeFiles/Fruit.elf.dir/Drivers/STM32F4xx_HAL_Driver/Src/stm32f4xx_hal_uart.c.obj
 .text.UART_Transmit_IT
                0x0800746a       0x60 CMakeFiles/Fruit.elf.dir/Drivers/STM32F4xx_HAL_Driver/Src/stm32f4xx_hal_uart.c.obj
 *fill*         0x080074ca        0x2 
 .text.UART_SetConfig
                0x080074cc      0x110 CMakeFiles/Fruit.elf.dir/Drivers/STM32F4xx_HAL_Driver/Src/stm32f4xx_hal_uart.c.obj
 .text.UART_WaitOnFlagUntilTimeout
                0x080075dc       0x86 CMakeFiles/Fruit.elf.dir/Drivers/STM32F4xx_HAL_Driver/Src/stm32f4xx_hal_uart.c.obj
 .text.HAL_UART_Init
                0x08007662       0x60 CMakeFiles/Fruit.elf.dir/Drivers/STM32F4xx_HAL_Driver/Src/stm32f4xx_hal_uart.c.obj
                0x08007662                HAL_UART_Init
 .text.HAL_UART_Transmit
                0x080076c2       0xcc CMakeFiles/Fruit.elf.dir/Drivers/STM32F4xx_HAL_Driver/Src/stm32f4xx_hal_uart.c.obj
                0x080076c2                HAL_UART_Transmit
 .text.HAL_UART_Receive
                0x0800778e       0xd2 CMakeFiles/Fruit.elf.dir/Drivers/STM32F4xx_HAL_Driver/Src/stm32f4xx_hal_uart.c.obj
                0x0800778e                HAL_UART_Receive
 .text.HAL_UART_TxCpltCallback
                0x08007860        0x2 CMakeFiles/Fruit.elf.dir/Drivers/STM32F4xx_HAL_Driver/Src/stm32f4xx_hal_uart.c.obj
                0x08007860                HAL_UART_TxCpltCallback
 .text.UART_EndTransmit_IT
                0x08007862       0x1a CMakeFiles/Fruit.elf.dir/Drivers/STM32F4xx_HAL_Driver/Src/stm32f4xx_hal_uart.c.obj
 .text.HAL_UART_RxHalfCpltCallback
                0x0800787c        0x2 CMakeFiles/Fruit.elf.dir/Drivers/STM32F4xx_HAL_Driver/Src/stm32f4xx_hal_uart.c.obj
                0x0800787c                HAL_UART_RxHalfCpltCallback
 .text.HAL_UART_ErrorCallback
                0x0800787e        0x2 CMakeFiles/Fruit.elf.dir/Drivers/STM32F4xx_HAL_Driver/Src/stm32f4xx_hal_uart.c.obj
                0x0800787e                HAL_UART_ErrorCallback
 .text.UART_DMAError
                0x08007880       0x58 CMakeFiles/Fruit.elf.dir/Drivers/STM32F4xx_HAL_Driver/Src/stm32f4xx_hal_uart.c.obj
 .text.UART_DMAAbortOnError
                0x080078d8       0x10 CMakeFiles/Fruit.elf.dir/Drivers/STM32F4xx_HAL_Driver/Src/stm32f4xx_hal_uart.c.obj
 .text.HAL_UART_AbortCpltCallback
                0x080078e8        0x2 CMakeFiles/Fruit.elf.dir/Drivers/STM32F4xx_HAL_Driver/Src/stm32f4xx_hal_uart.c.obj
                0x080078e8                HAL_UART_AbortCpltCallback
 *fill*         0x080078ea        0x2 
 .text.HAL_UART_Abort_IT
                0x080078ec      0x124 CMakeFiles/Fruit.elf.dir/Drivers/STM32F4xx_HAL_Driver/Src/stm32f4xx_hal_uart.c.obj
                0x080078ec                HAL_UART_Abort_IT
 .text.UART_DMARxAbortCallback
                0x08007a10       0x2c CMakeFiles/Fruit.elf.dir/Drivers/STM32F4xx_HAL_Driver/Src/stm32f4xx_hal_uart.c.obj
 .text.UART_DMATxAbortCallback
                0x08007a3c       0x2c CMakeFiles/Fruit.elf.dir/Drivers/STM32F4xx_HAL_Driver/Src/stm32f4xx_hal_uart.c.obj
 .text.HAL_UARTEx_RxEventCallback
                0x08007a68        0x2 CMakeFiles/Fruit.elf.dir/Drivers/STM32F4xx_HAL_Driver/Src/stm32f4xx_hal_uart.c.obj
                0x08007a68                HAL_UARTEx_RxEventCallback
 .text.UART_Receive_IT
                0x08007a6a       0xe6 CMakeFiles/Fruit.elf.dir/Drivers/STM32F4xx_HAL_Driver/Src/stm32f4xx_hal_uart.c.obj
 .text.HAL_UART_IRQHandler
                0x08007b50      0x284 CMakeFiles/Fruit.elf.dir/Drivers/STM32F4xx_HAL_Driver/Src/stm32f4xx_hal_uart.c.obj
                0x08007b50                HAL_UART_IRQHandler
 .text.UART_DMARxHalfCplt
                0x08007dd4       0x1e CMakeFiles/Fruit.elf.dir/Drivers/STM32F4xx_HAL_Driver/Src/stm32f4xx_hal_uart.c.obj
 .text.UART_DMAReceiveCplt
                0x08007df2       0x9a CMakeFiles/Fruit.elf.dir/Drivers/STM32F4xx_HAL_Driver/Src/stm32f4xx_hal_uart.c.obj
 .text.UART_Start_Receive_IT
                0x08007e8c       0x36 CMakeFiles/Fruit.elf.dir/Drivers/STM32F4xx_HAL_Driver/Src/stm32f4xx_hal_uart.c.obj
                0x08007e8c                UART_Start_Receive_IT
 .text.HAL_UART_Receive_IT
                0x08007ec2       0x26 CMakeFiles/Fruit.elf.dir/Drivers/STM32F4xx_HAL_Driver/Src/stm32f4xx_hal_uart.c.obj
                0x08007ec2                HAL_UART_Receive_IT
 .text.UART_Start_Receive_DMA
                0x08007ee8       0xa4 CMakeFiles/Fruit.elf.dir/Drivers/STM32F4xx_HAL_Driver/Src/stm32f4xx_hal_uart.c.obj
                0x08007ee8                UART_Start_Receive_DMA
 .text.HAL_UART_Receive_DMA
                0x08007f8c       0x26 CMakeFiles/Fruit.elf.dir/Drivers/STM32F4xx_HAL_Driver/Src/stm32f4xx_hal_uart.c.obj
                0x08007f8c                HAL_UART_Receive_DMA
 *fill*         0x08007fb2        0x2 
 .text.__aeabi_atexit
                0x08007fb4        0xc c:/progra~2/armgnu~1/125863~1.3re/bin/../lib/gcc/arm-none-eabi/12.3.1/thumb/v7e-m/nofp\libstdc++.a(atexit_arm.o)
                0x08007fb4                __aeabi_atexit
 .text._ZdlPvj  0x08007fc0        0x4 c:/progra~2/armgnu~1/125863~1.3re/bin/../lib/gcc/arm-none-eabi/12.3.1/thumb/v7e-m/nofp\libstdc++.a(del_ops.o)
                0x08007fc0                operator delete(void*, unsigned int)
 .text.__cxa_end_cleanup
                0x08007fc4        0xc c:/progra~2/armgnu~1/125863~1.3re/bin/../lib/gcc/arm-none-eabi/12.3.1/thumb/v7e-m/nofp\libstdc++.a(eh_arm.o)
                0x08007fc4                __cxa_end_cleanup
 .text.__cxa_type_match
                0x08007fd0       0xa8 c:/progra~2/armgnu~1/125863~1.3re/bin/../lib/gcc/arm-none-eabi/12.3.1/thumb/v7e-m/nofp\libstdc++.a(eh_arm.o)
                0x08007fd0                __cxa_type_match
 .text.__cxa_begin_cleanup
                0x08008078       0x64 c:/progra~2/armgnu~1/125863~1.3re/bin/../lib/gcc/arm-none-eabi/12.3.1/thumb/v7e-m/nofp\libstdc++.a(eh_arm.o)
                0x08008078                __cxa_begin_cleanup
 .text.__gnu_end_cleanup
                0x080080dc       0x70 c:/progra~2/armgnu~1/125863~1.3re/bin/../lib/gcc/arm-none-eabi/12.3.1/thumb/v7e-m/nofp\libstdc++.a(eh_arm.o)
                0x080080dc                __gnu_end_cleanup
 .text._ZNSt9exceptionD2Ev
                0x0800814c        0x4 c:/progra~2/armgnu~1/125863~1.3re/bin/../lib/gcc/arm-none-eabi/12.3.1/thumb/v7e-m/nofp\libstdc++.a(eh_exception.o)
                0x0800814c                std::exception::~exception()
                0x0800814c                std::exception::~exception()
 .text._ZNSt13bad_exceptionD2Ev
                0x08008150        0x4 c:/progra~2/armgnu~1/125863~1.3re/bin/../lib/gcc/arm-none-eabi/12.3.1/thumb/v7e-m/nofp\libstdc++.a(eh_exception.o)
                0x08008150                std::bad_exception::~bad_exception()
                0x08008150                std::bad_exception::~bad_exception()
 .text._ZNKSt13bad_exception4whatEv
                0x08008154        0x8 c:/progra~2/armgnu~1/125863~1.3re/bin/../lib/gcc/arm-none-eabi/12.3.1/thumb/v7e-m/nofp\libstdc++.a(eh_exception.o)
                0x08008154                std::bad_exception::what() const
                0x08008154                transaction clone for std::bad_exception::what() const
 .text._ZNSt13bad_exceptionD0Ev
                0x0800815c       0x10 c:/progra~2/armgnu~1/125863~1.3re/bin/../lib/gcc/arm-none-eabi/12.3.1/thumb/v7e-m/nofp\libstdc++.a(eh_exception.o)
                0x0800815c                std::bad_exception::~bad_exception()
 .text._ZN12_GLOBAL__N_113constant_initD2Ev
                0x0800816c        0x4 c:/progra~2/armgnu~1/125863~1.3re/bin/../lib/gcc/arm-none-eabi/12.3.1/thumb/v7e-m/nofp\libstdc++.a(eh_globals.o)
 .text.__cxa_get_globals_fast
                0x08008170        0x8 c:/progra~2/armgnu~1/125863~1.3re/bin/../lib/gcc/arm-none-eabi/12.3.1/thumb/v7e-m/nofp\libstdc++.a(eh_globals.o)
                0x08008170                __cxa_get_globals_fast
 .text.__cxa_get_globals
                0x08008178        0x8 c:/progra~2/armgnu~1/125863~1.3re/bin/../lib/gcc/arm-none-eabi/12.3.1/thumb/v7e-m/nofp\libstdc++.a(eh_globals.o)
                0x08008178                __cxa_get_globals
 .text.startup._GLOBAL__sub_I___cxa_get_globals_fast
                0x08008180       0x18 c:/progra~2/armgnu~1/125863~1.3re/bin/../lib/gcc/arm-none-eabi/12.3.1/thumb/v7e-m/nofp\libstdc++.a(eh_globals.o)
 .text._ZL28read_encoded_value_with_basehjPKhPj
                0x08008198       0xc0 c:/progra~2/armgnu~1/125863~1.3re/bin/../lib/gcc/arm-none-eabi/12.3.1/thumb/v7e-m/nofp\libstdc++.a(eh_personality.o)
 .text._ZL21base_of_encoded_valuehP15_Unwind_Context
                0x08008258       0x44 c:/progra~2/armgnu~1/125863~1.3re/bin/../lib/gcc/arm-none-eabi/12.3.1/thumb/v7e-m/nofp\libstdc++.a(eh_personality.o)
 .text._ZL17parse_lsda_headerP15_Unwind_ContextPKhP16lsda_header_info
                0x0800829c       0x90 c:/progra~2/armgnu~1/125863~1.3re/bin/../lib/gcc/arm-none-eabi/12.3.1/thumb/v7e-m/nofp\libstdc++.a(eh_personality.o)
 .text.__gxx_personality_v0
                0x0800832c      0x448 c:/progra~2/armgnu~1/125863~1.3re/bin/../lib/gcc/arm-none-eabi/12.3.1/thumb/v7e-m/nofp\libstdc++.a(eh_personality.o)
                0x0800832c                __gxx_personality_v0
 .text._ZN10__cxxabiv111__terminateEPFvvE
                0x08008774       0x10 c:/progra~2/armgnu~1/125863~1.3re/bin/../lib/gcc/arm-none-eabi/12.3.1/thumb/v7e-m/nofp\libstdc++.a(eh_terminate.o)
                0x08008774                __cxxabiv1::__terminate(void (*)())
 .text._ZSt9terminatev
                0x08008784       0x14 c:/progra~2/armgnu~1/125863~1.3re/bin/../lib/gcc/arm-none-eabi/12.3.1/thumb/v7e-m/nofp\libstdc++.a(eh_terminate.o)
                0x08008784                std::terminate()
 .text._ZN10__cxxabiv112__unexpectedEPFvvE
                0x08008798        0x8 c:/progra~2/armgnu~1/125863~1.3re/bin/../lib/gcc/arm-none-eabi/12.3.1/thumb/v7e-m/nofp\libstdc++.a(eh_terminate.o)
                0x08008798                __cxxabiv1::__unexpected(void (*)())
 .text._ZSt10unexpectedv
                0x080087a0       0x14 c:/progra~2/armgnu~1/125863~1.3re/bin/../lib/gcc/arm-none-eabi/12.3.1/thumb/v7e-m/nofp\libstdc++.a(eh_terminate.o)
                0x080087a0                std::unexpected()
 .text._ZSt13get_terminatev
                0x080087b4       0x10 c:/progra~2/armgnu~1/125863~1.3re/bin/../lib/gcc/arm-none-eabi/12.3.1/thumb/v7e-m/nofp\libstdc++.a(eh_terminate.o)
                0x080087b4                std::get_terminate()
 .text._ZSt14get_unexpectedv
                0x080087c4       0x10 c:/progra~2/armgnu~1/125863~1.3re/bin/../lib/gcc/arm-none-eabi/12.3.1/thumb/v7e-m/nofp\libstdc++.a(eh_terminate.o)
                0x080087c4                std::get_unexpected()
 .text._Znwj    0x080087d4       0x3c c:/progra~2/armgnu~1/125863~1.3re/bin/../lib/gcc/arm-none-eabi/12.3.1/thumb/v7e-m/nofp\libstdc++.a(new_op.o)
                0x080087d4                operator new(unsigned int)
 .text._ZN10__cxxabiv120__si_class_type_infoD2Ev
                0x08008810       0x14 c:/progra~2/armgnu~1/125863~1.3re/bin/../lib/gcc/arm-none-eabi/12.3.1/thumb/v7e-m/nofp\libstdc++.a(si_class_type_info.o)
                0x08008810                __cxxabiv1::__si_class_type_info::~__si_class_type_info()
                0x08008810                __cxxabiv1::__si_class_type_info::~__si_class_type_info()
 .text._ZN10__cxxabiv120__si_class_type_infoD0Ev
                0x08008824       0x1c c:/progra~2/armgnu~1/125863~1.3re/bin/../lib/gcc/arm-none-eabi/12.3.1/thumb/v7e-m/nofp\libstdc++.a(si_class_type_info.o)
                0x08008824                __cxxabiv1::__si_class_type_info::~__si_class_type_info()
 .text._ZNK10__cxxabiv120__si_class_type_info20__do_find_public_srcEiPKvPKNS_17__class_type_infoES2_
                0x08008840       0x3c c:/progra~2/armgnu~1/125863~1.3re/bin/../lib/gcc/arm-none-eabi/12.3.1/thumb/v7e-m/nofp\libstdc++.a(si_class_type_info.o)
                0x08008840                __cxxabiv1::__si_class_type_info::__do_find_public_src(int, void const*, __cxxabiv1::__class_type_info const*, void const*) const
 .text._ZNK10__cxxabiv120__si_class_type_info12__do_dyncastEiNS_17__class_type_info10__sub_kindEPKS1_PKvS4_S6_RNS1_16__dyncast_resultE
                0x0800887c       0x84 c:/progra~2/armgnu~1/125863~1.3re/bin/../lib/gcc/arm-none-eabi/12.3.1/thumb/v7e-m/nofp\libstdc++.a(si_class_type_info.o)
                0x0800887c                __cxxabiv1::__si_class_type_info::__do_dyncast(int, __cxxabiv1::__class_type_info::__sub_kind, __cxxabiv1::__class_type_info const*, void const*, __cxxabiv1::__class_type_info const*, void const*, __cxxabiv1::__class_type_info::__dyncast_result&) const
 .text._ZNK10__cxxabiv120__si_class_type_info11__do_upcastEPKNS_17__class_type_infoEPKvRNS1_15__upcast_resultE
                0x08008900       0x2c c:/progra~2/armgnu~1/125863~1.3re/bin/../lib/gcc/arm-none-eabi/12.3.1/thumb/v7e-m/nofp\libstdc++.a(si_class_type_info.o)
                0x08008900                __cxxabiv1::__si_class_type_info::__do_upcast(__cxxabiv1::__class_type_info const*, void const*, __cxxabiv1::__class_type_info::__upcast_result&) const
 .text._ZNSt9type_infoD2Ev
                0x0800892c        0x4 c:/progra~2/armgnu~1/125863~1.3re/bin/../lib/gcc/arm-none-eabi/12.3.1/thumb/v7e-m/nofp\libstdc++.a(tinfo.o)
                0x0800892c                std::type_info::~type_info()
                0x0800892c                std::type_info::~type_info()
 .text._ZNKSt9type_info14__is_pointer_pEv
                0x08008930        0x4 c:/progra~2/armgnu~1/125863~1.3re/bin/../lib/gcc/arm-none-eabi/12.3.1/thumb/v7e-m/nofp\libstdc++.a(tinfo.o)
                0x08008930                std::type_info::__is_pointer_p() const
                0x08008930                std::type_info::__is_function_p() const
 .text._ZNKSt9type_infoeqERKS_
                0x08008934       0x2c c:/progra~2/armgnu~1/125863~1.3re/bin/../lib/gcc/arm-none-eabi/12.3.1/thumb/v7e-m/nofp\libstdc++.a(tinfo.o)
                0x08008934                std::type_info::operator==(std::type_info const&) const
                0x08008934                std::type_info::__equal(std::type_info const&) const
 .text._ZN9__gnu_cxx27__verbose_terminate_handlerEv
                0x08008960      0x10c c:/progra~2/armgnu~1/125863~1.3re/bin/../lib/gcc/arm-none-eabi/12.3.1/thumb/v7e-m/nofp\libstdc++.a(vterminate.o)
                0x08008960                __gnu_cxx::__verbose_terminate_handler()
 .text.unlikely._ZSt17__throw_bad_allocv
                0x08008a6c       0x20 c:/progra~2/armgnu~1/125863~1.3re/bin/../lib/gcc/arm-none-eabi/12.3.1/thumb/v7e-m/nofp\libstdc++.a(functexcept.o)
                0x08008a6c                std::__throw_bad_alloc()
 .text.unlikely._ZSt28__throw_bad_array_new_lengthv
                0x08008a8c       0x20 c:/progra~2/armgnu~1/125863~1.3re/bin/../lib/gcc/arm-none-eabi/12.3.1/thumb/v7e-m/nofp\libstdc++.a(functexcept.o)
                0x08008a8c                std::__throw_bad_array_new_length()
 .text.unlikely._ZSt19__throw_logic_errorPKc
                0x08008aac       0x30 c:/progra~2/armgnu~1/125863~1.3re/bin/../lib/gcc/arm-none-eabi/12.3.1/thumb/v7e-m/nofp\libstdc++.a(functexcept.o)
                0x08008aac                std::__throw_logic_error(char const*)
 .text.unlikely._ZSt20__throw_length_errorPKc
                0x08008adc       0x30 c:/progra~2/armgnu~1/125863~1.3re/bin/../lib/gcc/arm-none-eabi/12.3.1/thumb/v7e-m/nofp\libstdc++.a(functexcept.o)
                0x08008adc                std::__throw_length_error(char const*)
 .text._ZNKSt9bad_alloc4whatEv
                0x08008b0c        0x8 c:/progra~2/armgnu~1/125863~1.3re/bin/../lib/gcc/arm-none-eabi/12.3.1/thumb/v7e-m/nofp\libstdc++.a(bad_alloc.o)
                0x08008b0c                std::bad_alloc::what() const
 .text._ZNSt9bad_allocD2Ev
                0x08008b14       0x14 c:/progra~2/armgnu~1/125863~1.3re/bin/../lib/gcc/arm-none-eabi/12.3.1/thumb/v7e-m/nofp\libstdc++.a(bad_alloc.o)
                0x08008b14                std::bad_alloc::~bad_alloc()
                0x08008b14                std::bad_alloc::~bad_alloc()
 .text._ZNSt9bad_allocD0Ev
                0x08008b28       0x1c c:/progra~2/armgnu~1/125863~1.3re/bin/../lib/gcc/arm-none-eabi/12.3.1/thumb/v7e-m/nofp\libstdc++.a(bad_alloc.o)
                0x08008b28                std::bad_alloc::~bad_alloc()
 .text._ZNKSt20bad_array_new_length4whatEv
                0x08008b44        0x8 c:/progra~2/armgnu~1/125863~1.3re/bin/../lib/gcc/arm-none-eabi/12.3.1/thumb/v7e-m/nofp\libstdc++.a(bad_array_new.o)
                0x08008b44                std::bad_array_new_length::what() const
 .text._ZNSt20bad_array_new_lengthD2Ev
                0x08008b4c       0x14 c:/progra~2/armgnu~1/125863~1.3re/bin/../lib/gcc/arm-none-eabi/12.3.1/thumb/v7e-m/nofp\libstdc++.a(bad_array_new.o)
                0x08008b4c                std::bad_array_new_length::~bad_array_new_length()
                0x08008b4c                std::bad_array_new_length::~bad_array_new_length()
 .text._ZNSt20bad_array_new_lengthD0Ev
                0x08008b60       0x1c c:/progra~2/armgnu~1/125863~1.3re/bin/../lib/gcc/arm-none-eabi/12.3.1/thumb/v7e-m/nofp\libstdc++.a(bad_array_new.o)
                0x08008b60                std::bad_array_new_length::~bad_array_new_length()
 .text._ZNK10__cxxabiv117__class_type_info11__do_upcastEPKS0_PPv
                0x08008b7c       0x34 c:/progra~2/armgnu~1/125863~1.3re/bin/../lib/gcc/arm-none-eabi/12.3.1/thumb/v7e-m/nofp\libstdc++.a(class_type_info.o)
                0x08008b7c                __cxxabiv1::__class_type_info::__do_upcast(__cxxabiv1::__class_type_info const*, void**) const
 .text._ZNK10__cxxabiv117__class_type_info20__do_find_public_srcEiPKvPKS0_S2_
                0x08008bb0        0xc c:/progra~2/armgnu~1/125863~1.3re/bin/../lib/gcc/arm-none-eabi/12.3.1/thumb/v7e-m/nofp\libstdc++.a(class_type_info.o)
                0x08008bb0                __cxxabiv1::__class_type_info::__do_find_public_src(int, void const*, __cxxabiv1::__class_type_info const*, void const*) const
 .text._ZN10__cxxabiv117__class_type_infoD2Ev
                0x08008bbc       0x14 c:/progra~2/armgnu~1/125863~1.3re/bin/../lib/gcc/arm-none-eabi/12.3.1/thumb/v7e-m/nofp\libstdc++.a(class_type_info.o)
                0x08008bbc                __cxxabiv1::__class_type_info::~__class_type_info()
                0x08008bbc                __cxxabiv1::__class_type_info::~__class_type_info()
 .text._ZN10__cxxabiv117__class_type_infoD0Ev
                0x08008bd0       0x1c c:/progra~2/armgnu~1/125863~1.3re/bin/../lib/gcc/arm-none-eabi/12.3.1/thumb/v7e-m/nofp\libstdc++.a(class_type_info.o)
                0x08008bd0                __cxxabiv1::__class_type_info::~__class_type_info()
 .text._ZNK10__cxxabiv117__class_type_info12__do_dyncastEiNS0_10__sub_kindEPKS0_PKvS3_S5_RNS0_16__dyncast_resultE
                0x08008bec       0x44 c:/progra~2/armgnu~1/125863~1.3re/bin/../lib/gcc/arm-none-eabi/12.3.1/thumb/v7e-m/nofp\libstdc++.a(class_type_info.o)
                0x08008bec                __cxxabiv1::__class_type_info::__do_dyncast(int, __cxxabiv1::__class_type_info::__sub_kind, __cxxabiv1::__class_type_info const*, void const*, __cxxabiv1::__class_type_info const*, void const*, __cxxabiv1::__class_type_info::__dyncast_result&) const
 .text._ZNK10__cxxabiv117__class_type_info11__do_upcastEPKS0_PKvRNS0_15__upcast_resultE
                0x08008c30       0x1c c:/progra~2/armgnu~1/125863~1.3re/bin/../lib/gcc/arm-none-eabi/12.3.1/thumb/v7e-m/nofp\libstdc++.a(class_type_info.o)
                0x08008c30                __cxxabiv1::__class_type_info::__do_upcast(__cxxabiv1::__class_type_info const*, void const*, __cxxabiv1::__class_type_info::__upcast_result&) const
 .text._ZNK10__cxxabiv117__class_type_info10__do_catchEPKSt9type_infoPPvj
                0x08008c4c       0x2c c:/progra~2/armgnu~1/125863~1.3re/bin/../lib/gcc/arm-none-eabi/12.3.1/thumb/v7e-m/nofp\libstdc++.a(class_type_info.o)
                0x08008c4c                __cxxabiv1::__class_type_info::__do_catch(std::type_info const*, void**, unsigned int) const
 .text.d_make_comp
                0x08008c78       0xf0 c:/progra~2/armgnu~1/125863~1.3re/bin/../lib/gcc/arm-none-eabi/12.3.1/thumb/v7e-m/nofp\libstdc++.a(cp-demangle.o)
 .text.d_number
                0x08008d68       0x74 c:/progra~2/armgnu~1/125863~1.3re/bin/../lib/gcc/arm-none-eabi/12.3.1/thumb/v7e-m/nofp\libstdc++.a(cp-demangle.o)
 .text.d_call_offset
                0x08008ddc       0x48 c:/progra~2/armgnu~1/125863~1.3re/bin/../lib/gcc/arm-none-eabi/12.3.1/thumb/v7e-m/nofp\libstdc++.a(cp-demangle.o)
 .text.d_discriminator
                0x08008e24       0x4c c:/progra~2/armgnu~1/125863~1.3re/bin/../lib/gcc/arm-none-eabi/12.3.1/thumb/v7e-m/nofp\libstdc++.a(cp-demangle.o)
 .text.d_count_templates_scopes
                0x08008e70       0xd4 c:/progra~2/armgnu~1/125863~1.3re/bin/../lib/gcc/arm-none-eabi/12.3.1/thumb/v7e-m/nofp\libstdc++.a(cp-demangle.o)
 .text.d_pack_length
                0x08008f44       0x20 c:/progra~2/armgnu~1/125863~1.3re/bin/../lib/gcc/arm-none-eabi/12.3.1/thumb/v7e-m/nofp\libstdc++.a(cp-demangle.o)
 .text.d_index_template_argument.part.0
                0x08008f64       0x1c c:/progra~2/armgnu~1/125863~1.3re/bin/../lib/gcc/arm-none-eabi/12.3.1/thumb/v7e-m/nofp\libstdc++.a(cp-demangle.o)
 .text.d_growable_string_callback_adapter
                0x08008f80       0x90 c:/progra~2/armgnu~1/125863~1.3re/bin/../lib/gcc/arm-none-eabi/12.3.1/thumb/v7e-m/nofp\libstdc++.a(cp-demangle.o)
 .text.next_is_type_qual.isra.0
                0x08009010       0x34 c:/progra~2/armgnu~1/125863~1.3re/bin/../lib/gcc/arm-none-eabi/12.3.1/thumb/v7e-m/nofp\libstdc++.a(cp-demangle.o)
 .text.d_append_char
                0x08009044       0x44 c:/progra~2/armgnu~1/125863~1.3re/bin/../lib/gcc/arm-none-eabi/12.3.1/thumb/v7e-m/nofp\libstdc++.a(cp-demangle.o)
 .text.d_lookup_template_argument
                0x08009088       0x34 c:/progra~2/armgnu~1/125863~1.3re/bin/../lib/gcc/arm-none-eabi/12.3.1/thumb/v7e-m/nofp\libstdc++.a(cp-demangle.o)
 .text.d_find_pack
                0x080090bc       0x94 c:/progra~2/armgnu~1/125863~1.3re/bin/../lib/gcc/arm-none-eabi/12.3.1/thumb/v7e-m/nofp\libstdc++.a(cp-demangle.o)
 .text.d_append_string
                0x08009150       0x68 c:/progra~2/armgnu~1/125863~1.3re/bin/../lib/gcc/arm-none-eabi/12.3.1/thumb/v7e-m/nofp\libstdc++.a(cp-demangle.o)
 .text.d_template_param
                0x080091b8       0x68 c:/progra~2/armgnu~1/125863~1.3re/bin/../lib/gcc/arm-none-eabi/12.3.1/thumb/v7e-m/nofp\libstdc++.a(cp-demangle.o)
 .text.d_append_num
                0x08009220       0x78 c:/progra~2/armgnu~1/125863~1.3re/bin/../lib/gcc/arm-none-eabi/12.3.1/thumb/v7e-m/nofp\libstdc++.a(cp-demangle.o)
 .text.d_source_name
                0x08009298       0xdc c:/progra~2/armgnu~1/125863~1.3re/bin/../lib/gcc/arm-none-eabi/12.3.1/thumb/v7e-m/nofp\libstdc++.a(cp-demangle.o)
 .text.d_substitution
                0x08009374      0x18c c:/progra~2/armgnu~1/125863~1.3re/bin/../lib/gcc/arm-none-eabi/12.3.1/thumb/v7e-m/nofp\libstdc++.a(cp-demangle.o)
 .text.d_type   0x08009500      0x864 c:/progra~2/armgnu~1/125863~1.3re/bin/../lib/gcc/arm-none-eabi/12.3.1/thumb/v7e-m/nofp\libstdc++.a(cp-demangle.o)
 .text.d_parmlist
                0x08009d64       0x80 c:/progra~2/armgnu~1/125863~1.3re/bin/../lib/gcc/arm-none-eabi/12.3.1/thumb/v7e-m/nofp\libstdc++.a(cp-demangle.o)
 .text.d_bare_function_type
                0x08009de4       0x48 c:/progra~2/armgnu~1/125863~1.3re/bin/../lib/gcc/arm-none-eabi/12.3.1/thumb/v7e-m/nofp\libstdc++.a(cp-demangle.o)
 .text.d_function_type
                0x08009e2c       0x8c c:/progra~2/armgnu~1/125863~1.3re/bin/../lib/gcc/arm-none-eabi/12.3.1/thumb/v7e-m/nofp\libstdc++.a(cp-demangle.o)
 .text.d_operator_name
                0x08009eb8      0x100 c:/progra~2/armgnu~1/125863~1.3re/bin/../lib/gcc/arm-none-eabi/12.3.1/thumb/v7e-m/nofp\libstdc++.a(cp-demangle.o)
 .text.d_unqualified_name
                0x08009fb8      0x34c c:/progra~2/armgnu~1/125863~1.3re/bin/../lib/gcc/arm-none-eabi/12.3.1/thumb/v7e-m/nofp\libstdc++.a(cp-demangle.o)
 .text.d_expr_primary
                0x0800a304      0x120 c:/progra~2/armgnu~1/125863~1.3re/bin/../lib/gcc/arm-none-eabi/12.3.1/thumb/v7e-m/nofp\libstdc++.a(cp-demangle.o)
 .text.d_template_arg
                0x0800a424       0x58 c:/progra~2/armgnu~1/125863~1.3re/bin/../lib/gcc/arm-none-eabi/12.3.1/thumb/v7e-m/nofp\libstdc++.a(cp-demangle.o)
 .text.d_template_args_1
                0x0800a47c       0x64 c:/progra~2/armgnu~1/125863~1.3re/bin/../lib/gcc/arm-none-eabi/12.3.1/thumb/v7e-m/nofp\libstdc++.a(cp-demangle.o)
 .text.d_prefix
                0x0800a4e0      0x13c c:/progra~2/armgnu~1/125863~1.3re/bin/../lib/gcc/arm-none-eabi/12.3.1/thumb/v7e-m/nofp\libstdc++.a(cp-demangle.o)
 .text.d_expression_1
                0x0800a61c      0x508 c:/progra~2/armgnu~1/125863~1.3re/bin/../lib/gcc/arm-none-eabi/12.3.1/thumb/v7e-m/nofp\libstdc++.a(cp-demangle.o)
 .text.d_exprlist
                0x0800ab24       0x74 c:/progra~2/armgnu~1/125863~1.3re/bin/../lib/gcc/arm-none-eabi/12.3.1/thumb/v7e-m/nofp\libstdc++.a(cp-demangle.o)
 .text.d_cv_qualifiers
                0x0800ab98      0x150 c:/progra~2/armgnu~1/125863~1.3re/bin/../lib/gcc/arm-none-eabi/12.3.1/thumb/v7e-m/nofp\libstdc++.a(cp-demangle.o)
 .text.d_special_name
                0x0800ace8      0x528 c:/progra~2/armgnu~1/125863~1.3re/bin/../lib/gcc/arm-none-eabi/12.3.1/thumb/v7e-m/nofp\libstdc++.a(cp-demangle.o)
 .text.d_name   0x0800b210      0x2c8 c:/progra~2/armgnu~1/125863~1.3re/bin/../lib/gcc/arm-none-eabi/12.3.1/thumb/v7e-m/nofp\libstdc++.a(cp-demangle.o)
 .text.d_encoding.part.0
                0x0800b4d8       0xf8 c:/progra~2/armgnu~1/125863~1.3re/bin/../lib/gcc/arm-none-eabi/12.3.1/thumb/v7e-m/nofp\libstdc++.a(cp-demangle.o)
 .text.d_print_comp_inner
                0x0800b5d0     0x208c c:/progra~2/armgnu~1/125863~1.3re/bin/../lib/gcc/arm-none-eabi/12.3.1/thumb/v7e-m/nofp\libstdc++.a(cp-demangle.o)
 .text.d_print_comp
                0x0800d65c       0x5c c:/progra~2/armgnu~1/125863~1.3re/bin/../lib/gcc/arm-none-eabi/12.3.1/thumb/v7e-m/nofp\libstdc++.a(cp-demangle.o)
 .text.d_print_mod
                0x0800d6b8      0x624 c:/progra~2/armgnu~1/125863~1.3re/bin/../lib/gcc/arm-none-eabi/12.3.1/thumb/v7e-m/nofp\libstdc++.a(cp-demangle.o)
 .text.d_print_function_type
                0x0800dcdc      0x1bc c:/progra~2/armgnu~1/125863~1.3re/bin/../lib/gcc/arm-none-eabi/12.3.1/thumb/v7e-m/nofp\libstdc++.a(cp-demangle.o)
 .text.d_print_mod_list
                0x0800de98      0x23c c:/progra~2/armgnu~1/125863~1.3re/bin/../lib/gcc/arm-none-eabi/12.3.1/thumb/v7e-m/nofp\libstdc++.a(cp-demangle.o)
 .text.d_print_array_type
                0x0800e0d4      0x1b0 c:/progra~2/armgnu~1/125863~1.3re/bin/../lib/gcc/arm-none-eabi/12.3.1/thumb/v7e-m/nofp\libstdc++.a(cp-demangle.o)
 .text.d_print_expr_op
                0x0800e284       0x78 c:/progra~2/armgnu~1/125863~1.3re/bin/../lib/gcc/arm-none-eabi/12.3.1/thumb/v7e-m/nofp\libstdc++.a(cp-demangle.o)
 .text.d_demangle_callback.constprop.0
                0x0800e2fc      0x3a0 c:/progra~2/armgnu~1/125863~1.3re/bin/../lib/gcc/arm-none-eabi/12.3.1/thumb/v7e-m/nofp\libstdc++.a(cp-demangle.o)
 .text.d_print_subexpr
                0x0800e69c       0xf4 c:/progra~2/armgnu~1/125863~1.3re/bin/../lib/gcc/arm-none-eabi/12.3.1/thumb/v7e-m/nofp\libstdc++.a(cp-demangle.o)
 .text.d_maybe_print_fold_expression
                0x0800e790      0x24c c:/progra~2/armgnu~1/125863~1.3re/bin/../lib/gcc/arm-none-eabi/12.3.1/thumb/v7e-m/nofp\libstdc++.a(cp-demangle.o)
 .text.d_maybe_print_designated_init
                0x0800e9dc      0x1e0 c:/progra~2/armgnu~1/125863~1.3re/bin/../lib/gcc/arm-none-eabi/12.3.1/thumb/v7e-m/nofp\libstdc++.a(cp-demangle.o)
 .text.__cxa_demangle
                0x0800ebbc       0xbc c:/progra~2/armgnu~1/125863~1.3re/bin/../lib/gcc/arm-none-eabi/12.3.1/thumb/v7e-m/nofp\libstdc++.a(cp-demangle.o)
                0x0800ebbc                __cxa_demangle