Archive member included to satisfy reference by file (symbol)

c:/progra~2/armgnu~1/125863~1.3re/bin/../lib/gcc/arm-none-eabi/12.3.1/thumb/v7e-m/nofp\libstdc++.a(atexit_arm.o)
                              CMakeFiles/Fruit.elf.dir/Core/Src/RoboMain.cpp.obj (__aeabi_atexit)
c:/progra~2/armgnu~1/125863~1.3re/bin/../lib/gcc/arm-none-eabi/12.3.1/thumb/v7e-m/nofp\libstdc++.a(del_ops.o)
                              CMakeFiles/Fruit.elf.dir/Core/Src/Spin.cpp.obj (operator delete(void*, unsigned int))
c:/progra~2/armgnu~1/125863~1.3re/bin/../lib/gcc/arm-none-eabi/12.3.1/thumb/v7e-m/nofp\libstdc++.a(eh_arm.o)
                              CMakeFiles/Fruit.elf.dir/Core/Src/Spin.cpp.obj (__cxa_end_cleanup)
c:/progra~2/armgnu~1/125863~1.3re/bin/../lib/gcc/arm-none-eabi/12.3.1/thumb/v7e-m/nofp\libstdc++.a(eh_exception.o)
                              c:/progra~2/armgnu~1/125863~1.3re/bin/../lib/gcc/arm-none-eabi/12.3.1/thumb/v7e-m/nofp\libstdc++.a(eh_arm.o) (typeinfo for __cxxabiv1::__forced_unwind)
c:/progra~2/armgnu~1/125863~1.3re/bin/../lib/gcc/arm-none-eabi/12.3.1/thumb/v7e-m/nofp\libstdc++.a(eh_globals.o)
                              c:/progra~2/armgnu~1/125863~1.3re/bin/../lib/gcc/arm-none-eabi/12.3.1/thumb/v7e-m/nofp\libstdc++.a(eh_arm.o) (__cxa_get_globals)
c:/progra~2/armgnu~1/125863~1.3re/bin/../lib/gcc/arm-none-eabi/12.3.1/thumb/v7e-m/nofp\libstdc++.a(eh_personality.o)
                              CMakeFiles/Fruit.elf.dir/Core/Src/Spin.cpp.obj (__gxx_personality_v0)
c:/progra~2/armgnu~1/125863~1.3re/bin/../lib/gcc/arm-none-eabi/12.3.1/thumb/v7e-m/nofp\libstdc++.a(eh_terminate.o)
                              c:/progra~2/armgnu~1/125863~1.3re/bin/../lib/gcc/arm-none-eabi/12.3.1/thumb/v7e-m/nofp\libstdc++.a(eh_arm.o) (std::terminate())
c:/progra~2/armgnu~1/125863~1.3re/bin/../lib/gcc/arm-none-eabi/12.3.1/thumb/v7e-m/nofp\libstdc++.a(eh_unex_handler.o)
                              c:/progra~2/armgnu~1/125863~1.3re/bin/../lib/gcc/arm-none-eabi/12.3.1/thumb/v7e-m/nofp\libstdc++.a(eh_terminate.o) (__cxxabiv1::__unexpected_handler)
c:/progra~2/armgnu~1/125863~1.3re/bin/../lib/gcc/arm-none-eabi/12.3.1/thumb/v7e-m/nofp\libstdc++.a(new_op.o)
                              CMakeFiles/Fruit.elf.dir/Core/Src/Spin.cpp.obj (operator new(unsigned int))
c:/progra~2/armgnu~1/125863~1.3re/bin/../lib/gcc/arm-none-eabi/12.3.1/thumb/v7e-m/nofp\libstdc++.a(si_class_type_info.o)
                              c:/progra~2/armgnu~1/125863~1.3re/bin/../lib/gcc/arm-none-eabi/12.3.1/thumb/v7e-m/nofp\libstdc++.a(eh_exception.o) (vtable for __cxxabiv1::__si_class_type_info)
c:/progra~2/armgnu~1/125863~1.3re/bin/../lib/gcc/arm-none-eabi/12.3.1/thumb/v7e-m/nofp\libstdc++.a(tinfo.o)
                              c:/progra~2/armgnu~1/125863~1.3re/bin/../lib/gcc/arm-none-eabi/12.3.1/thumb/v7e-m/nofp\libstdc++.a(si_class_type_info.o) (std::type_info::__is_pointer_p() const)
c:/progra~2/armgnu~1/125863~1.3re/bin/../lib/gcc/arm-none-eabi/12.3.1/thumb/v7e-m/nofp\libstdc++.a(vterminate.o)
                              c:/progra~2/armgnu~1/125863~1.3re/bin/../lib/gcc/arm-none-eabi/12.3.1/thumb/v7e-m/nofp\libstdc++.a(eh_terminate.o) (__gnu_cxx::__verbose_terminate_handler())
c:/progra~2/armgnu~1/125863~1.3re/bin/../lib/gcc/arm-none-eabi/12.3.1/thumb/v7e-m/nofp\libstdc++.a(functexcept.o)
                              CMakeFiles/Fruit.elf.dir/Core/Src/Spin.cpp.obj (std::__throw_bad_alloc())
c:/progra~2/armgnu~1/125863~1.3re/bin/../lib/gcc/arm-none-eabi/12.3.1/thumb/v7e-m/nofp\libstdc++.a(snprintf_lite.o)
                              c:/progra~2/armgnu~1/125863~1.3re/bin/../lib/gcc/arm-none-eabi/12.3.1/thumb/v7e-m/nofp\libstdc++.a(functexcept.o) (__gnu_cxx::__snprintf_lite(char*, unsigned int, char const*, std::__va_list))
c:/progra~2/armgnu~1/125863~1.3re/bin/../lib/gcc/arm-none-eabi/12.3.1/thumb/v7e-m/nofp\libstdc++.a(bad_alloc.o)
                              c:/progra~2/armgnu~1/125863~1.3re/bin/../lib/gcc/arm-none-eabi/12.3.1/thumb/v7e-m/nofp\libstdc++.a(new_op.o) (vtable for std::bad_alloc)
c:/progra~2/armgnu~1/125863~1.3re/bin/../lib/gcc/arm-none-eabi/12.3.1/thumb/v7e-m/nofp\libstdc++.a(bad_array_new.o)
                              c:/progra~2/armgnu~1/125863~1.3re/bin/../lib/gcc/arm-none-eabi/12.3.1/thumb/v7e-m/nofp\libstdc++.a(functexcept.o) (vtable for std::bad_array_new_length)
c:/progra~2/armgnu~1/125863~1.3re/bin/../lib/gcc/arm-none-eabi/12.3.1/thumb/v7e-m/nofp\libstdc++.a(bad_cast.o)
                              c:/progra~2/armgnu~1/125863~1.3re/bin/../lib/gcc/arm-none-eabi/12.3.1/thumb/v7e-m/nofp\libstdc++.a(functexcept.o) (vtable for std::bad_cast)
c:/progra~2/armgnu~1/125863~1.3re/bin/../lib/gcc/arm-none-eabi/12.3.1/thumb/v7e-m/nofp\libstdc++.a(bad_typeid.o)
                              c:/progra~2/armgnu~1/125863~1.3re/bin/../lib/gcc/arm-none-eabi/12.3.1/thumb/v7e-m/nofp\libstdc++.a(functexcept.o) (vtable for std::bad_typeid)
[...]
Memory Configuration

Name             Origin             Length             Attributes
CCMRAM           0x10000000         0x00010000         xrw
RAM              0x20000000         0x00020000         xrw
FLASH            0x08000000         0x00100000         xr
*default*        0x00000000         0xffffffff

Linker script and memory map

LOAD c:/progra~2/armgnu~1/125863~1.3re/bin/../lib/gcc/arm-none-eabi/12.3.1/thumb/v7e-m/nofp/crti.o
LOAD c:/progra~2/armgnu~1/125863~1.3re/bin/../lib/gcc/arm-none-eabi/12.3.1/thumb/v7e-m/nofp/crtbegin.o
LOAD c:/progra~2/armgnu~1/125863~1.3re/bin/../lib/gcc/arm-none-eabi/12.3.1/thumb/v7e-m/nofp/crt0.o
LOAD CMakeFiles/Fruit.elf.dir/Core/Src/RoboMain.cpp.obj
LOAD CMakeFiles/Fruit.elf.dir/Core/Src/Servo.cpp.obj
LOAD CMakeFiles/Fruit.elf.dir/Core/Src/Spin.cpp.obj
LOAD CMakeFiles/Fruit.elf.dir/Core/Src/dma.c.obj
LOAD CMakeFiles/Fruit.elf.dir/Core/Src/gpio.c.obj
LOAD CMakeFiles/Fruit.elf.dir/Core/Src/imu.cpp.obj
LOAD CMakeFiles/Fruit.elf.dir/Core/Src/main.c.obj
LOAD CMakeFiles/Fruit.elf.dir/Core/Src/motion.cpp.obj
LOAD CMakeFiles/Fruit.elf.dir/Core/Src/motor.cpp.obj
LOAD CMakeFiles/Fruit.elf.dir/Core/Src/pid.cpp.obj
LOAD CMakeFiles/Fruit.elf.dir/Core/Src/stm32f4xx_hal_msp.c.obj
LOAD CMakeFiles/Fruit.elf.dir/Core/Src/stm32f4xx_it.c.obj
LOAD CMakeFiles/Fruit.elf.dir/Core/Src/syscalls.c.obj
LOAD CMakeFiles/Fruit.elf.dir/Core/Src/sysmem.c.obj
LOAD CMakeFiles/Fruit.elf.dir/Core/Src/system_stm32f4xx.c.obj
LOAD CMakeFiles/Fruit.elf.dir/Core/Src/tim.c.obj
LOAD CMakeFiles/Fruit.elf.dir/Core/Src/usart.c.obj
LOAD CMakeFiles/Fruit.elf.dir/Core/Startup/startup_stm32f407zgtx.s.obj
LOAD CMakeFiles/Fruit.elf.dir/Drivers/STM32F4xx_HAL_Driver/Src/stm32f4xx_hal.c.obj
LOAD CMakeFiles/Fruit.elf.dir/Drivers/STM32F4xx_HAL_Driver/Src/stm32f4xx_hal_cortex.c.obj
LOAD CMakeFiles/Fruit.elf.dir/Drivers/STM32F4xx_HAL_Driver/Src/stm32f4xx_hal_dma.c.obj
LOAD CMakeFiles/Fruit.elf.dir/Drivers/STM32F4xx_HAL_Driver/Src/stm32f4xx_hal_dma_ex.c.obj
LOAD CMakeFiles/Fruit.elf.dir/Drivers/STM32F4xx_HAL_Driver/Src/stm32f4xx_hal_exti.c.obj
LOAD CMakeFiles/Fruit.elf.dir/Drivers/STM32F4xx_HAL_Driver/Src/stm32f4xx_hal_flash.c.obj
LOAD CMakeFiles/Fruit.elf.dir/Drivers/STM32F4xx_HAL_Driver/Src/stm32f4xx_hal_flash_ex.c.obj
LOAD CMakeFiles/Fruit.elf.dir/Drivers/STM32F4xx_HAL_Driver/Src/stm32f4xx_hal_flash_ramfunc.c.obj
LOAD CMakeFiles/Fruit.elf.dir/Drivers/STM32F4xx_HAL_Driver/Src/stm32f4xx_hal_gpio.c.obj
LOAD CMakeFiles/Fruit.elf.dir/Drivers/STM32F4xx_HAL_Driver/Src/stm32f4xx_hal_pwr.c.obj
LOAD CMakeFiles/Fruit.elf.dir/Drivers/STM32F4xx_HAL_Driver/Src/stm32f4xx_hal_pwr_ex.c.obj
LOAD CMakeFiles/Fruit.elf.dir/Drivers/STM32F4xx_HAL_Driver/Src/stm32f4xx_hal_rcc.c.obj
LOAD CMakeFiles/Fruit.elf.dir/Drivers/STM32F4xx_HAL_Driver/Src/stm32f4xx_hal_rcc_ex.c.obj
LOAD CMakeFiles/Fruit.elf.dir/Drivers/STM32F4xx_HAL_Driver/Src/stm32f4xx_hal_tim.c.obj
LOAD CMakeFiles/Fruit.elf.dir/Drivers/STM32F4xx_HAL_Driver/Src/stm32f4xx_hal_tim_ex.c.obj
LOAD CMakeFiles/Fruit.elf.dir/Drivers/STM32F4xx_HAL_Driver/Src/stm32f4xx_hal_uart.c.obj
LOAD c:/progra~2/armgnu~1/125863~1.3re/bin/../lib/gcc/arm-none-eabi/12.3.1/thumb/v7e-m/nofp\libstdc++.a
LOAD c:/progra~2/armgnu~1/125863~1.3re/bin/../lib/gcc/arm-none-eabi/12.3.1/thumb/v7e-m/nofp\libm.a
START GROUP
LOAD c:/progra~2/armgnu~1/125863~1.3re/bin/../lib/gcc/arm-none-eabi/12.3.1/thumb/v7e-m/nofp\libgcc.a
LOAD c:/progra~2/armgnu~1/125863~1.3re/bin/../lib/gcc/arm-none-eabi/12.3.1/thumb/v7e-m/nofp\libg.a
LOAD c:/progra~2/armgnu~1/125863~1.3re/bin/../lib/gcc/arm-none-eabi/12.3.1/thumb/v7e-m/nofp\libc.a
END GROUP
LOAD c:/progra~2/armgnu~1/125863~1.3re/bin/../lib/gcc/arm-none-eabi/12.3.1/thumb/v7e-m/nofp/crtend.o
LOAD c:/progra~2/armgnu~1/125863~1.3re/bin/../lib/gcc/arm-none-eabi/12.3.1/thumb/v7e-m/nofp/crtn.o
                0x20020000                        _estack = (ORIGIN (RAM) + LENGTH (RAM))
                0x00000200                        _Min_Heap_Size = 0x200
                0x00000400                        _Min_Stack_Size = 0x400

.isr_vector     0x08000000      0x188
                0x08000000                        . = ALIGN (0x4)
 *(.isr_vector)
 .isr_vector    0x08000000      0x188 CMakeFiles/Fruit.elf.dir/Core/Startup/startup_stm32f407zgtx.s.obj
                0x08000000                g_pfnVectors
                0x08000188                        . = ALIGN (0x4)

.text           0x080001c0    0x14df4
                0x080001c0                        . = ALIGN (0x4)
 *(.text)
 .text          0x080001c0      0x378 c:/progra~2/armgnu~1/125863~1.3re/bin/../lib/gcc/arm-none-eabi/12.3.1/thumb/v7e-m/nofp\libgcc.a(_arm_addsubdf3.o)
                0x080001c0                __aeabi_drsub
                0x080001c8                __aeabi_dsub
                0x080001c8                __subdf3
                0x080001cc                __aeabi_dadd
                0x080001cc                __adddf3
                0x08000444                __floatunsidf
                0x08000444                __aeabi_ui2d
                0x08000464                __floatsidf
                0x08000464                __aeabi_i2d
                0x08000488                __aeabi_f2d
                0x08000488                __extendsfdf2
                0x080004cc                __floatundidf
                0x080004cc                __aeabi_ul2d
                0x080004dc                __floatdidf
                0x080004dc                __aeabi_l2d
 .text          0x08000538      0x424 c:/progra~2/armgnu~1/125863~1.3re/bin/../lib/gcc/arm-none-eabi/12.3.1/thumb/v7e-m/nofp\libgcc.a(_arm_muldivdf3.o)
                0x08000538                __aeabi_dmul
                0x08000538                __muldf3
                0x0800078c                __divdf3
                0x0800078c                __aeabi_ddiv
 .text          0x0800095c      0x110 c:/progra~2/armgnu~1/125863~1.3re/bin/../lib/gcc/arm-none-eabi/12.3.1/thumb/v7e-m/nofp\libgcc.a(_arm_cmpdf2.o)
                0x0800095c                __gtdf2
                0x0800095c                __gedf2
                0x08000964                __ltdf2
                0x08000964                __ledf2
                0x0800096c                __nedf2
                0x0800096c                __eqdf2
                0x0800096c                __cmpdf2
                0x080009e8                __aeabi_cdrcmple
                0x080009f8                __aeabi_cdcmpeq
                0x080009f8                __aeabi_cdcmple
                0x08000a08                __aeabi_dcmpeq
                0x08000a1c                __aeabi_dcmplt
                0x08000a30                __aeabi_dcmple
                0x08000a44                __aeabi_dcmpge
                0x08000a58                __aeabi_dcmpgt
 .text          0x08000a6c       0x2c c:/progra~2/armgnu~1/125863~1.3re/bin/../lib/gcc/arm-none-eabi/12.3.1/thumb/v7e-m/nofp\libgcc.a(_arm_unorddf2.o)
                0x08000a6c                __unorddf2
                0x08000a6c                __aeabi_dcmpun
 .text          0x08000a98       0x50 c:/progra~2/armgnu~1/125863~1.3re/bin/../lib/gcc/arm-none-eabi/12.3.1/thumb/v7e-m/nofp\libgcc.a(_arm_fixdfsi.o)
                0x08000a98                __aeabi_d2iz
                0x08000a98                __fixdfsi
 .text          0x08000ae8       0x40 c:/progra~2/armgnu~1/125863~1.3re/bin/../lib/gcc/arm-none-eabi/12.3.1/thumb/v7e-m/nofp\libgcc.a(_arm_fixunsdfsi.o)
                0x08000ae8                __aeabi_d2uiz
                0x08000ae8                __fixunsdfsi
 .text          0x08000b28       0x30 c:/progra~2/armgnu~1/125863~1.3re/bin/../lib/gcc/arm-none-eabi/12.3.1/thumb/v7e-m/nofp\libgcc.a(_aeabi_uldivmod.o)
                0x08000b28                __aeabi_uldivmod
 .text          0x08000b58      0x1ac c:/progra~2/armgnu~1/125863~1.3re/bin/../lib/gcc/arm-none-eabi/12.3.1/thumb/v7e-m/nofp\libgcc.a(libunwind.o)
                0x08000b58                __restore_core_regs
                0x08000b58                restore_core_regs
                0x08000b70                __gnu_Unwind_Restore_VFP
                0x08000b78                __gnu_Unwind_Save_VFP
                0x08000b80                __gnu_Unwind_Restore_VFP_D
                0x08000b88                __gnu_Unwind_Save_VFP_D
                0x08000b90                __gnu_Unwind_Restore_VFP_D_16_to_31
                0x08000b98                __gnu_Unwind_Save_VFP_D_16_to_31
                0x08000ba0                __gnu_Unwind_Restore_WMMXD
                0x08000be4                __gnu_Unwind_Save_WMMXD
                0x08000c28                __gnu_Unwind_Restore_WMMXC
                0x08000c3c                __gnu_Unwind_Save_WMMXC
                0x08000c50                ___Unwind_RaiseException
                0x08000c50                _Unwind_RaiseException
                0x08000c74                _Unwind_Resume
                0x08000c74                ___Unwind_Resume
                0x08000c98                _Unwind_Resume_or_Rethrow
                0x08000c98                ___Unwind_Resume_or_Rethrow
                0x08000cbc                _Unwind_ForcedUnwind
                0x08000cbc                ___Unwind_ForcedUnwind
                0x08000ce0                ___Unwind_Backtrace
                0x08000ce0                _Unwind_Backtrace
 .text          0x08000d04        0x4 c:/progra~2/armgnu~1/125863~1.3re/bin/../lib/gcc/arm-none-eabi/12.3.1/thumb/v7e-m/nofp\libgcc.a(_dvmd_tls.o)
                0x08000d04                __aeabi_idiv0
                0x08000d04                __aeabi_ldiv0
 *fill*         0x08000d08       0x18 
 .text          0x08000d20      0x2e0 c:/progra~2/armgnu~1/125863~1.3re/bin/../lib/gcc/arm-none-eabi/12.3.1/thumb/v7e-m/nofp\libg.a(libc_a-strcmp.o)
                0x08000d20                strcmp
 .text          0x08001000       0xa0 c:/progra~2/armgnu~1/125863~1.3re/bin/../lib/gcc/arm-none-eabi/12.3.1/thumb/v7e-m/nofp\libg.a(libc_a-memchr.o)
                0x08001000                memchr
 .text          0x080010a0      0x134 c:/progra~2/armgnu~1/125863~1.3re/bin/../lib/gcc/arm-none-eabi/12.3.1/thumb/v7e-m/nofp\libg.a(libc_a-memcpy.o)
                0x080010a0                memcpy
 *fill*         0x080011d4       0x2c 
 .text          0x08001200       0xd8 c:/progra~2/armgnu~1/125863~1.3re/bin/../lib/gcc/arm-none-eabi/12.3.1/thumb/v7e-m/nofp\libg.a(libc_a-strlen.o)
                0x08001200                strlen
 *(.text*)
 .text.deregister_tm_clones
                0x080012d8       0x1c c:/progra~2/armgnu~1/125863~1.3re/bin/../lib/gcc/arm-none-eabi/12.3.1/thumb/v7e-m/nofp/crtbegin.o
 .text.register_tm_clones
                0x080012f4       0x24 c:/progra~2/armgnu~1/125863~1.3re/bin/../lib/gcc/arm-none-eabi/12.3.1/thumb/v7e-m/nofp/crtbegin.o
 .text.__do_global_dtors_aux
                0x08001318       0x28 c:/progra~2/armgnu~1/125863~1.3re/bin/../lib/gcc/arm-none-eabi/12.3.1/thumb/v7e-m/nofp/crtbegin.o
 .text.frame_dummy
                0x08001340       0x24 c:/progra~2/armgnu~1/125863~1.3re/bin/../lib/gcc/arm-none-eabi/12.3.1/thumb/v7e-m/nofp/crtbegin.o
 .text.motorCallbackLF
                0x08001364      0x164 CMakeFiles/Fruit.elf.dir/Core/Src/RoboMain.cpp.obj
                0x08001364                motorCallbackLF
 .text.motorCallbackLB
                0x080014c8      0x164 CMakeFiles/Fruit.elf.dir/Core/Src/RoboMain.cpp.obj
                0x080014c8                motorCallbackLB
 .text.motorCallbackRF
                0x0800162c      0x164 CMakeFiles/Fruit.elf.dir/Core/Src/RoboMain.cpp.obj
                0x0800162c                motorCallbackRF
 .text.motorCallbackRB
                0x08001790      0x164 CMakeFiles/Fruit.elf.dir/Core/Src/RoboMain.cpp.obj
                0x08001790                motorCallbackRB
 .text.PwmServoCallback1
                0x080018f4       0x70 CMakeFiles/Fruit.elf.dir/Core/Src/RoboMain.cpp.obj
                0x080018f4                PwmServoCallback1
 .text.PwmServoCallback2
                0x08001964       0x70 CMakeFiles/Fruit.elf.dir/Core/Src/RoboMain.cpp.obj
                0x08001964                PwmServoCallback2
 *fill*         0x080019d4        0x4 
 .text._Z41__static_initialization_and_destruction_0ii
                0x080019d8      0x1a0 CMakeFiles/Fruit.elf.dir/Core/Src/RoboMain.cpp.obj
 .text.RobotInit
                0x08001b78      0x1e0 CMakeFiles/Fruit.elf.dir/Core/Src/RoboMain.cpp.obj
                0x08001b78                RobotInit
 .text.RoboTick
                0x08001d58       0x88 CMakeFiles/Fruit.elf.dir/Core/Src/RoboMain.cpp.obj
                0x08001d58                RoboTick
 .text.RobotInitServo
                0x08001de0       0x24 CMakeFiles/Fruit.elf.dir/Core/Src/RoboMain.cpp.obj
                0x08001de0                RobotInitServo
 *fill*         0x08001e04        0x4 
 .text.RobotArmMiddle
                0x08001e08       0xac CMakeFiles/Fruit.elf.dir/Core/Src/RoboMain.cpp.obj
                0x08001e08                RobotArmMiddle
 *fill*         0x08001eb4        0x4 
 .text.RobotGrabRightUp
                0x08001eb8      0x3e8 CMakeFiles/Fruit.elf.dir/Core/Src/RoboMain.cpp.obj
                0x08001eb8                RobotGrabRightUp
 .text.RobotGrabLeftGround
                0x080022a0      0x3d8 CMakeFiles/Fruit.elf.dir/Core/Src/RoboMain.cpp.obj
                0x080022a0                RobotGrabLeftGround
 .text.HAL_UART_RxCpltCallback
                0x08002678       0xb0 CMakeFiles/Fruit.elf.dir/Core/Src/RoboMain.cpp.obj
                0x08002678                HAL_UART_RxCpltCallback
 .text.RobotBeginVoice
                0x08002728       0x88 CMakeFiles/Fruit.elf.dir/Core/Src/RoboMain.cpp.obj
                0x08002728                RobotBeginVoice
 .text._GLOBAL__sub_I_amount_of_fruits
                0x080027b0        0xe CMakeFiles/Fruit.elf.dir/Core/Src/RoboMain.cpp.obj
 .text._ZN5ServoC2E9ServoTypeddi
                0x080027be       0x2c CMakeFiles/Fruit.elf.dir/Core/Src/Servo.cpp.obj
                0x080027be                Servo::Servo(ServoType, double, double, int)
                0x080027be                Servo::Servo(ServoType, double, double, int)
 .text._ZN5ServoD2Ev
                0x080027ea        0x2 CMakeFiles/Fruit.elf.dir/Core/Src/Servo.cpp.obj
                0x080027ea                Servo::~Servo()
                0x080027ea                Servo::~Servo()
 .text._ZN5Servo8GetAngleEv
                0x080027ec        0x6 CMakeFiles/Fruit.elf.dir/Core/Src/Servo.cpp.obj
                0x080027ec                Servo::GetAngle()
 .text._ZN5Servo11SetCallbackEPFvddE
                0x080027f2        0x4 CMakeFiles/Fruit.elf.dir/Core/Src/Servo.cpp.obj
                0x080027f2                Servo::SetCallback(void (*)(double, double))
 *fill*         0x080027f6        0x2 
 .text._ZN5Servo14PwmCommitAngleEdi
                0x080027f8       0x6c CMakeFiles/Fruit.elf.dir/Core/Src/Servo.cpp.obj
                0x080027f8                Servo::PwmCommitAngle(double, int)
 .text.doubleToHexBytes
                0x08002864       0x16 CMakeFiles/Fruit.elf.dir/Core/Src/Servo.cpp.obj
                0x08002864                doubleToHexBytes
 .text.calculateChecksum
                0x0800287a       0x22 CMakeFiles/Fruit.elf.dir/Core/Src/Servo.cpp.obj
                0x0800287a                calculateChecksum
 *fill*         0x0800289c        0x4 
 .text._ZN5Servo15MoveBusServoCmdEdd
                0x080028a0       0xd0 CMakeFiles/Fruit.elf.dir/Core/Src/Servo.cpp.obj
                0x080028a0                Servo::MoveBusServoCmd(double, double)
 .text._ZN3RDK9RobotSpinC2Ev
                0x08002970       0x54 CMakeFiles/Fruit.elf.dir/Core/Src/Spin.cpp.obj
                0x08002970                RDK::RobotSpin::RobotSpin()
                0x08002970                RDK::RobotSpin::RobotSpin()
 .text._ZN3RDK9RobotSpinD2Ev
                0x080029c4        0xc CMakeFiles/Fruit.elf.dir/Core/Src/Spin.cpp.obj
                0x080029c4                RDK::RobotSpin::~RobotSpin()
                0x080029c4                RDK::RobotSpin::~RobotSpin()
 .text._ZN3RDK9RobotSpin19get_current_headingEv
                0x080029d0       0x64 CMakeFiles/Fruit.elf.dir/Core/Src/Spin.cpp.obj
                0x080029d0                RDK::RobotSpin::get_current_heading()
 .text._ZN3RDK9RobotSpin13GetNowHeadingEv
                0x08002a34        0x8 CMakeFiles/Fruit.elf.dir/Core/Src/Spin.cpp.obj
                0x08002a34                RDK::RobotSpin::GetNowHeading()
 .text._ZN3RDK9RobotSpin10LinkMotionEPNS_14TwoWheelMotionE
                0x08002a3c        0x6 CMakeFiles/Fruit.elf.dir/Core/Src/Spin.cpp.obj
                0x08002a3c                RDK::RobotSpin::LinkMotion(RDK::TwoWheelMotion*)
 .text._ZN3RDK9RobotSpin18SetEncodingMotorLFEPNS_13EncodingMotorE
                0x08002a42        0x6 CMakeFiles/Fruit.elf.dir/Core/Src/Spin.cpp.obj
                0x08002a42                RDK::RobotSpin::SetEncodingMotorLF(RDK::EncodingMotor*)
 .text._ZN3RDK9RobotSpin18SetEncodingMotorLBEPNS_13EncodingMotorE
                0x08002a48        0x6 CMakeFiles/Fruit.elf.dir/Core/Src/Spin.cpp.obj
                0x08002a48                RDK::RobotSpin::SetEncodingMotorLB(RDK::EncodingMotor*)
 .text._ZN3RDK9RobotSpin18SetEncodingMotorRFEPNS_13EncodingMotorE
                0x08002a4e        0x6 CMakeFiles/Fruit.elf.dir/Core/Src/Spin.cpp.obj
                0x08002a4e                RDK::RobotSpin::SetEncodingMotorRF(RDK::EncodingMotor*)
 .text._ZN3RDK9RobotSpin18SetEncodingMotorRBEPNS_13EncodingMotorE
                0x08002a54        0x6 CMakeFiles/Fruit.elf.dir/Core/Src/Spin.cpp.obj
                0x08002a54                RDK::RobotSpin::SetEncodingMotorRB(RDK::EncodingMotor*)
 *fill*         0x08002a5a        0x2 
 .text.MX_DMA_Init
                0x08002a5c       0x34 CMakeFiles/Fruit.elf.dir/Core/Src/dma.c.obj
                0x08002a5c                MX_DMA_Init
 .text.MX_GPIO_Init
                0x08002a90      0x140 CMakeFiles/Fruit.elf.dir/Core/Src/gpio.c.obj
                0x08002a90                MX_GPIO_Init
 .text.CRC8_Table
                0x08002bd0       0x20 CMakeFiles/Fruit.elf.dir/Core/Src/imu.cpp.obj
                0x08002bd0                CRC8_Table
 .text.CRC16_Table
                0x08002bf0       0x30 CMakeFiles/Fruit.elf.dir/Core/Src/imu.cpp.obj
                0x08002bf0                CRC16_Table
 .text._ZN3IMU7GetAHRSEv
                0x08002c20        0x4 CMakeFiles/Fruit.elf.dir/Core/Src/imu.cpp.obj
                0x08002c20                IMU::GetAHRS()
 .text._ZN3IMUC2Ev
                0x08002c24        0x2 CMakeFiles/Fruit.elf.dir/Core/Src/imu.cpp.obj
                0x08002c24                IMU::IMU()
                0x08002c24                IMU::IMU()
 .text._ZN3IMUD2Ev
                0x08002c26        0x2 CMakeFiles/Fruit.elf.dir/Core/Src/imu.cpp.obj
                0x08002c26                IMU::~IMU()
                0x08002c26                IMU::~IMU()
 .text._ZN3IMU16handleIMUPackageEiPhi
                0x08002c28       0x7c CMakeFiles/Fruit.elf.dir/Core/Src/imu.cpp.obj
                0x08002c28                IMU::handleIMUPackage(int, unsigned char*, int)
 .text._ZN3IMU17decodeAHRSPackageEPh
                0x08002ca4       0xa2 CMakeFiles/Fruit.elf.dir/Core/Src/imu.cpp.obj
                0x08002ca4                IMU::decodeAHRSPackage(unsigned char*)
 *fill*         0x08002d46        0x2 
 .text.HAL_TIM_PeriodElapsedCallback
                0x08002d48       0x18 CMakeFiles/Fruit.elf.dir/Core/Src/main.c.obj
                0x08002d48                HAL_TIM_PeriodElapsedCallback
 .text.Error_Handler
                0x08002d60        0x4 CMakeFiles/Fruit.elf.dir/Core/Src/main.c.obj
                0x08002d60                Error_Handler
 .text.SystemClock_Config
                0x08002d64       0xa4 CMakeFiles/Fruit.elf.dir/Core/Src/main.c.obj
                0x08002d64                SystemClock_Config
 .text.main     0x08002e08       0xf4 CMakeFiles/Fruit.elf.dir/Core/Src/main.c.obj
                0x08002e08                main
 *fill*         0x08002efc        0x4 
 .text._ZN3RDK14TwoWheelMotionC2Ev
                0x08002f00       0x98 CMakeFiles/Fruit.elf.dir/Core/Src/motion.cpp.obj
                0x08002f00                RDK::TwoWheelMotion::TwoWheelMotion()
                0x08002f00                RDK::TwoWheelMotion::TwoWheelMotion()
 .text._ZN3RDK14TwoWheelMotionD2Ev
                0x08002f98        0x2 CMakeFiles/Fruit.elf.dir/Core/Src/motion.cpp.obj
                0x08002f98                RDK::TwoWheelMotion::~TwoWheelMotion()
                0x08002f98                RDK::TwoWheelMotion::~TwoWheelMotion()
 .text._ZN3RDK14TwoWheelMotion18SetEncodingMotorLFEPNS_13EncodingMotorE
                0x08002f9a        0x4 CMakeFiles/Fruit.elf.dir/Core/Src/motion.cpp.obj
                0x08002f9a                RDK::TwoWheelMotion::SetEncodingMotorLF(RDK::EncodingMotor*)
 .text._ZN3RDK14TwoWheelMotion18SetEncodingMotorRFEPNS_13EncodingMotorE
                0x08002f9e        0x4 CMakeFiles/Fruit.elf.dir/Core/Src/motion.cpp.obj
                0x08002f9e                RDK::TwoWheelMotion::SetEncodingMotorRF(RDK::EncodingMotor*)
 .text._ZN3RDK14TwoWheelMotion18SetEncodingMotorLBEPNS_13EncodingMotorE
                0x08002fa2        0x4 CMakeFiles/Fruit.elf.dir/Core/Src/motion.cpp.obj
                0x08002fa2                RDK::TwoWheelMotion::SetEncodingMotorLB(RDK::EncodingMotor*)
 .text._ZN3RDK14TwoWheelMotion18SetEncodingMotorRBEPNS_13EncodingMotorE
                0x08002fa6        0x4 CMakeFiles/Fruit.elf.dir/Core/Src/motion.cpp.obj
                0x08002fa6                RDK::TwoWheelMotion::SetEncodingMotorRB(RDK::EncodingMotor*)
 .text._ZN3RDK13EncodingMotorC2Ev
                0x08002faa       0x2e CMakeFiles/Fruit.elf.dir/Core/Src/motor.cpp.obj
                0x08002faa                RDK::EncodingMotor::EncodingMotor()
                0x08002faa                RDK::EncodingMotor::EncodingMotor()
 .text._ZN3RDK13EncodingMotorD2Ev
                0x08002fd8        0xe CMakeFiles/Fruit.elf.dir/Core/Src/motor.cpp.obj
                0x08002fd8                RDK::EncodingMotor::~EncodingMotor()
                0x08002fd8                RDK::EncodingMotor::~EncodingMotor()
 .text._ZN3RDK13EncodingMotor6SetPIDEddd
                0x08002fe6       0x22 CMakeFiles/Fruit.elf.dir/Core/Src/motor.cpp.obj
                0x08002fe6                RDK::EncodingMotor::SetPID(double, double, double)
 .text._ZN3RDK13EncodingMotor14SetOutputRangeEdd
                0x08003008       0x1e CMakeFiles/Fruit.elf.dir/Core/Src/motor.cpp.obj
                0x08003008                RDK::EncodingMotor::SetOutputRange(double, double)
 .text._ZN3RDK13EncodingMotor10SetReverseEb
                0x08003026        0x4 CMakeFiles/Fruit.elf.dir/Core/Src/motor.cpp.obj
                0x08003026                RDK::EncodingMotor::SetReverse(bool)
 .text._ZN3RDK13EncodingMotor10GetReverseEv
                0x0800302a        0x4 CMakeFiles/Fruit.elf.dir/Core/Src/motor.cpp.obj
                0x0800302a                RDK::EncodingMotor::GetReverse()
 .text._ZN3RDK13EncodingMotor8SetSpeedEd
                0x0800302e       0x14 CMakeFiles/Fruit.elf.dir/Core/Src/motor.cpp.obj
                0x0800302e                RDK::EncodingMotor::SetSpeed(double)
 .text._ZN3RDK13EncodingMotor11SetCallbackEPFvdE
                0x08003042        0x4 CMakeFiles/Fruit.elf.dir/Core/Src/motor.cpp.obj
                0x08003042                RDK::EncodingMotor::SetCallback(void (*)(double))
 .text._ZN3RDK13EncodingMotor8AddPulseEi
                0x08003046       0x26 CMakeFiles/Fruit.elf.dir/Core/Src/motor.cpp.obj
                0x08003046                RDK::EncodingMotor::AddPulse(int)
 .text._ZN3RDK13EncodingMotor4TickEv
                0x0800306c       0x1c CMakeFiles/Fruit.elf.dir/Core/Src/motor.cpp.obj
                0x0800306c                RDK::EncodingMotor::Tick()
 .text._ZN3RDK3PID10CheckRangeEdRKSt4pairIddE
                0x08003088       0x52 CMakeFiles/Fruit.elf.dir/Core/Src/pid.cpp.obj
                0x08003088                RDK::PID::CheckRange(double, std::pair<double, double> const&)
 .text._ZN3RDK3PIDC2Ev
                0x080030da       0x2a CMakeFiles/Fruit.elf.dir/Core/Src/pid.cpp.obj
                0x080030da                RDK::PID::PID()
                0x080030da                RDK::PID::PID()
 .text._ZN3RDK3PIDD2Ev
                0x08003104        0x2 CMakeFiles/Fruit.elf.dir/Core/Src/pid.cpp.obj
                0x08003104                RDK::PID::~PID()
                0x08003104                RDK::PID::~PID()
 .text._ZN3RDK3PID10SetPIDTypeENS_7PIDTypeE
                0x08003106        0x6 CMakeFiles/Fruit.elf.dir/Core/Src/pid.cpp.obj
                0x08003106                RDK::PID::SetPIDType(RDK::PIDType)
 .text._ZN3RDK3PID5SetKpEd
                0x0800310c        0xa CMakeFiles/Fruit.elf.dir/Core/Src/pid.cpp.obj
                0x0800310c                RDK::PID::SetKp(double)
 .text._ZN3RDK3PID5SetKiEd
                0x08003116        0xa CMakeFiles/Fruit.elf.dir/Core/Src/pid.cpp.obj
                0x08003116                RDK::PID::SetKi(double)
 .text._ZN3RDK3PID5SetKdEd
                0x08003120        0xa CMakeFiles/Fruit.elf.dir/Core/Src/pid.cpp.obj
                0x08003120                RDK::PID::SetKd(double)
 .text._ZN3RDK3PID8SetInputEd
                0x0800312a        0xa CMakeFiles/Fruit.elf.dir/Core/Src/pid.cpp.obj
                0x0800312a                RDK::PID::SetInput(double)
 .text._ZN3RDK3PID9SetTargetEd
                0x08003134        0xa CMakeFiles/Fruit.elf.dir/Core/Src/pid.cpp.obj
                0x08003134                RDK::PID::SetTarget(double)
 .text._ZN3RDK3PID9GetOutputEv
                0x0800313e        0x6 CMakeFiles/Fruit.elf.dir/Core/Src/pid.cpp.obj
                0x0800313e                RDK::PID::GetOutput()
 .text._ZN3RDK3PID18GetTotalErrorRangeEv
                0x08003144        0xe CMakeFiles/Fruit.elf.dir/Core/Src/pid.cpp.obj
                0x08003144                RDK::PID::GetTotalErrorRange()
 .text._ZN3RDK3PID14SetOutputRangeEdd
                0x08003152       0x2a CMakeFiles/Fruit.elf.dir/Core/Src/pid.cpp.obj
                0x08003152                RDK::PID::SetOutputRange(double, double)
 .text._ZN3RDK3PID14GetOutputRangeEv
                0x0800317c        0xe CMakeFiles/Fruit.elf.dir/Core/Src/pid.cpp.obj
                0x0800317c                RDK::PID::GetOutputRange()
 .text._ZN3RDK3PID7IncTickEv
                0x0800318a       0xd8 CMakeFiles/Fruit.elf.dir/Core/Src/pid.cpp.obj
                0x0800318a                RDK::PID::IncTick()
 .text._ZN3RDK3PID7PosTickEv
                0x08003262       0xca CMakeFiles/Fruit.elf.dir/Core/Src/pid.cpp.obj
                0x08003262                RDK::PID::PosTick()
 .text._ZN3RDK3PID4TickEv
                0x0800332c       0x22 CMakeFiles/Fruit.elf.dir/Core/Src/pid.cpp.obj
                0x0800332c                RDK::PID::Tick()
 *fill*         0x0800334e        0x2 
 .text.HAL_MspInit
                0x08003350       0x38 CMakeFiles/Fruit.elf.dir/Core/Src/stm32f4xx_hal_msp.c.obj
                0x08003350                HAL_MspInit
 .text.NMI_Handler
                0x08003388        0x2 CMakeFiles/Fruit.elf.dir/Core/Src/stm32f4xx_it.c.obj
                0x08003388                NMI_Handler
 .text.HardFault_Handler
                0x0800338a        0x2 CMakeFiles/Fruit.elf.dir/Core/Src/stm32f4xx_it.c.obj
                0x0800338a                HardFault_Handler
 .text.MemManage_Handler
                0x0800338c        0x2 CMakeFiles/Fruit.elf.dir/Core/Src/stm32f4xx_it.c.obj
                0x0800338c                MemManage_Handler
 .text.BusFault_Handler
                0x0800338e        0x2 CMakeFiles/Fruit.elf.dir/Core/Src/stm32f4xx_it.c.obj
                0x0800338e                BusFault_Handler
 .text.UsageFault_Handler
                0x08003390        0x2 CMakeFiles/Fruit.elf.dir/Core/Src/stm32f4xx_it.c.obj
                0x08003390                UsageFault_Handler
 .text.SVC_Handler
                0x08003392        0x2 CMakeFiles/Fruit.elf.dir/Core/Src/stm32f4xx_it.c.obj
                0x08003392                SVC_Handler
 .text.DebugMon_Handler
                0x08003394        0x2 CMakeFiles/Fruit.elf.dir/Core/Src/stm32f4xx_it.c.obj
                0x08003394                DebugMon_Handler
 .text.PendSV_Handler
                0x08003396        0x2 CMakeFiles/Fruit.elf.dir/Core/Src/stm32f4xx_it.c.obj
                0x08003396                PendSV_Handler
 .text.SysTick_Handler
                0x08003398        0x8 CMakeFiles/Fruit.elf.dir/Core/Src/stm32f4xx_it.c.obj
                0x08003398                SysTick_Handler
 .text.DMA1_Stream5_IRQHandler
                0x080033a0       0x10 CMakeFiles/Fruit.elf.dir/Core/Src/stm32f4xx_it.c.obj
                0x080033a0                DMA1_Stream5_IRQHandler
 .text.USART2_IRQHandler
                0x080033b0       0x10 CMakeFiles/Fruit.elf.dir/Core/Src/stm32f4xx_it.c.obj
                0x080033b0                USART2_IRQHandler
 .text.TIM7_IRQHandler
                0x080033c0       0x10 CMakeFiles/Fruit.elf.dir/Core/Src/stm32f4xx_it.c.obj
                0x080033c0                TIM7_IRQHandler
 .text.USART6_IRQHandler
                0x080033d0       0x10 CMakeFiles/Fruit.elf.dir/Core/Src/stm32f4xx_it.c.obj
                0x080033d0                USART6_IRQHandler
 .text._getpid  0x080033e0        0x4 CMakeFiles/Fruit.elf.dir/Core/Src/syscalls.c.obj
                0x080033e0                _getpid
 .text._kill    0x080033e4       0x10 CMakeFiles/Fruit.elf.dir/Core/Src/syscalls.c.obj
                0x080033e4                _kill
 .text._exit    0x080033f4        0xc CMakeFiles/Fruit.elf.dir/Core/Src/syscalls.c.obj
                0x080033f4                _exit
 .text._read    0x08003400       0x20 CMakeFiles/Fruit.elf.dir/Core/Src/syscalls.c.obj
                0x08003400                _read
 .text._write   0x08003420       0x1c CMakeFiles/Fruit.elf.dir/Core/Src/syscalls.c.obj
                0x08003420                _write
 .text._close   0x0800343c        0x6 CMakeFiles/Fruit.elf.dir/Core/Src/syscalls.c.obj
                0x0800343c                _close
 .text._fstat   0x08003442        0xa CMakeFiles/Fruit.elf.dir/Core/Src/syscalls.c.obj
                0x08003442                _fstat
 .text._isatty  0x0800344c        0x4 CMakeFiles/Fruit.elf.dir/Core/Src/syscalls.c.obj
                0x0800344c                _isatty
 .text._lseek   0x08003450        0x4 CMakeFiles/Fruit.elf.dir/Core/Src/syscalls.c.obj
                0x08003450                _lseek
 .text._sbrk    0x08003454       0x48 CMakeFiles/Fruit.elf.dir/Core/Src/sysmem.c.obj
                0x08003454                _sbrk
 .text.SystemInit
                0x0800349c        0x2 CMakeFiles/Fruit.elf.dir/Core/Src/system_stm32f4xx.c.obj
                0x0800349c                SystemInit
 *fill*         0x0800349e        0x2 
 .text.MX_TIM2_Init
                0x080034a0       0x64 CMakeFiles/Fruit.elf.dir/Core/Src/tim.c.obj
                0x080034a0                MX_TIM2_Init
 .text.MX_TIM3_Init
                0x08003504       0x64 CMakeFiles/Fruit.elf.dir/Core/Src/tim.c.obj
                0x08003504                MX_TIM3_Init
 .text.MX_TIM4_Init
                0x08003568       0x64 CMakeFiles/Fruit.elf.dir/Core/Src/tim.c.obj
                0x08003568                MX_TIM4_Init
 .text.MX_TIM7_Init
                0x080035cc       0x50 CMakeFiles/Fruit.elf.dir/Core/Src/tim.c.obj
                0x080035cc                MX_TIM7_Init
 .text.MX_TIM8_Init
                0x0800361c       0x68 CMakeFiles/Fruit.elf.dir/Core/Src/tim.c.obj
                0x0800361c                MX_TIM8_Init
 .text.HAL_TIM_Base_MspInit
                0x08003684       0x8c CMakeFiles/Fruit.elf.dir/Core/Src/tim.c.obj
                0x08003684                HAL_TIM_Base_MspInit
 .text.HAL_TIM_Encoder_MspInit
                0x08003710      0x180 CMakeFiles/Fruit.elf.dir/Core/Src/tim.c.obj
                0x08003710                HAL_TIM_Encoder_MspInit
 .text.HAL_TIM_MspPostInit
                0x08003890       0x94 CMakeFiles/Fruit.elf.dir/Core/Src/tim.c.obj
                0x08003890                HAL_TIM_MspPostInit
 .text.MX_TIM1_Init
                0x08003924      0x120 CMakeFiles/Fruit.elf.dir/Core/Src/tim.c.obj
                0x08003924                MX_TIM1_Init
 .text.MX_TIM9_Init
                0x08003a44       0xa8 CMakeFiles/Fruit.elf.dir/Core/Src/tim.c.obj
                0x08003a44                MX_TIM9_Init
 .text.MX_UART4_Init
                0x08003aec       0x34 CMakeFiles/Fruit.elf.dir/Core/Src/usart.c.obj
                0x08003aec                MX_UART4_Init
 .text.MX_UART5_Init
                0x08003b20       0x34 CMakeFiles/Fruit.elf.dir/Core/Src/usart.c.obj
                0x08003b20                MX_UART5_Init
 .text.MX_USART1_UART_Init
                0x08003b54       0x34 CMakeFiles/Fruit.elf.dir/Core/Src/usart.c.obj
                0x08003b54                MX_USART1_UART_Init
 .text.MX_USART2_UART_Init
                0x08003b88       0x34 CMakeFiles/Fruit.elf.dir/Core/Src/usart.c.obj
                0x08003b88                MX_USART2_UART_Init
 .text.MX_USART3_UART_Init
                0x08003bbc       0x34 CMakeFiles/Fruit.elf.dir/Core/Src/usart.c.obj
                0x08003bbc                MX_USART3_UART_Init
 .text.MX_USART6_UART_Init
                0x08003bf0       0x34 CMakeFiles/Fruit.elf.dir/Core/Src/usart.c.obj
                0x08003bf0                MX_USART6_UART_Init
 .text.HAL_UART_MspInit
                0x08003c24      0x2a8 CMakeFiles/Fruit.elf.dir/Core/Src/usart.c.obj
                0x08003c24                HAL_UART_MspInit
 .text.Reset_Handler
                0x08003ecc       0x50 CMakeFiles/Fruit.elf.dir/Core/Startup/startup_stm32f407zgtx.s.obj
                0x08003ecc                Reset_Handler
 .text.Default_Handler
                0x08003f1c        0x2 CMakeFiles/Fruit.elf.dir/Core/Startup/startup_stm32f407zgtx.s.obj
                0x08003f1c                RTC_Alarm_IRQHandler
                0x08003f1c                HASH_RNG_IRQHandler
                0x08003f1c                EXTI2_IRQHandler
                0x08003f1c                TIM8_CC_IRQHandler
                0x08003f1c                TIM1_CC_IRQHandler
                0x08003f1c                DMA2_Stream5_IRQHandler
                0x08003f1c                PVD_IRQHandler
                0x08003f1c                SDIO_IRQHandler
                0x08003f1c                TAMP_STAMP_IRQHandler
                0x08003f1c                CAN2_RX1_IRQHandler
                0x08003f1c                EXTI3_IRQHandler
                0x08003f1c                TIM8_TRG_COM_TIM14_IRQHandler
                0x08003f1c                TIM1_UP_TIM10_IRQHandler
                0x08003f1c                TIM8_UP_TIM13_IRQHandler
                0x08003f1c                I2C3_ER_IRQHandler
                0x08003f1c                EXTI0_IRQHandler
                0x08003f1c                I2C2_EV_IRQHandler
                0x08003f1c                DMA1_Stream2_IRQHandler
                0x08003f1c                CAN1_RX0_IRQHandler
                0x08003f1c                FPU_IRQHandler
                0x08003f1c                OTG_HS_WKUP_IRQHandler
                0x08003f1c                CAN2_SCE_IRQHandler
                0x08003f1c                DMA2_Stream2_IRQHandler
                0x08003f1c                SPI1_IRQHandler
                0x08003f1c                TIM6_DAC_IRQHandler
                0x08003f1c                TIM1_BRK_TIM9_IRQHandler
                0x08003f1c                DCMI_IRQHandler
                0x08003f1c                CAN2_RX0_IRQHandler
                0x08003f1c                DMA2_Stream3_IRQHandler
                0x08003f1c                USART3_IRQHandler
                0x08003f1c                CAN1_RX1_IRQHandler
                0x08003f1c                UART5_IRQHandler
                0x08003f1c                DMA2_Stream0_IRQHandler
                0x08003f1c                TIM4_IRQHandler
                0x08003f1c                I2C1_EV_IRQHandler
                0x08003f1c                DMA1_Stream6_IRQHandler
                0x08003f1c                DMA1_Stream1_IRQHandler
                0x08003f1c                UART4_IRQHandler
                0x08003f1c                TIM3_IRQHandler
                0x08003f1c                RCC_IRQHandler
                0x08003f1c                TIM8_BRK_TIM12_IRQHandler
                0x08003f1c                Default_Handler
                0x08003f1c                EXTI15_10_IRQHandler
                0x08003f1c                ADC_IRQHandler
                0x08003f1c                DMA1_Stream7_IRQHandler
                0x08003f1c                CAN2_TX_IRQHandler
                0x08003f1c                TIM5_IRQHandler
                0x08003f1c                DMA2_Stream7_IRQHandler
                0x08003f1c                I2C3_EV_IRQHandler
                0x08003f1c                EXTI9_5_IRQHandler
                0x08003f1c                RTC_WKUP_IRQHandler
                0x08003f1c                ETH_WKUP_IRQHandler
                0x08003f1c                SPI2_IRQHandler
                0x08003f1c                OTG_HS_EP1_IN_IRQHandler
                0x08003f1c                DMA1_Stream0_IRQHandler
                0x08003f1c                CAN1_TX_IRQHandler
                0x08003f1c                EXTI4_IRQHandler
                0x08003f1c                FSMC_IRQHandler
                0x08003f1c                ETH_IRQHandler
                0x08003f1c                OTG_HS_EP1_OUT_IRQHandler
                0x08003f1c                WWDG_IRQHandler
                0x08003f1c                TIM2_IRQHandler
                0x08003f1c                OTG_FS_WKUP_IRQHandler
                0x08003f1c                TIM1_TRG_COM_TIM11_IRQHandler
                0x08003f1c                OTG_HS_IRQHandler
                0x08003f1c                EXTI1_IRQHandler
                0x08003f1c                I2C2_ER_IRQHandler
                0x08003f1c                DMA2_Stream1_IRQHandler
                0x08003f1c                CAN1_SCE_IRQHandler
                0x08003f1c                FLASH_IRQHandler
                0x08003f1c                DMA2_Stream4_IRQHandler
                0x08003f1c                USART1_IRQHandler
                0x08003f1c                OTG_FS_IRQHandler
                0x08003f1c                SPI3_IRQHandler
                0x08003f1c                DMA1_Stream4_IRQHandler
                0x08003f1c                I2C1_ER_IRQHandler
                0x08003f1c                DMA2_Stream6_IRQHandler
                0x08003f1c                DMA1_Stream3_IRQHandler
 *fill*         0x08003f1e        0x2 
 .text.HAL_InitTick
                0x08003f20       0x4c CMakeFiles/Fruit.elf.dir/Drivers/STM32F4xx_HAL_Driver/Src/stm32f4xx_hal.c.obj
                0x08003f20                HAL_InitTick
 .text.HAL_Init
                0x08003f6c       0x34 CMakeFiles/Fruit.elf.dir/Drivers/STM32F4xx_HAL_Driver/Src/stm32f4xx_hal.c.obj
                0x08003f6c                HAL_Init
 .text.HAL_IncTick
                0x08003fa0       0x18 CMakeFiles/Fruit.elf.dir/Drivers/STM32F4xx_HAL_Driver/Src/stm32f4xx_hal.c.obj
                0x08003fa0                HAL_IncTick
 .text.HAL_GetTick
                0x08003fb8        0xc CMakeFiles/Fruit.elf.dir/Drivers/STM32F4xx_HAL_Driver/Src/stm32f4xx_hal.c.obj
                0x08003fb8                HAL_GetTick
 .text.HAL_Delay
                0x08003fc4       0x28 CMakeFiles/Fruit.elf.dir/Drivers/STM32F4xx_HAL_Driver/Src/stm32f4xx_hal.c.obj
                0x08003fc4                HAL_Delay
 .text.__NVIC_EnableIRQ
                0x08003fec       0x1c CMakeFiles/Fruit.elf.dir/Drivers/STM32F4xx_HAL_Driver/Src/stm32f4xx_hal_cortex.c.obj
 .text.__NVIC_SetPriority
                0x08004008       0x28 CMakeFiles/Fruit.elf.dir/Drivers/STM32F4xx_HAL_Driver/Src/stm32f4xx_hal_cortex.c.obj
 .text.NVIC_EncodePriority
                0x08004030       0x3e CMakeFiles/Fruit.elf.dir/Drivers/STM32F4xx_HAL_Driver/Src/stm32f4xx_hal_cortex.c.obj
 *fill*         0x0800406e        0x2 
 .text.HAL_NVIC_SetPriorityGrouping
                0x08004070       0x24 CMakeFiles/Fruit.elf.dir/Drivers/STM32F4xx_HAL_Driver/Src/stm32f4xx_hal_cortex.c.obj
                0x08004070                HAL_NVIC_SetPriorityGrouping
 .text.HAL_NVIC_SetPriority
                0x08004094       0x20 CMakeFiles/Fruit.elf.dir/Drivers/STM32F4xx_HAL_Driver/Src/stm32f4xx_hal_cortex.c.obj
                0x08004094                HAL_NVIC_SetPriority
 .text.HAL_NVIC_EnableIRQ
                0x080040b4        0x8 CMakeFiles/Fruit.elf.dir/Drivers/STM32F4xx_HAL_Driver/Src/stm32f4xx_hal_cortex.c.obj
                0x080040b4                HAL_NVIC_EnableIRQ
 .text.HAL_SYSTICK_Config
                0x080040bc       0x28 CMakeFiles/Fruit.elf.dir/Drivers/STM32F4xx_HAL_Driver/Src/stm32f4xx_hal_cortex.c.obj
                0x080040bc                HAL_SYSTICK_Config
 .text.DMA_SetConfig
                0x080040e4       0x2c CMakeFiles/Fruit.elf.dir/Drivers/STM32F4xx_HAL_Driver/Src/stm32f4xx_hal_dma.c.obj
 .text.DMA_CalcBaseAndBitshift
                0x08004110       0x40 CMakeFiles/Fruit.elf.dir/Drivers/STM32F4xx_HAL_Driver/Src/stm32f4xx_hal_dma.c.obj
 .text.DMA_CheckFifoParam
                0x08004150       0x8e CMakeFiles/Fruit.elf.dir/Drivers/STM32F4xx_HAL_Driver/Src/stm32f4xx_hal_dma.c.obj
 *fill*         0x080041de        0x2 
 .text.HAL_DMA_Init
                0x080041e0       0xcc CMakeFiles/Fruit.elf.dir/Drivers/STM32F4xx_HAL_Driver/Src/stm32f4xx_hal_dma.c.obj
                0x080041e0                HAL_DMA_Init
 .text.HAL_DMA_Start_IT
                0x080042ac       0x6a CMakeFiles/Fruit.elf.dir/Drivers/STM32F4xx_HAL_Driver/Src/stm32f4xx_hal_dma.c.obj
                0x080042ac                HAL_DMA_Start_IT
 .text.HAL_DMA_Abort
                0x08004316       0x94 CMakeFiles/Fruit.elf.dir/Drivers/STM32F4xx_HAL_Driver/Src/stm32f4xx_hal_dma.c.obj
                0x08004316                HAL_DMA_Abort
 .text.HAL_DMA_Abort_IT
                0x080043aa       0x26 CMakeFiles/Fruit.elf.dir/Drivers/STM32F4xx_HAL_Driver/Src/stm32f4xx_hal_dma.c.obj
                0x080043aa                HAL_DMA_Abort_IT
 .text.HAL_DMA_IRQHandler
                0x080043d0      0x1dc CMakeFiles/Fruit.elf.dir/Drivers/STM32F4xx_HAL_Driver/Src/stm32f4xx_hal_dma.c.obj
                0x080043d0                HAL_DMA_IRQHandler
 .text.HAL_GPIO_Init
                0x080045ac      0x1f4 CMakeFiles/Fruit.elf.dir/Drivers/STM32F4xx_HAL_Driver/Src/stm32f4xx_hal_gpio.c.obj
                0x080045ac                HAL_GPIO_Init
 .text.HAL_GPIO_WritePin
                0x080047a0        0xc CMakeFiles/Fruit.elf.dir/Drivers/STM32F4xx_HAL_Driver/Src/stm32f4xx_hal_gpio.c.obj
                0x080047a0                HAL_GPIO_WritePin
 .text.HAL_RCC_OscConfig
                0x080047ac      0x3f8 CMakeFiles/Fruit.elf.dir/Drivers/STM32F4xx_HAL_Driver/Src/stm32f4xx_hal_rcc.c.obj
                0x080047ac                HAL_RCC_OscConfig
 .text.HAL_RCC_GetSysClockFreq
                0x08004ba4       0xa8 CMakeFiles/Fruit.elf.dir/Drivers/STM32F4xx_HAL_Driver/Src/stm32f4xx_hal_rcc.c.obj
                0x08004ba4                HAL_RCC_GetSysClockFreq
 .text.HAL_RCC_ClockConfig
                0x08004c4c      0x160 CMakeFiles/Fruit.elf.dir/Drivers/STM32F4xx_HAL_Driver/Src/stm32f4xx_hal_rcc.c.obj
                0x08004c4c                HAL_RCC_ClockConfig
 .text.HAL_RCC_GetHCLKFreq
                0x08004dac        0xc CMakeFiles/Fruit.elf.dir/Drivers/STM32F4xx_HAL_Driver/Src/stm32f4xx_hal_rcc.c.obj
                0x08004dac                HAL_RCC_GetHCLKFreq
 .text.HAL_RCC_GetPCLK1Freq
                0x08004db8       0x20 CMakeFiles/Fruit.elf.dir/Drivers/STM32F4xx_HAL_Driver/Src/stm32f4xx_hal_rcc.c.obj
                0x08004db8                HAL_RCC_GetPCLK1Freq
 .text.HAL_RCC_GetPCLK2Freq
                0x08004dd8       0x20 CMakeFiles/Fruit.elf.dir/Drivers/STM32F4xx_HAL_Driver/Src/stm32f4xx_hal_rcc.c.obj
                0x08004dd8                HAL_RCC_GetPCLK2Freq
 .text.TIM_OC1_SetConfig
                0x08004df8       0x70 CMakeFiles/Fruit.elf.dir/Drivers/STM32F4xx_HAL_Driver/Src/stm32f4xx_hal_tim.c.obj
 .text.TIM_OC3_SetConfig
                0x08004e68       0x70 CMakeFiles/Fruit.elf.dir/Drivers/STM32F4xx_HAL_Driver/Src/stm32f4xx_hal_tim.c.obj
 .text.TIM_OC4_SetConfig
                0x08004ed8       0x50 CMakeFiles/Fruit.elf.dir/Drivers/STM32F4xx_HAL_Driver/Src/stm32f4xx_hal_tim.c.obj
 .text.TIM_TI1_ConfigInputStage
                0x08004f28       0x24 CMakeFiles/Fruit.elf.dir/Drivers/STM32F4xx_HAL_Driver/Src/stm32f4xx_hal_tim.c.obj
 .text.TIM_TI2_ConfigInputStage
                0x08004f4c       0x26 CMakeFiles/Fruit.elf.dir/Drivers/STM32F4xx_HAL_Driver/Src/stm32f4xx_hal_tim.c.obj
 .text.TIM_ITRx_SetConfig
                0x08004f72       0x10 CMakeFiles/Fruit.elf.dir/Drivers/STM32F4xx_HAL_Driver/Src/stm32f4xx_hal_tim.c.obj
 *fill*         0x08004f82        0x2 
 .text.HAL_TIM_Base_Start_IT
                0x08004f84       0x88 CMakeFiles/Fruit.elf.dir/Drivers/STM32F4xx_HAL_Driver/Src/stm32f4xx_hal_tim.c.obj
                0x08004f84                HAL_TIM_Base_Start_IT
 .text.HAL_TIM_PWM_MspInit
                0x0800500c        0x2 CMakeFiles/Fruit.elf.dir/Drivers/STM32F4xx_HAL_Driver/Src/stm32f4xx_hal_tim.c.obj
                0x0800500c                HAL_TIM_PWM_MspInit
 .text.HAL_TIM_OC_DelayElapsedCallback
                0x0800500e        0x2 CMakeFiles/Fruit.elf.dir/Drivers/STM32F4xx_HAL_Driver/Src/stm32f4xx_hal_tim.c.obj
                0x0800500e                HAL_TIM_OC_DelayElapsedCallback
 .text.HAL_TIM_IC_CaptureCallback
                0x08005010        0x2 CMakeFiles/Fruit.elf.dir/Drivers/STM32F4xx_HAL_Driver/Src/stm32f4xx_hal_tim.c.obj
                0x08005010                HAL_TIM_IC_CaptureCallback
 .text.HAL_TIM_PWM_PulseFinishedCallback
                0x08005012        0x2 CMakeFiles/Fruit.elf.dir/Drivers/STM32F4xx_HAL_Driver/Src/stm32f4xx_hal_tim.c.obj
                0x08005012                HAL_TIM_PWM_PulseFinishedCallback
 .text.HAL_TIM_TriggerCallback
                0x08005014        0x2 CMakeFiles/Fruit.elf.dir/Drivers/STM32F4xx_HAL_Driver/Src/stm32f4xx_hal_tim.c.obj
                0x08005014                HAL_TIM_TriggerCallback
 .text.HAL_TIM_IRQHandler
                0x08005016      0x15e CMakeFiles/Fruit.elf.dir/Drivers/STM32F4xx_HAL_Driver/Src/stm32f4xx_hal_tim.c.obj
                0x08005016                HAL_TIM_IRQHandler
 .text.TIM_Base_SetConfig
                0x08005174       0xd8 CMakeFiles/Fruit.elf.dir/Drivers/STM32F4xx_HAL_Driver/Src/stm32f4xx_hal_tim.c.obj
                0x08005174                TIM_Base_SetConfig
 .text.HAL_TIM_Base_Init
                0x0800524c       0x58 CMakeFiles/Fruit.elf.dir/Drivers/STM32F4xx_HAL_Driver/Src/stm32f4xx_hal_tim.c.obj
                0x0800524c                HAL_TIM_Base_Init
 .text.HAL_TIM_PWM_Init
                0x080052a4       0x58 CMakeFiles/Fruit.elf.dir/Drivers/STM32F4xx_HAL_Driver/Src/stm32f4xx_hal_tim.c.obj
                0x080052a4                HAL_TIM_PWM_Init
 .text.HAL_TIM_Encoder_Init
                0x080052fc       0xb6 CMakeFiles/Fruit.elf.dir/Drivers/STM32F4xx_HAL_Driver/Src/stm32f4xx_hal_tim.c.obj
                0x080052fc                HAL_TIM_Encoder_Init
 *fill*         0x080053b2        0x2 
 .text.TIM_OC2_SetConfig
                0x080053b4       0x70 CMakeFiles/Fruit.elf.dir/Drivers/STM32F4xx_HAL_Driver/Src/stm32f4xx_hal_tim.c.obj
                0x080053b4                TIM_OC2_SetConfig
 .text.HAL_TIM_PWM_ConfigChannel
                0x08005424       0xdc CMakeFiles/Fruit.elf.dir/Drivers/STM32F4xx_HAL_Driver/Src/stm32f4xx_hal_tim.c.obj
                0x08005424                HAL_TIM_PWM_ConfigChannel
 .text.TIM_ETR_SetConfig
                0x08005500       0x18 CMakeFiles/Fruit.elf.dir/Drivers/STM32F4xx_HAL_Driver/Src/stm32f4xx_hal_tim.c.obj
                0x08005500                TIM_ETR_SetConfig
 .text.HAL_TIM_ConfigClockSource
                0x08005518       0xfe CMakeFiles/Fruit.elf.dir/Drivers/STM32F4xx_HAL_Driver/Src/stm32f4xx_hal_tim.c.obj
                0x08005518                HAL_TIM_ConfigClockSource
 .text.TIM_CCxChannelCmd
                0x08005616       0x1e CMakeFiles/Fruit.elf.dir/Drivers/STM32F4xx_HAL_Driver/Src/stm32f4xx_hal_tim.c.obj
                0x08005616                TIM_CCxChannelCmd
 .text.HAL_TIM_PWM_Start
                0x08005634      0x104 CMakeFiles/Fruit.elf.dir/Drivers/STM32F4xx_HAL_Driver/Src/stm32f4xx_hal_tim.c.obj
                0x08005634                HAL_TIM_PWM_Start
 .text.HAL_TIM_Encoder_Start
                0x08005738       0xcc CMakeFiles/Fruit.elf.dir/Drivers/STM32F4xx_HAL_Driver/Src/stm32f4xx_hal_tim.c.obj
                0x08005738                HAL_TIM_Encoder_Start
 .text.HAL_TIMEx_MasterConfigSynchronization
                0x08005804       0x8c CMakeFiles/Fruit.elf.dir/Drivers/STM32F4xx_HAL_Driver/Src/stm32f4xx_hal_tim_ex.c.obj
                0x08005804                HAL_TIMEx_MasterConfigSynchronization
 .text.HAL_TIMEx_ConfigBreakDeadTime
                0x08005890       0x52 CMakeFiles/Fruit.elf.dir/Drivers/STM32F4xx_HAL_Driver/Src/stm32f4xx_hal_tim_ex.c.obj
                0x08005890                HAL_TIMEx_ConfigBreakDeadTime
 .text.HAL_TIMEx_CommutCallback
                0x080058e2        0x2 CMakeFiles/Fruit.elf.dir/Drivers/STM32F4xx_HAL_Driver/Src/stm32f4xx_hal_tim_ex.c.obj
                0x080058e2                HAL_TIMEx_CommutCallback
 .text.HAL_TIMEx_BreakCallback
                0x080058e4        0x2 CMakeFiles/Fruit.elf.dir/Drivers/STM32F4xx_HAL_Driver/Src/stm32f4xx_hal_tim_ex.c.obj
                0x080058e4                HAL_TIMEx_BreakCallback
 .text.UART_EndTxTransfer
                0x080058e6       0x20 CMakeFiles/Fruit.elf.dir/Drivers/STM32F4xx_HAL_Driver/Src/stm32f4xx_hal_uart.c.obj
 .text.UART_EndRxTransfer
                0x08005906       0x5c CMakeFiles/Fruit.elf.dir/Drivers/STM32F4xx_HAL_Driver/Src/stm32f4xx_hal_uart.c.obj
 .text.UART_Transmit_IT
                0x08005962       0x60 CMakeFiles/Fruit.elf.dir/Drivers/STM32F4xx_HAL_Driver/Src/stm32f4xx_hal_uart.c.obj
 *fill*         0x080059c2        0x2 
 .text.UART_SetConfig
                0x080059c4      0x110 CMakeFiles/Fruit.elf.dir/Drivers/STM32F4xx_HAL_Driver/Src/stm32f4xx_hal_uart.c.obj
 .text.UART_WaitOnFlagUntilTimeout
                0x08005ad4       0x86 CMakeFiles/Fruit.elf.dir/Drivers/STM32F4xx_HAL_Driver/Src/stm32f4xx_hal_uart.c.obj
 .text.HAL_UART_Init
                0x08005b5a       0x60 CMakeFiles/Fruit.elf.dir/Drivers/STM32F4xx_HAL_Driver/Src/stm32f4xx_hal_uart.c.obj
                0x08005b5a                HAL_UART_Init
 .text.HAL_UART_Transmit
                0x08005bba       0xcc CMakeFiles/Fruit.elf.dir/Drivers/STM32F4xx_HAL_Driver/Src/stm32f4xx_hal_uart.c.obj
                0x08005bba                HAL_UART_Transmit
 .text.HAL_UART_TxCpltCallback
                0x08005c86        0x2 CMakeFiles/Fruit.elf.dir/Drivers/STM32F4xx_HAL_Driver/Src/stm32f4xx_hal_uart.c.obj
                0x08005c86                HAL_UART_TxCpltCallback
 .text.UART_EndTransmit_IT
                0x08005c88       0x1a CMakeFiles/Fruit.elf.dir/Drivers/STM32F4xx_HAL_Driver/Src/stm32f4xx_hal_uart.c.obj
 .text.HAL_UART_RxHalfCpltCallback
                0x08005ca2        0x2 CMakeFiles/Fruit.elf.dir/Drivers/STM32F4xx_HAL_Driver/Src/stm32f4xx_hal_uart.c.obj
                0x08005ca2                HAL_UART_RxHalfCpltCallback
 .text.HAL_UART_ErrorCallback
                0x08005ca4        0x2 CMakeFiles/Fruit.elf.dir/Drivers/STM32F4xx_HAL_Driver/Src/stm32f4xx_hal_uart.c.obj
                0x08005ca4                HAL_UART_ErrorCallback
 .text.UART_DMAError
                0x08005ca6       0x58 CMakeFiles/Fruit.elf.dir/Drivers/STM32F4xx_HAL_Driver/Src/stm32f4xx_hal_uart.c.obj
 .text.UART_DMAAbortOnError
                0x08005cfe       0x10 CMakeFiles/Fruit.elf.dir/Drivers/STM32F4xx_HAL_Driver/Src/stm32f4xx_hal_uart.c.obj
 .text.HAL_UART_AbortCpltCallback
                0x08005d0e        0x2 CMakeFiles/Fruit.elf.dir/Drivers/STM32F4xx_HAL_Driver/Src/stm32f4xx_hal_uart.c.obj
                0x08005d0e                HAL_UART_AbortCpltCallback
 .text.HAL_UART_Abort_IT
                0x08005d10      0x124 CMakeFiles/Fruit.elf.dir/Drivers/STM32F4xx_HAL_Driver/Src/stm32f4xx_hal_uart.c.obj
                0x08005d10                HAL_UART_Abort_IT
 .text.UART_DMARxAbortCallback
                0x08005e34       0x2c CMakeFiles/Fruit.elf.dir/Drivers/STM32F4xx_HAL_Driver/Src/stm32f4xx_hal_uart.c.obj
 .text.UART_DMATxAbortCallback
                0x08005e60       0x2c CMakeFiles/Fruit.elf.dir/Drivers/STM32F4xx_HAL_Driver/Src/stm32f4xx_hal_uart.c.obj
 .text.HAL_UARTEx_RxEventCallback
                0x08005e8c        0x2 CMakeFiles/Fruit.elf.dir/Drivers/STM32F4xx_HAL_Driver/Src/stm32f4xx_hal_uart.c.obj
                0x08005e8c                HAL_UARTEx_RxEventCallback
 .text.UART_Receive_IT
                0x08005e8e       0xe6 CMakeFiles/Fruit.elf.dir/Drivers/STM32F4xx_HAL_Driver/Src/stm32f4xx_hal_uart.c.obj
 .text.HAL_UART_IRQHandler
                0x08005f74      0x284 CMakeFiles/Fruit.elf.dir/Drivers/STM32F4xx_HAL_Driver/Src/stm32f4xx_hal_uart.c.obj
                0x08005f74                HAL_UART_IRQHandler
 .text.UART_DMARxHalfCplt
                0x080061f8       0x1e CMakeFiles/Fruit.elf.dir/Drivers/STM32F4xx_HAL_Driver/Src/stm32f4xx_hal_uart.c.obj
 .text.UART_DMAReceiveCplt
                0x08006216       0x9a CMakeFiles/Fruit.elf.dir/Drivers/STM32F4xx_HAL_Driver/Src/stm32f4xx_hal_uart.c.obj
 .text.UART_Start_Receive_IT
                0x080062b0       0x36 CMakeFiles/Fruit.elf.dir/Drivers/STM32F4xx_HAL_Driver/Src/stm32f4xx_hal_uart.c.obj
                0x080062b0                UART_Start_Receive_IT
 .text.HAL_UART_Receive_IT
                0x080062e6       0x26 CMakeFiles/Fruit.elf.dir/Drivers/STM32F4xx_HAL_Driver/Src/stm32f4xx_hal_uart.c.obj
                0x080062e6                HAL_UART_Receive_IT
 .text.UART_Start_Receive_DMA
                0x0800630c       0xa4 CMakeFiles/Fruit.elf.dir/Drivers/STM32F4xx_HAL_Driver/Src/stm32f4xx_hal_uart.c.obj
                0x0800630c                UART_Start_Receive_DMA
 .text.HAL_UART_Receive_DMA
                0x080063b0       0x26 CMakeFiles/Fruit.elf.dir/Drivers/STM32F4xx_HAL_Driver/Src/stm32f4xx_hal_uart.c.obj
                0x080063b0                HAL_UART_Receive_DMA
 *fill*         0x080063d6        0x2 
 .text.__aeabi_atexit
                0x080063d8        0xc c:/progra~2/armgnu~1/125863~1.3re/bin/../lib/gcc/arm-none-eabi/12.3.1/thumb/v7e-m/nofp\libstdc++.a(atexit_arm.o)
                0x080063d8                __aeabi_atexit
 .text._ZdlPvj  0x080063e4        0x4 c:/progra~2/armgnu~1/125863~1.3re/bin/../lib/gcc/arm-none-eabi/12.3.1/thumb/v7e-m/nofp\libstdc++.a(del_ops.o)
                0x080063e4                operator delete(void*, unsigned int)
 .text.__cxa_end_cleanup
                0x080063e8        0xc c:/progra~2/armgnu~1/125863~1.3re/bin/../lib/gcc/arm-none-eabi/12.3.1/thumb/v7e-m/nofp\libstdc++.a(eh_arm.o)
                0x080063e8                __cxa_end_cleanup
 .text.__cxa_type_match
                0x080063f4       0xa8 c:/progra~2/armgnu~1/125863~1.3re/bin/../lib/gcc/arm-none-eabi/12.3.1/thumb/v7e-m/nofp\libstdc++.a(eh_arm.o)
                0x080063f4                __cxa_type_match
 .text.__cxa_begin_cleanup
                0x0800649c       0x64 c:/progra~2/armgnu~1/125863~1.3re/bin/../lib/gcc/arm-none-eabi/12.3.1/thumb/v7e-m/nofp\libstdc++.a(eh_arm.o)
                0x0800649c                __cxa_begin_cleanup
 .text.__gnu_end_cleanup
                0x08006500       0x70 c:/progra~2/armgnu~1/125863~1.3re/bin/../lib/gcc/arm-none-eabi/12.3.1/thumb/v7e-m/nofp\libstdc++.a(eh_arm.o)
                0x08006500                __gnu_end_cleanup
 .text._ZNSt13bad_exceptionD2Ev
                0x08006570        0x4 c:/progra~2/armgnu~1/125863~1.3re/bin/../lib/gcc/arm-none-eabi/12.3.1/thumb/v7e-m/nofp\libstdc++.a(eh_exception.o)
                0x08006570                std::bad_exception::~bad_exception()
                0x08006570                std::bad_exception::~bad_exception()
 .text._ZNKSt13bad_exception4whatEv
                0x08006574        0x8 c:/progra~2/armgnu~1/125863~1.3re/bin/../lib/gcc/arm-none-eabi/12.3.1/thumb/v7e-m/nofp\libstdc++.a(eh_exception.o)
                0x08006574                std::bad_exception::what() const
                0x08006574                transaction clone for std::bad_exception::what() const
 .text._ZNSt13bad_exceptionD0Ev
                0x0800657c       0x10 c:/progra~2/armgnu~1/125863~1.3re/bin/../lib/gcc/arm-none-eabi/12.3.1/thumb/v7e-m/nofp\libstdc++.a(eh_exception.o)
                0x0800657c                std::bad_exception::~bad_exception()
 .text._ZN12_GLOBAL__N_113constant_initD2Ev
                0x0800658c        0x4 c:/progra~2/armgnu~1/125863~1.3re/bin/../lib/gcc/arm-none-eabi/12.3.1/thumb/v7e-m/nofp\libstdc++.a(eh_globals.o)
 .text.__cxa_get_globals_fast
                0x08006590        0x8 c:/progra~2/armgnu~1/125863~1.3re/bin/../lib/gcc/arm-none-eabi/12.3.1/thumb/v7e-m/nofp\libstdc++.a(eh_globals.o)
                0x08006590                __cxa_get_globals_fast
 .text.__cxa_get_globals
                0x08006598        0x8 c:/progra~2/armgnu~1/125863~1.3re/bin/../lib/gcc/arm-none-eabi/12.3.1/thumb/v7e-m/nofp\libstdc++.a(eh_globals.o)
                0x08006598                __cxa_get_globals
 .text.startup._GLOBAL__sub_I___cxa_get_globals_fast
                0x080065a0       0x18 c:/progra~2/armgnu~1/125863~1.3re/bin/../lib/gcc/arm-none-eabi/12.3.1/thumb/v7e-m/nofp\libstdc++.a(eh_globals.o)
 .text._ZL28read_encoded_value_with_basehjPKhPj
                0x080065b8       0xc0 c:/progra~2/armgnu~1/125863~1.3re/bin/../lib/gcc/arm-none-eabi/12.3.1/thumb/v7e-m/nofp\libstdc++.a(eh_personality.o)
 .text._ZL21base_of_encoded_valuehP15_Unwind_Context
                0x08006678       0x44 c:/progra~2/armgnu~1/125863~1.3re/bin/../lib/gcc/arm-none-eabi/12.3.1/thumb/v7e-m/nofp\libstdc++.a(eh_personality.o)
 .text._ZL17parse_lsda_headerP15_Unwind_ContextPKhP16lsda_header_info
                0x080066bc       0x90 c:/progra~2/armgnu~1/125863~1.3re/bin/../lib/gcc/arm-none-eabi/12.3.1/thumb/v7e-m/nofp\libstdc++.a(eh_personality.o)
 .text.__gxx_personality_v0
                0x0800674c      0x448 c:/progra~2/armgnu~1/125863~1.3re/bin/../lib/gcc/arm-none-eabi/12.3.1/thumb/v7e-m/nofp\libstdc++.a(eh_personality.o)
                0x0800674c                __gxx_personality_v0
 .text._ZN10__cxxabiv111__terminateEPFvvE
                0x08006b94       0x10 c:/progra~2/armgnu~1/125863~1.3re/bin/../lib/gcc/arm-none-eabi/12.3.1/thumb/v7e-m/nofp\libstdc++.a(eh_terminate.o)
                0x08006b94                __cxxabiv1::__terminate(void (*)())
 .text._ZSt9terminatev
                0x08006ba4       0x14 c:/progra~2/armgnu~1/125863~1.3re/bin/../lib/gcc/arm-none-eabi/12.3.1/thumb/v7e-m/nofp\libstdc++.a(eh_terminate.o)
                0x08006ba4                std::terminate()
 .text._ZN10__cxxabiv112__unexpectedEPFvvE
                0x08006bb8        0x8 c:/progra~2/armgnu~1/125863~1.3re/bin/../lib/gcc/arm-none-eabi/12.3.1/thumb/v7e-m/nofp\libstdc++.a(eh_terminate.o)
                0x08006bb8                __cxxabiv1::__unexpected(void (*)())
 .text._ZSt10unexpectedv
                0x08006bc0       0x14 c:/progra~2/armgnu~1/125863~1.3re/bin/../lib/gcc/arm-none-eabi/12.3.1/thumb/v7e-m/nofp\libstdc++.a(eh_terminate.o)
                0x08006bc0                std::unexpected()
 .text._ZSt13get_terminatev
                0x08006bd4       0x10 c:/progra~2/armgnu~1/125863~1.3re/bin/../lib/gcc/arm-none-eabi/12.3.1/thumb/v7e-m/nofp\libstdc++.a(eh_terminate.o)
                0x08006bd4                std::get_terminate()
 .text._ZSt14get_unexpectedv
                0x08006be4       0x10 c:/progra~2/armgnu~1/125863~1.3re/bin/../lib/gcc/arm-none-eabi/12.3.1/thumb/v7e-m/nofp\libstdc++.a(eh_terminate.o)
                0x08006be4                std::get_unexpected()
 .text._ZN10__cxxabiv120__si_class_type_infoD2Ev
                0x08006bf4       0x14 c:/progra~2/armgnu~1/125863~1.3re/bin/../lib/gcc/arm-none-eabi/12.3.1/thumb/v7e-m/nofp\libstdc++.a(si_class_type_info.o)
                0x08006bf4                __cxxabiv1::__si_class_type_info::~__si_class_type_info()
                0x08006bf4                __cxxabiv1::__si_class_type_info::~__si_class_type_info()
 .text._ZN10__cxxabiv120__si_class_type_infoD0Ev
                0x08006c08       0x1c c:/progra~2/armgnu~1/125863~1.3re/bin/../lib/gcc/arm-none-eabi/12.3.1/thumb/v7e-m/nofp\libstdc++.a(si_class_type_info.o)
                0x08006c08                __cxxabiv1::__si_class_type_info::~__si_class_type_info()
 .text._ZNK10__cxxabiv120__si_class_type_info20__do_find_public_srcEiPKvPKNS_17__class_type_infoES2_
                0x08006c24       0x3c c:/progra~2/armgnu~1/125863~1.3re/bin/../lib/gcc/arm-none-eabi/12.3.1/thumb/v7e-m/nofp\libstdc++.a(si_class_type_info.o)
                0x08006c24                __cxxabiv1::__si_class_type_info::__do_find_public_src(int, void const*, __cxxabiv1::__class_type_info const*, void const*) const
 .text._ZNK10__cxxabiv120__si_class_type_info12__do_dyncastEiNS_17__class_type_info10__sub_kindEPKS1_PKvS4_S6_RNS1_16__dyncast_resultE
                0x08006c60       0x84 c:/progra~2/armgnu~1/125863~1.3re/bin/../lib/gcc/arm-none-eabi/12.3.1/thumb/v7e-m/nofp\libstdc++.a(si_class_type_info.o)
                0x08006c60                __cxxabiv1::__si_class_type_info::__do_dyncast(int, __cxxabiv1::__class_type_info::__sub_kind, __cxxabiv1::__class_type_info const*, void const*, __cxxabiv1::__class_type_info const*, void const*, __cxxabiv1::__class_type_info::__dyncast_result&) const
 .text._ZNK10__cxxabiv120__si_class_type_info11__do_upcastEPKNS_17__class_type_infoEPKvRNS1_15__upcast_resultE
                0x08006ce4       0x2c c:/progra~2/armgnu~1/125863~1.3re/bin/../lib/gcc/arm-none-eabi/12.3.1/thumb/v7e-m/nofp\libstdc++.a(si_class_type_info.o)
                0x08006ce4                __cxxabiv1::__si_class_type_info::__do_upcast(__cxxabiv1::__class_type_info const*, void const*, __cxxabiv1::__class_type_info::__upcast_result&) const
 .text._ZNSt9type_infoD2Ev
                0x08006d10        0x4 c:/progra~2/armgnu~1/125863~1.3re/bin/../lib/gcc/arm-none-eabi/12.3.1/thumb/v7e-m/nofp\libstdc++.a(tinfo.o)
                0x08006d10                std::type_info::~type_info()
                0x08006d10                std::type_info::~type_info()
 .text._ZNKSt9type_info14__is_pointer_pEv
                0x08006d14        0x4 c:/progra~2/armgnu~1/125863~1.3re/bin/../lib/gcc/arm-none-eabi/12.3.1/thumb/v7e-m/nofp\libstdc++.a(tinfo.o)
                0x08006d14                std::type_info::__is_pointer_p() const
                0x08006d14                std::type_info::__is_function_p() const
 .text._ZNKSt9type_infoeqERKS_
                0x08006d18       0x2c c:/progra~2/armgnu~1/125863~1.3re/bin/../lib/gcc/arm-none-eabi/12.3.1/thumb/v7e-m/nofp\libstdc++.a(tinfo.o)
                0x08006d18                std::type_info::operator==(std::type_info const&) const
                0x08006d18                std::type_info::__equal(std::type_info const&) const
 .text._ZN9__gnu_cxx27__verbose_terminate_handlerEv
                0x08006d44      0x10c c:/progra~2/armgnu~1/125863~1.3re/bin/../lib/gcc/arm-none-eabi/12.3.1/thumb/v7e-m/nofp\libstdc++.a(vterminate.o)
                0x08006d44                __gnu_cxx::__verbose_terminate_handler()
 .text._ZNK10__cxxabiv117__class_type_info11__do_upcastEPKS0_PPv
                0x08006e50       0x34 c:/progra~2/armgnu~1/125863~1.3re/bin/../lib/gcc/arm-none-eabi/12.3.1/thumb/v7e-m/nofp\libstdc++.a(class_type_info.o)
                0x08006e50                __cxxabiv1::__class_type_info::__do_upcast(__cxxabiv1::__class_type_info const*, void**) const
 .text._ZNK10__cxxabiv117__class_type_info20__do_find_public_srcEiPKvPKS0_S2_
                0x08006e84        0xc c:/progra~2/armgnu~1/125863~1.3re/bin/../lib/gcc/arm-none-eabi/12.3.1/thumb/v7e-m/nofp\libstdc++.a(class_type_info.o)
                0x08006e84                __cxxabiv1::__class_type_info::__do_find_public_src(int, void const*, __cxxabiv1::__class_type_info const*, void const*) const
 .text._ZN10__cxxabiv117__class_type_infoD2Ev
                0x08006e90       0x14 c:/progra~2/armgnu~1/125863~1.3re/bin/../lib/gcc/arm-none-eabi/12.3.1/thumb/v7e-m/nofp\libstdc++.a(class_type_info.o)
                0x08006e90                __cxxabiv1::__class_type_info::~__class_type_info()
                0x08006e90                __cxxabiv1::__class_type_info::~__class_type_info()
 .text._ZN10__cxxabiv117__class_type_infoD0Ev
                0x08006ea4       0x1c c:/progra~2/armgnu~1/125863~1.3re/bin/../lib/gcc/arm-none-eabi/12.3.1/thumb/v7e-m/nofp\libstdc++.a(class_type_info.o)
                0x08006ea4                __cxxabiv1::__class_type_info::~__class_type_info()
 .text._ZNK10__cxxabiv117__class_type_info12__do_dyncastEiNS0_10__sub_kindEPKS0_PKvS3_S5_RNS0_16__dyncast_resultE
                0x08006ec0       0x44 c:/progra~2/armgnu~1/125863~1.3re/bin/../lib/gcc/arm-none-eabi/12.3.1/thumb/v7e-m/nofp\libstdc++.a(class_type_info.o)
                0x08006ec0                __cxxabiv1::__class_type_info::__do_dyncast(int, __cxxabiv1::__class_type_info::__sub_kind, __cxxabiv1::__class_type_info const*, void const*, __cxxabiv1::__class_type_info const*, void const*, __cxxabiv1::__class_type_info::__dyncast_result&) const
 .text._ZNK10__cxxabiv117__class_type_info11__do_upcastEPKS0_PKvRNS0_15__upcast_resultE
                0x08006f04       0x1c c:/progra~2/armgnu~1/125863~1.3re/bin/../lib/gcc/arm-none-eabi/12.3.1/thumb/v7e-m/nofp\libstdc++.a(class_type_info.o)
                0x08006f04                __cxxabiv1::__class_type_info::__do_upcast(__cxxabiv1::__class_type_info const*, void const*, __cxxabiv1::__class_type_info::__upcast_result&) const
 .text._ZNK10__cxxabiv117__class_type_info10__do_catchEPKSt9type_infoPPvj
                0x08006f20       0x2c c:/progra~2/armgnu~1/125863~1.3re/bin/../lib/gcc/arm-none-eabi/12.3.1/thumb/v7e-m/nofp\libstdc++.a(class_type_info.o)
                0x08006f20                __cxxabiv1::__class_type_info::__do_catch(std::type_info const*, void**, unsigned int) const
 .text.d_make_comp
                0x08006f4c       0xf0 c:/progra~2/armgnu~1/125863~1.3re/bin/../lib/gcc/arm-none-eabi/12.3.1/thumb/v7e-m/nofp\libstdc++.a(cp-demangle.o)
 .text.d_number
                0x0800703c       0x74 c:/progra~2/armgnu~1/125863~1.3re/bin/../lib/gcc/arm-none-eabi/12.3.1/thumb/v7e-m/nofp\libstdc++.a(cp-demangle.o)
 .text.d_call_offset
                0x080070b0       0x48 c:/progra~2/armgnu~1/125863~1.3re/bin/../lib/gcc/arm-none-eabi/12.3.1/thumb/v7e-m/nofp\libstdc++.a(cp-demangle.o)
 .text.d_discriminator
                0x080070f8       0x4c c:/progra~2/armgnu~1/125863~1.3re/bin/../lib/gcc/arm-none-eabi/12.3.1/thumb/v7e-m/nofp\libstdc++.a(cp-demangle.o)
 .text.d_count_templates_scopes
                0x08007144       0xd4 c:/progra~2/armgnu~1/125863~1.3re/bin/../lib/gcc/arm-none-eabi/12.3.1/thumb/v7e-m/nofp\libstdc++.a(cp-demangle.o)
 .text.d_pack_length
                0x08007218       0x20 c:/progra~2/armgnu~1/125863~1.3re/bin/../lib/gcc/arm-none-eabi/12.3.1/thumb/v7e-m/nofp\libstdc++.a(cp-demangle.o)
 .text.d_index_template_argument.part.0
                0x08007238       0x1c c:/progra~2/armgnu~1/125863~1.3re/bin/../lib/gcc/arm-none-eabi/12.3.1/thumb/v7e-m/nofp\libstdc++.a(cp-demangle.o)
 .text.d_growable_string_callback_adapter
                0x08007254       0x90 c:/progra~2/armgnu~1/125863~1.3re/bin/../lib/gcc/arm-none-eabi/12.3.1/thumb/v7e-m/nofp\libstdc++.a(cp-demangle.o)
 .text.next_is_type_qual.isra.0
                0x080072e4       0x34 c:/progra~2/armgnu~1/125863~1.3re/bin/../lib/gcc/arm-none-eabi/12.3.1/thumb/v7e-m/nofp\libstdc++.a(cp-demangle.o)
 .text.d_append_char
                0x08007318       0x44 c:/progra~2/armgnu~1/125863~1.3re/bin/../lib/gcc/arm-none-eabi/12.3.1/thumb/v7e-m/nofp\libstdc++.a(cp-demangle.o)
 .text.d_lookup_template_argument
                0x0800735c       0x34 c:/progra~2/armgnu~1/125863~1.3re/bin/../lib/gcc/arm-none-eabi/12.3.1/thumb/v7e-m/nofp\libstdc++.a(cp-demangle.o)
 .text.d_find_pack
                0x08007390       0x94 c:/progra~2/armgnu~1/125863~1.3re/bin/../lib/gcc/arm-none-eabi/12.3.1/thumb/v7e-m/nofp\libstdc++.a(cp-demangle.o)
 .text.d_append_string
                0x08007424       0x68 c:/progra~2/armgnu~1/125863~1.3re/bin/../lib/gcc/arm-none-eabi/12.3.1/thumb/v7e-m/nofp\libstdc++.a(cp-demangle.o)
 .text.d_template_param
                0x0800748c       0x68 c:/progra~2/armgnu~1/125863~1.3re/bin/../lib/gcc/arm-none-eabi/12.3.1/thumb/v7e-m/nofp\libstdc++.a(cp-demangle.o)
 .text.d_append_num
                0x080074f4       0x78 c:/progra~2/armgnu~1/125863~1.3re/bin/../lib/gcc/arm-none-eabi/12.3.1/thumb/v7e-m/nofp\libstdc++.a(cp-demangle.o)
 .text.d_source_name
                0x0800756c       0xdc c:/progra~2/armgnu~1/125863~1.3re/bin/../lib/gcc/arm-none-eabi/12.3.1/thumb/v7e-m/nofp\libstdc++.a(cp-demangle.o)
 .text.d_substitution
                0x08007648      0x18c c:/progra~2/armgnu~1/125863~1.3re/bin/../lib/gcc/arm-none-eabi/12.3.1/thumb/v7e-m/nofp\libstdc++.a(cp-demangle.o)
 .text.d_type   0x080077d4      0x864 c:/progra~2/armgnu~1/125863~1.3re/bin/../lib/gcc/arm-none-eabi/12.3.1/thumb/v7e-m/nofp\libstdc++.a(cp-demangle.o)
 .text.d_parmlist
                0x08008038       0x80 c:/progra~2/armgnu~1/125863~1.3re/bin/../lib/gcc/arm-none-eabi/12.3.1/thumb/v7e-m/nofp\libstdc++.a(cp-demangle.o)
 .text.d_bare_function_type
                0x080080b8       0x48 c:/progra~2/armgnu~1/125863~1.3re/bin/../lib/gcc/arm-none-eabi/12.3.1/thumb/v7e-m/nofp\libstdc++.a(cp-demangle.o)
 .text.d_function_type
                0x08008100       0x8c c:/progra~2/armgnu~1/125863~1.3re/bin/../lib/gcc/arm-none-eabi/12.3.1/thumb/v7e-m/nofp\libstdc++.a(cp-demangle.o)
 .text.d_operator_name
                0x0800818c      0x100 c:/progra~2/armgnu~1/125863~1.3re/bin/../lib/gcc/arm-none-eabi/12.3.1/thumb/v7e-m/nofp\libstdc++.a(cp-demangle.o)
 .text.d_unqualified_name
                0x0800828c      0x34c c:/progra~2/armgnu~1/125863~1.3re/bin/../lib/gcc/arm-none-eabi/12.3.1/thumb/v7e-m/nofp\libstdc++.a(cp-demangle.o)
 .text.d_expr_primary
                0x080085d8      0x120 c:/progra~2/armgnu~1/125863~1.3re/bin/../lib/gcc/arm-none-eabi/12.3.1/thumb/v7e-m/nofp\libstdc++.a(cp-demangle.o)
 .text.d_template_arg
                0x080086f8       0x58 c:/progra~2/armgnu~1/125863~1.3re/bin/../lib/gcc/arm-none-eabi/12.3.1/thumb/v7e-m/nofp\libstdc++.a(cp-demangle.o)
 .text.d_template_args_1
                0x08008750       0x64 c:/progra~2/armgnu~1/125863~1.3re/bin/../lib/gcc/arm-none-eabi/12.3.1/thumb/v7e-m/nofp\libstdc++.a(cp-demangle.o)
 .text.d_prefix
                0x080087b4      0x13c c:/progra~2/armgnu~1/125863~1.3re/bin/../lib/gcc/arm-none-eabi/12.3.1/thumb/v7e-m/nofp\libstdc++.a(cp-demangle.o)
 .text.d_expression_1
                0x080088f0      0x508 c:/progra~2/armgnu~1/125863~1.3re/bin/../lib/gcc/arm-none-eabi/12.3.1/thumb/v7e-m/nofp\libstdc++.a(cp-demangle.o)
 .text.d_exprlist
                0x08008df8       0x74 c:/progra~2/armgnu~1/125863~1.3re/bin/../lib/gcc/arm-none-eabi/12.3.1/thumb/v7e-m/nofp\libstdc++.a(cp-demangle.o)
 .text.d_cv_qualifiers
                0x08008e6c      0x150 c:/progra~2/armgnu~1/125863~1.3re/bin/../lib/gcc/arm-none-eabi/12.3.1/thumb/v7e-m/nofp\libstdc++.a(cp-demangle.o)
 .text.d_special_name
                0x08008fbc      0x528 c:/progra~2/armgnu~1/125863~1.3re/bin/../lib/gcc/arm-none-eabi/12.3.1/thumb/v7e-m/nofp\libstdc++.a(cp-demangle.o)
 .text.d_name   0x080094e4      0x2c8 c:/progra~2/armgnu~1/125863~1.3re/bin/../lib/gcc/arm-none-eabi/12.3.1/thumb/v7e-m/nofp\libstdc++.a(cp-demangle.o)
 .text.d_encoding.part.0
                0x080097ac       0xf8 c:/progra~2/armgnu~1/125863~1.3re/bin/../lib/gcc/arm-none-eabi/12.3.1/thumb/v7e-m/nofp\libstdc++.a(cp-demangle.o)
 .text.d_print_comp_inner
                0x080098a4     0x208c c:/progra~2/armgnu~1/125863~1.3re/bin/../lib/gcc/arm-none-eabi/12.3.1/thumb/v7e-m/nofp\libstdc++.a(cp-demangle.o)
 .text.d_print_comp
                0x0800b930       0x5c c:/progra~2/armgnu~1/125863~1.3re/bin/../lib/gcc/arm-none-eabi/12.3.1/thumb/v7e-m/nofp\libstdc++.a(cp-demangle.o)
 .text.d_print_mod
                0x0800b98c      0x624 c:/progra~2/armgnu~1/125863~1.3re/bin/../lib/gcc/arm-none-eabi/12.3.1/thumb/v7e-m/nofp\libstdc++.a(cp-demangle.o)
 .text.d_print_function_type
                0x0800bfb0      0x1bc c:/progra~2/armgnu~1/125863~1.3re/bin/../lib/gcc/arm-none-eabi/12.3.1/thumb/v7e-m/nofp\libstdc++.a(cp-demangle.o)
 .text.d_print_mod_list
                0x0800c16c      0x23c c:/progra~2/armgnu~1/125863~1.3re/bin/../lib/gcc/arm-none-eabi/12.3.1/thumb/v7e-m/nofp\libstdc++.a(cp-demangle.o)
 .text.d_print_array_type
                0x0800c3a8      0x1b0 c:/progra~2/armgnu~1/125863~1.3re/bin/../lib/gcc/arm-none-eabi/12.3.1/thumb/v7e-m/nofp\libstdc++.a(cp-demangle.o)
 .text.d_print_expr_op
                0x0800c558       0x78 c:/progra~2/armgnu~1/125863~1.3re/bin/../lib/gcc/arm-none-eabi/12.3.1/thumb/v7e-m/nofp\libstdc++.a(cp-demangle.o)
 .text.d_demangle_callback.constprop.0
                0x0800c5d0      0x3a0 c:/progra~2/armgnu~1/125863~1.3re/bin/../lib/gcc/arm-none-eabi/12.3.1/thumb/v7e-m/nofp\libstdc++.a(cp-demangle.o)
 .text.d_print_subexpr
                0x0800c970       0xf4 c:/progra~2/armgnu~1/125863~1.3re/bin/../lib/gcc/arm-none-eabi/12.3.1/thumb/v7e-m/nofp\libstdc++.a(cp-demangle.o)
 .text.d_maybe_print_fold_expression
                0x0800ca64      0x24c c:/progra~2/armgnu~1/125863~1.3re/bin/../lib/gcc/arm-none-eabi/12.3.1/thumb/v7e-m/nofp\libstdc++.a(cp-demangle.o)
 .text.d_maybe_print_designated_init
                0x0800ccb0      0x1e0 c:/progra~2/armgnu~1/125863~1.3re/bin/../lib/gcc/arm-none-eabi/12.3.1/thumb/v7e-m/nofp\libstdc++.a(cp-demangle.o)
 .text.__cxa_demangle
                0x0800ce90       0xbc c:/progra~2/armgnu~1/125863~1.3re/bin/../lib/gcc/arm-none-eabi/12.3.1/thumb/v7e-m/nofp\libstdc++.a(cp-demangle.o)
                0x0800ce90                __cxa_demangle
 .text._ZdlPv   0x0800cf4c        0x4 c:/progra~2/armgnu~1/125863~1.3re/bin/../lib/gcc/arm-none-eabi/12.3.1/thumb/v7e-m/nofp\libstdc++.a(del_op.o)
                0x0800cf4c                operator delete(void*)
 .text._ZN12_GLOBAL__N_14pool4freeEPv.constprop.0
                0x0800cf50       0x80 c:/progra~2/armgnu~1/125863~1.3re/bin/../lib/gcc/arm-none-eabi/12.3.1/thumb/v7e-m/nofp\libstdc++.a(eh_alloc.o)
 .text._ZN12_GLOBAL__N_14pool8allocateEj.constprop.0
                0x0800cfd0       0x58 c:/progra~2/armgnu~1/125863~1.3re/bin/../lib/gcc/arm-none-eabi/12.3.1/thumb/v7e-m/nofp\libstdc++.a(eh_alloc.o)
 .text.__cxa_allocate_exception
                0x0800d028       0x30 c:/progra~2/armgnu~1/125863~1.3re/bin/../lib/gcc/arm-none-eabi/12.3.1/thumb/v7e-m/nofp\libstdc++.a(eh_alloc.o)
                0x0800d028                __cxa_allocate_exception
 .text.__cxa_free_exception
                0x0800d058       0x20 c:/progra~2/armgnu~1/125863~1.3re/bin/../lib/gcc/arm-none-eabi/12.3.1/thumb/v7e-m/nofp\libstdc++.a(eh_alloc.o)
                0x0800d058                __cxa_free_exception
 .text.startup._GLOBAL__sub_I__ZN9__gnu_cxx9__freeresEv
                0x0800d078       0x28 c:/progra~2/armgnu~1/125863~1.3re/bin/../lib/gcc/arm-none-eabi/12.3.1/thumb/v7e-m/nofp\libstdc++.a(eh_alloc.o)
 .text._ZN10__cxxabiv1L24__is_gxx_exception_classEPc
                0x0800d0a0       0x3c c:/progra~2/armgnu~1/125863~1.3re/bin/../lib/gcc/arm-none-eabi/12.3.1/thumb/v7e-m/nofp\libstdc++.a(eh_call.o)
 .text.__cxa_call_terminate
                0x0800d0dc       0x20 c:/progra~2/armgnu~1/125863~1.3re/bin/../lib/gcc/arm-none-eabi/12.3.1/thumb/v7e-m/nofp\libstdc++.a(eh_call.o)
                0x0800d0dc                __cxa_call_terminate
 .text.unlikely.__cxa_call_unexpected
                0x0800d0fc       0xd0 c:/progra~2/armgnu~1/125863~1.3re/bin/../lib/gcc/arm-none-eabi/12.3.1/thumb/v7e-m/nofp\libstdc++.a(eh_call.o)
                0x0800d0fc                __cxa_call_unexpected
 .text.__cxa_begin_catch
                0x0800d1cc       0x7c c:/progra~2/armgnu~1/125863~1.3re/bin/../lib/gcc/arm-none-eabi/12.3.1/thumb/v7e-m/nofp\libstdc++.a(eh_catch.o)
                0x0800d1cc                __cxa_begin_catch
 .text.__cxa_end_catch
                0x0800d248       0x8c c:/progra~2/armgnu~1/125863~1.3re/bin/../lib/gcc/arm-none-eabi/12.3.1/thumb/v7e-m/nofp\libstdc++.a(eh_catch.o)
                0x0800d248                __cxa_end_catch
 .text._ZL23__gxx_exception_cleanup19_Unwind_Reason_CodeP21_Unwind_Control_Block
                0x0800d2d4       0x44 c:/progra~2/armgnu~1/125863~1.3re/bin/../lib/gcc/arm-none-eabi/12.3.1/thumb/v7e-m/nofp\libstdc++.a(eh_throw.o)
 .text.__cxa_init_primary_exception
                0x0800d318       0x44 c:/progra~2/armgnu~1/125863~1.3re/bin/../lib/gcc/arm-none-eabi/12.3.1/thumb/v7e-m/nofp\libstdc++.a(eh_throw.o)
                0x0800d318                __cxa_init_primary_exception
 .text.__cxa_throw
                0x0800d35c       0x34 c:/progra~2/armgnu~1/125863~1.3re/bin/../lib/gcc/arm-none-eabi/12.3.1/thumb/v7e-m/nofp\libstdc++.a(eh_throw.o)
                0x0800d35c                __cxa_throw
 .text.__cxa_rethrow
                0x0800d390       0x70 c:/progra~2/armgnu~1/125863~1.3re/bin/../lib/gcc/arm-none-eabi/12.3.1/thumb/v7e-m/nofp\libstdc++.a(eh_throw.o)
                0x0800d390                __cxa_rethrow
 .text.__cxa_current_exception_type
                0x0800d400       0x1c c:/progra~2/armgnu~1/125863~1.3re/bin/../lib/gcc/arm-none-eabi/12.3.1/thumb/v7e-m/nofp\libstdc++.a(eh_type.o)
                0x0800d400                __cxa_current_exception_type
 .text.fmod     0x0800d41c       0x58 c:/progra~2/armgnu~1/125863~1.3re/bin/../lib/gcc/arm-none-eabi/12.3.1/thumb/v7e-m/nofp\libm.a(libm_a-w_fmod.o)
                0x0800d41c                fmod
 .text.round    0x0800d474       0x9c c:/progra~2/armgnu~1/125863~1.3re/bin/../lib/gcc/arm-none-eabi/12.3.1/thumb/v7e-m/nofp\libm.a(libm_a-s_round.o)
                0x0800d474                round
 .text.__ieee754_fmod
                0x0800d510      0x2d0 c:/progra~2/armgnu~1/125863~1.3re/bin/../lib/gcc/arm-none-eabi/12.3.1/thumb/v7e-m/nofp\libm.a(libm_a-e_fmod.o)
                0x0800d510                __ieee754_fmod
 .text.__udivmoddi4
                0x0800d7e0      0x2bc c:/progra~2/armgnu~1/125863~1.3re/bin/../lib/gcc/arm-none-eabi/12.3.1/thumb/v7e-m/nofp\libgcc.a(_udivmoddi4.o)
                0x0800d7e0                __udivmoddi4
 .text.selfrel_offset31
                0x0800da9c       0x14 c:/progra~2/armgnu~1/125863~1.3re/bin/../lib/gcc/arm-none-eabi/12.3.1/thumb/v7e-m/nofp\libgcc.a(unwind-arm.o)
 .text.search_EIT_table
                0x0800dab0       0x64 c:/progra~2/armgnu~1/125863~1.3re/bin/../lib/gcc/arm-none-eabi/12.3.1/thumb/v7e-m/nofp\libgcc.a(unwind-arm.o)
 .text.__gnu_unwind_get_pr_addr
                0x0800db14       0x28 c:/progra~2/armgnu~1/125863~1.3re/bin/../lib/gcc/arm-none-eabi/12.3.1/thumb/v7e-m/nofp\libgcc.a(unwind-arm.o)
 .text.get_eit_entry
                0x0800db3c       0x94 c:/progra~2/armgnu~1/125863~1.3re/bin/../lib/gcc/arm-none-eabi/12.3.1/thumb/v7e-m/nofp\libgcc.a(unwind-arm.o)
 .text.restore_non_core_regs
                0x0800dbd0       0x58 c:/progra~2/armgnu~1/125863~1.3re/bin/../lib/gcc/arm-none-eabi/12.3.1/thumb/v7e-m/nofp\libgcc.a(unwind-arm.o)
 .text._Unwind_decode_typeinfo_ptr.constprop.0
                0x0800dc28        0xc c:/progra~2/armgnu~1/125863~1.3re/bin/../lib/gcc/arm-none-eabi/12.3.1/thumb/v7e-m/nofp\libgcc.a(unwind-arm.o)
 .text._Unwind_DebugHook
                0x0800dc34        0x4 c:/progra~2/armgnu~1/125863~1.3re/bin/../lib/gcc/arm-none-eabi/12.3.1/thumb/v7e-m/nofp\libgcc.a(unwind-arm.o)
 .text.unwind_phase2
                0x0800dc38       0x38 c:/progra~2/armgnu~1/125863~1.3re/bin/../lib/gcc/arm-none-eabi/12.3.1/thumb/v7e-m/nofp\libgcc.a(unwind-arm.o)
 .text.unwind_phase2_forced
                0x0800dc70       0xd4 c:/progra~2/armgnu~1/125863~1.3re/bin/../lib/gcc/arm-none-eabi/12.3.1/thumb/v7e-m/nofp\libgcc.a(unwind-arm.o)
 .text.__gnu_Unwind_RaiseException
                0x0800dd44       0x68 c:/progra~2/armgnu~1/125863~1.3re/bin/../lib/gcc/arm-none-eabi/12.3.1/thumb/v7e-m/nofp\libgcc.a(unwind-arm.o)
                0x0800dd44                __gnu_Unwind_RaiseException
 .text.__gnu_Unwind_ForcedUnwind
                0x0800ddac       0x10 c:/progra~2/armgnu~1/125863~1.3re/bin/../lib/gcc/arm-none-eabi/12.3.1/thumb/v7e-m/nofp\libgcc.a(unwind-arm.o)
                0x0800ddac                __gnu_Unwind_ForcedUnwind
 .text.__gnu_Unwind_Resume
                0x0800ddbc       0x40 c:/progra~2/armgnu~1/125863~1.3re/bin/../lib/gcc/arm-none-eabi/12.3.1/thumb/v7e-m/nofp\libgcc.a(unwind-arm.o)
                0x0800ddbc                __gnu_Unwind_Resume
 .text.__gnu_Unwind_Resume_or_Rethrow
                0x0800ddfc       0x14 c:/progra~2/armgnu~1/125863~1.3re/bin/../lib/gcc/arm-none-eabi/12.3.1/thumb/v7e-m/nofp\libgcc.a(unwind-arm.o)
                0x0800ddfc                __gnu_Unwind_Resume_or_Rethrow
 .text._Unwind_Complete
                0x0800de10        0x4 c:/progra~2/armgnu~1/125863~1.3re/bin/../lib/gcc/arm-none-eabi/12.3.1/thumb/v7e-m/nofp\libgcc.a(unwind-arm.o)
                0x0800de10                _Unwind_Complete
 .text._Unwind_DeleteException
                0x0800de14        0xc c:/progra~2/armgnu~1/125863~1.3re/bin/../lib/gcc/arm-none-eabi/12.3.1/thumb/v7e-m/nofp\libgcc.a(unwind-arm.o)
                0x0800de14                _Unwind_DeleteException
 .text._Unwind_VRS_Get
                0x0800de20       0x30 c:/progra~2/armgnu~1/125863~1.3re/bin/../lib/gcc/arm-none-eabi/12.3.1/thumb/v7e-m/nofp\libgcc.a(unwind-arm.o)
                0x0800de20                _Unwind_VRS_Get
 .text._Unwind_GetGR
                0x0800de50       0x1c c:/progra~2/armgnu~1/125863~1.3re/bin/../lib/gcc/arm-none-eabi/12.3.1/thumb/v7e-m/nofp\libgcc.a(unwind-arm.o)
 .text._Unwind_VRS_Set
                0x0800de6c       0x30 c:/progra~2/armgnu~1/125863~1.3re/bin/../lib/gcc/arm-none-eabi/12.3.1/thumb/v7e-m/nofp\libgcc.a(unwind-arm.o)
                0x0800de6c                _Unwind_VRS_Set
 .text._Unwind_SetGR
                0x0800de9c       0x18 c:/progra~2/armgnu~1/125863~1.3re/bin/../lib/gcc/arm-none-eabi/12.3.1/thumb/v7e-m/nofp\libgcc.a(unwind-arm.o)
 .text.__gnu_Unwind_Backtrace
                0x0800deb4       0x84 c:/progra~2/armgnu~1/125863~1.3re/bin/../lib/gcc/arm-none-eabi/12.3.1/thumb/v7e-m/nofp\libgcc.a(unwind-arm.o)
                0x0800deb4                __gnu_Unwind_Backtrace
 .text.__gnu_unwind_pr_common
                0x0800df38      0x298 c:/progra~2/armgnu~1/125863~1.3re/bin/../lib/gcc/arm-none-eabi/12.3.1/thumb/v7e-m/nofp\libgcc.a(unwind-arm.o)
 .text.__aeabi_unwind_cpp_pr0
                0x0800e1d0        0x8 c:/progra~2/armgnu~1/125863~1.3re/bin/../lib/gcc/arm-none-eabi/12.3.1/thumb/v7e-m/nofp\libgcc.a(unwind-arm.o)
                0x0800e1d0                __aeabi_unwind_cpp_pr0
 .text.__aeabi_unwind_cpp_pr1
                0x0800e1d8        0x8 c:/progra~2/armgnu~1/125863~1.3re/bin/../lib/gcc/arm-none-eabi/12.3.1/thumb/v7e-m/nofp\libgcc.a(unwind-arm.o)
                0x0800e1d8                __aeabi_unwind_cpp_pr1
 .text.__aeabi_unwind_cpp_pr2
                0x0800e1e0        0x8 c:/progra~2/armgnu~1/125863~1.3re/bin/../lib/gcc/arm-none-eabi/12.3.1/thumb/v7e-m/nofp\libgcc.a(unwind-arm.o)
                0x0800e1e0                __aeabi_unwind_cpp_pr2
 .text._Unwind_VRS_Pop
                0x0800e1e8      0x2a8 c:/progra~2/armgnu~1/125863~1.3re/bin/../lib/gcc/arm-none-eabi/12.3.1/thumb/v7e-m/nofp\libgcc.a(unwind-arm.o)
                0x0800e1e8                _Unwind_VRS_Pop
 .text.next_unwind_byte
                0x0800e490       0x38 c:/progra~2/armgnu~1/125863~1.3re/bin/../lib/gcc/arm-none-eabi/12.3.1/thumb/v7e-m/nofp\libgcc.a(pr-support.o)
 .text._Unwind_GetGR.constprop.0
                0x0800e4c8       0x1c c:/progra~2/armgnu~1/125863~1.3re/bin/../lib/gcc/arm-none-eabi/12.3.1/thumb/v7e-m/nofp\libgcc.a(pr-support.o)
 .text.unwind_UCB_from_context
                0x0800e4e4        0x4 c:/progra~2/armgnu~1/125863~1.3re/bin/../lib/gcc/arm-none-eabi/12.3.1/thumb/v7e-m/nofp\libgcc.a(pr-support.o)
 .text.__gnu_unwind_execute
                0x0800e4e8      0x2d4 c:/progra~2/armgnu~1/125863~1.3re/bin/../lib/gcc/arm-none-eabi/12.3.1/thumb/v7e-m/nofp\libgcc.a(pr-support.o)
                0x0800e4e8                __gnu_unwind_execute
 .text.__gnu_unwind_frame
                0x0800e7bc       0x2c c:/progra~2/armgnu~1/125863~1.3re/bin/../lib/gcc/arm-none-eabi/12.3.1/thumb/v7e-m/nofp\libgcc.a(pr-support.o)
                0x0800e7bc                __gnu_unwind_frame
 .text._Unwind_GetRegionStart
                0x0800e7e8        0xc c:/progra~2/armgnu~1/125863~1.3re/bin/../lib/gcc/arm-none-eabi/12.3.1/thumb/v7e-m/nofp\libgcc.a(pr-support.o)
                0x0800e7e8                _Unwind_GetRegionStart
 .text._Unwind_GetLanguageSpecificData
                0x0800e7f4       0x14 c:/progra~2/armgnu~1/125863~1.3re/bin/../lib/gcc/arm-none-eabi/12.3.1/thumb/v7e-m/nofp\libgcc.a(pr-support.o)
                0x0800e7f4                _Unwind_GetLanguageSpecificData
 .text.unlikely._Unwind_GetDataRelBase
                0x0800e808        0x6 c:/progra~2/armgnu~1/125863~1.3re/bin/../lib/gcc/arm-none-eabi/12.3.1/thumb/v7e-m/nofp\libgcc.a(pr-support.o)
                0x0800e808                _Unwind_GetDataRelBase
 .text.unlikely._Unwind_GetTextRelBase
                0x0800e80e        0x6 c:/progra~2/armgnu~1/125863~1.3re/bin/../lib/gcc/arm-none-eabi/12.3.1/thumb/v7e-m/nofp\libgcc.a(pr-support.o)
                0x0800e80e                _Unwind_GetTextRelBase
 .text.abort    0x0800e814       0x10 c:/progra~2/armgnu~1/125863~1.3re/bin/../lib/gcc/arm-none-eabi/12.3.1/thumb/v7e-m/nofp\libg.a(libc_a-abort.o)
                0x0800e814                abort
 .text.atoi     0x0800e824        0x8 c:/progra~2/armgnu~1/125863~1.3re/bin/../lib/gcc/arm-none-eabi/12.3.1/thumb/v7e-m/nofp\libg.a(libc_a-atoi.o)
                0x0800e824                atoi
 .text.malloc   0x0800e82c       0x10 c:/progra~2/armgnu~1/125863~1.3re/bin/../lib/gcc/arm-none-eabi/12.3.1/thumb/v7e-m/nofp\libg.a(libc_a-malloc.o)
                0x0800e82c                malloc
 .text.free     0x0800e83c       0x10 c:/progra~2/armgnu~1/125863~1.3re/bin/../lib/gcc/arm-none-eabi/12.3.1/thumb/v7e-m/nofp\libg.a(libc_a-malloc.o)
                0x0800e83c                free
 .text._malloc_r
                0x0800e84c      0x574 c:/progra~2/armgnu~1/125863~1.3re/bin/../lib/gcc/arm-none-eabi/12.3.1/thumb/v7e-m/nofp\libg.a(libc_a-mallocr.o)
                0x0800e84c                _malloc_r
 .text.__malloc_lock
                0x0800edc0        0xc c:/progra~2/armgnu~1/125863~1.3re/bin/../lib/gcc/arm-none-eabi/12.3.1/thumb/v7e-m/nofp\libg.a(libc_a-mlock.o)
                0x0800edc0                __malloc_lock
 .text.__malloc_unlock
                0x0800edcc        0xc c:/progra~2/armgnu~1/125863~1.3re/bin/../lib/gcc/arm-none-eabi/12.3.1/thumb/v7e-m/nofp\libg.a(libc_a-mlock.o)
                0x0800edcc                __malloc_unlock
 .text.realloc  0x0800edd8       0x18 c:/progra~2/armgnu~1/125863~1.3re/bin/../lib/gcc/arm-none-eabi/12.3.1/thumb/v7e-m/nofp\libg.a(libc_a-realloc.o)
                0x0800edd8                realloc
 .text._realloc_r
                0x0800edf0      0x344 c:/progra~2/armgnu~1/125863~1.3re/bin/../lib/gcc/arm-none-eabi/12.3.1/thumb/v7e-m/nofp\libg.a(libc_a-reallocr.o)
                0x0800edf0                _realloc_r
 .text._strtol_l.constprop.0
                0x0800f134      0x138 c:/progra~2/armgnu~1/125863~1.3re/bin/../lib/gcc/arm-none-eabi/12.3.1/thumb/v7e-m/nofp\libg.a(libc_a-strtol.o)
 .text.strtol   0x0800f26c       0x18 c:/progra~2/armgnu~1/125863~1.3re/bin/../lib/gcc/arm-none-eabi/12.3.1/thumb/v7e-m/nofp\libg.a(libc_a-strtol.o)
                0x0800f26c                strtol
 .text.__cxa_atexit
                0x0800f284        0xc c:/progra~2/armgnu~1/125863~1.3re/bin/../lib/gcc/arm-none-eabi/12.3.1/thumb/v7e-m/nofp\libg.a(libc_a-cxa_atexit.o)
                0x0800f284                __cxa_atexit
 .text.stdio_exit_handler
                0x0800f290       0x18 c:/progra~2/armgnu~1/125863~1.3re/bin/../lib/gcc/arm-none-eabi/12.3.1/thumb/v7e-m/nofp\libg.a(libc_a-findfp.o)
 .text.cleanup_stdio
                0x0800f2a8       0x40 c:/progra~2/armgnu~1/125863~1.3re/bin/../lib/gcc/arm-none-eabi/12.3.1/thumb/v7e-m/nofp\libg.a(libc_a-findfp.o)
 .text.global_stdio_init.part.0
                0x0800f2e8       0xf0 c:/progra~2/armgnu~1/125863~1.3re/bin/../lib/gcc/arm-none-eabi/12.3.1/thumb/v7e-m/nofp\libg.a(libc_a-findfp.o)
 .text.__sinit  0x0800f3d8       0x3c c:/progra~2/armgnu~1/125863~1.3re/bin/../lib/gcc/arm-none-eabi/12.3.1/thumb/v7e-m/nofp\libg.a(libc_a-findfp.o)
                0x0800f3d8                __sinit
 .text.__sfp_lock_acquire
                0x0800f414        0xc c:/progra~2/armgnu~1/125863~1.3re/bin/../lib/gcc/arm-none-eabi/12.3.1/thumb/v7e-m/nofp\libg.a(libc_a-findfp.o)
                0x0800f414                __sfp_lock_acquire
 .text.__sfp_lock_release
                0x0800f420        0xc c:/progra~2/armgnu~1/125863~1.3re/bin/../lib/gcc/arm-none-eabi/12.3.1/thumb/v7e-m/nofp\libg.a(libc_a-findfp.o)
                0x0800f420                __sfp_lock_release
 .text.fputc    0x0800f42c       0x58 c:/progra~2/armgnu~1/125863~1.3re/bin/../lib/gcc/arm-none-eabi/12.3.1/thumb/v7e-m/nofp\libg.a(libc_a-fputc.o)
                0x0800f42c                fputc
 .text._fputs_r
                0x0800f484       0x80 c:/progra~2/armgnu~1/125863~1.3re/bin/../lib/gcc/arm-none-eabi/12.3.1/thumb/v7e-m/nofp\libg.a(libc_a-fputs.o)
                0x0800f484                _fputs_r
 .text.fputs    0x0800f504       0x18 c:/progra~2/armgnu~1/125863~1.3re/bin/../lib/gcc/arm-none-eabi/12.3.1/thumb/v7e-m/nofp\libg.a(libc_a-fputs.o)
                0x0800f504                fputs
 .text.__sfvwrite_r
                0x0800f51c      0x2f8 c:/progra~2/armgnu~1/125863~1.3re/bin/../lib/gcc/arm-none-eabi/12.3.1/thumb/v7e-m/nofp\libg.a(libc_a-fvwrite.o)
                0x0800f51c                __sfvwrite_r
 .text._fwalk_sglue
                0x0800f814       0x48 c:/progra~2/armgnu~1/125863~1.3re/bin/../lib/gcc/arm-none-eabi/12.3.1/thumb/v7e-m/nofp\libg.a(libc_a-fwalk.o)
                0x0800f814                _fwalk_sglue
 .text._fwrite_r
                0x0800f85c       0xa0 c:/progra~2/armgnu~1/125863~1.3re/bin/../lib/gcc/arm-none-eabi/12.3.1/thumb/v7e-m/nofp\libg.a(libc_a-fwrite.o)
                0x0800f85c                _fwrite_r
 .text.fwrite   0x0800f8fc       0x20 c:/progra~2/armgnu~1/125863~1.3re/bin/../lib/gcc/arm-none-eabi/12.3.1/thumb/v7e-m/nofp\libg.a(libc_a-fwrite.o)
                0x0800f8fc                fwrite
 .text._putc_r  0x0800f91c       0x78 c:/progra~2/armgnu~1/125863~1.3re/bin/../lib/gcc/arm-none-eabi/12.3.1/thumb/v7e-m/nofp\libg.a(libc_a-putc.o)
                0x0800f91c                _putc_r
 .text.sprintf  0x0800f994       0x40 c:/progra~2/armgnu~1/125863~1.3re/bin/../lib/gcc/arm-none-eabi/12.3.1/thumb/v7e-m/nofp\libg.a(libc_a-sprintf.o)
                0x0800f994                sprintf
 .text.__sread  0x0800f9d4       0x24 c:/progra~2/armgnu~1/125863~1.3re/bin/../lib/gcc/arm-none-eabi/12.3.1/thumb/v7e-m/nofp\libg.a(libc_a-stdio.o)
                0x0800f9d4                __sread
 .text.__swrite
                0x0800f9f8       0x40 c:/progra~2/armgnu~1/125863~1.3re/bin/../lib/gcc/arm-none-eabi/12.3.1/thumb/v7e-m/nofp\libg.a(libc_a-stdio.o)
                0x0800f9f8                __swrite
 .text.__sseek  0x0800fa38       0x24 c:/progra~2/armgnu~1/125863~1.3re/bin/../lib/gcc/arm-none-eabi/12.3.1/thumb/v7e-m/nofp\libg.a(libc_a-stdio.o)
                0x0800fa38                __sseek
 .text.__sclose
                0x0800fa5c        0x8 c:/progra~2/armgnu~1/125863~1.3re/bin/../lib/gcc/arm-none-eabi/12.3.1/thumb/v7e-m/nofp\libg.a(libc_a-stdio.o)
                0x0800fa5c                __sclose
 .text.__swbuf_r
                0x0800fa64       0xac c:/progra~2/armgnu~1/125863~1.3re/bin/../lib/gcc/arm-none-eabi/12.3.1/thumb/v7e-m/nofp\libg.a(libc_a-wbuf.o)
                0x0800fa64                __swbuf_r
 .text.__swsetup_r
                0x0800fb10       0xc0 c:/progra~2/armgnu~1/125863~1.3re/bin/../lib/gcc/arm-none-eabi/12.3.1/thumb/v7e-m/nofp\libg.a(libc_a-wsetup.o)
                0x0800fb10                __swsetup_r
 .text.memcmp   0x0800fbd0       0x60 c:/progra~2/armgnu~1/125863~1.3re/bin/../lib/gcc/arm-none-eabi/12.3.1/thumb/v7e-m/nofp\libg.a(libc_a-memcmp.o)
                0x0800fbd0                memcmp
 .text.memmove  0x0800fc30      0x100 c:/progra~2/armgnu~1/125863~1.3re/bin/../lib/gcc/arm-none-eabi/12.3.1/thumb/v7e-m/nofp\libg.a(libc_a-memmove.o)
                0x0800fc30                memmove
 .text.memset   0x0800fd30       0xa4 c:/progra~2/armgnu~1/125863~1.3re/bin/../lib/gcc/arm-none-eabi/12.3.1/thumb/v7e-m/nofp\libg.a(libc_a-memset.o)
                0x0800fd30                memset
 .text.strncmp  0x0800fdd4       0x84 c:/progra~2/armgnu~1/125863~1.3re/bin/../lib/gcc/arm-none-eabi/12.3.1/thumb/v7e-m/nofp\libg.a(libc_a-strncmp.o)
                0x0800fdd4                strncmp
 .text.raise    0x0800fe58       0x58 c:/progra~2/armgnu~1/125863~1.3re/bin/../lib/gcc/arm-none-eabi/12.3.1/thumb/v7e-m/nofp\libg.a(libc_a-signal.o)
                0x0800fe58                raise
 .text._close_r
                0x0800feb0       0x24 c:/progra~2/armgnu~1/125863~1.3re/bin/../lib/gcc/arm-none-eabi/12.3.1/thumb/v7e-m/nofp\libg.a(libc_a-closer.o)
                0x0800feb0                _close_r
 .text._lseek_r
                0x0800fed4       0x2c c:/progra~2/armgnu~1/125863~1.3re/bin/../lib/gcc/arm-none-eabi/12.3.1/thumb/v7e-m/nofp\libg.a(libc_a-lseekr.o)
                0x0800fed4                _lseek_r